03-01 01:40:47.212  3799  3872 D DisplayModeDirector: setAppRequest displayId : 0  modeId: 3  requestedRefreshRate: 0.0  requestedMinRefreshRateRange: 0.0  requestedMaxRefreshRateRange: 90.0
03-01 01:40:47.212  3799  3871 D DisplayManagerServiceExtImpl: scheduleTraversalLocked intraversal=false
03-01 01:40:47.212  3799  3871 D DisplayManagerService: MSG_REQUEST_TRAVERSAL pendingCompleted=false
03-01 01:40:47.213  3799  3872 D DisplayManagerService: performTraversalInternal pendingTraversal
03-01 01:40:47.213  3799  3872 D DisplayDevice: setLayerStackLocked id=local:4630946652107814787 token=android.os.BinderProxy@e4e952b stack=0->0
03-01 01:40:47.216  3799  3956 D LocalDisplayAdapter: setDesiredDisplayModeSpecsAsync: display unique id = local:4630946652107814787, display mode specs = defaultMode=2 allowGroupSwitching=false primaryRanges=physical: (0.0 120.0) render:  (0.0 90.0) appRequestRanges=physical: (0.0 120.0) render:  (0.0 90.0) idleScreenRefreshRate=null
03-01 01:40:47.218  3799  4914 I MR2ServiceImpl: Updating composite discovery preference | preference: RouteDiscoveryRequest{ preferredFeatures={}, activeScan=false }, active routers: []
03-01 01:40:47.220  3799  3951 D OplusFeatureDMR[display=0]: onConfigChanged threadId=70 threadName=OplusDisplayWorkHandler physicalDisplayId=4630946652107814787 modeId=0  
03-01 01:40:47.238  3799  5784 D OplusBatteryServiceFeature: setSmartCoolDown: coolDown = 7, normalCoolDown = 7, pkgName = com.skidorider
03-01 01:40:47.239  3799  5129 D CommSceneService: notify screen off changed state=0
03-01 01:40:47.239  3799  5129 E CommSceneService: modem stationary state=0 not update, cancel notify!
03-01 01:40:47.245  3799  4724 W OplusStorageManagerFeature: mScreenReceiver action:android.intent.action.SCREEN_ON
03-01 01:40:47.246  3799  4724 W OplusStorageManagerFeature: turn screenOn, maintPrepared:false
03-01 01:40:47.246  3799  5121 D FlexibleTaskController: check task which not have enough child, isInSingleWhiteList:false isCloneTask:false
03-01 01:40:47.247  3799  3951 D OplusFeatureDMR[display=0]: onConfigChanged threadId=70 threadName=OplusDisplayWorkHandler physicalDisplayId=4630946652107814787 modeId=2  
03-01 01:40:47.247  3799  3871 I DisplayDeviceRepository: Display device changed render timings: "Built-in Screen", renderFrameRate=90.0, presentationDeadlineNanos=14111110, appVsyncOffsetNanos=6555557, frameRateOverrides=[]
03-01 01:40:47.247  3799  3871 D LogicalDisplayExt: set displayInfo flag FLAG_ROTATES_WITH_CONTENT
03-01 01:40:47.247  3799  3871 D DisplayManagerService: Delivering display event: displayId=0, event=EVENT_DISPLAY_REFRESH_RATE_CHANGED
03-01 01:40:47.248  3799  4724 W OplusStorageManagerFeature: sendToTarget over,paramStr:0
03-01 01:40:47.248  3799  4724 W OplusStorageManagerFeature: Ready to deal actionParam:0
03-01 01:40:47.248  3799  3869 D WindowManager: DeferredDisplayUpdater: partially applying DisplayInfo(1264 x 2780) immediately
03-01 01:40:47.252  3799  3869 D OplusVFXScreenEffectFeature: notifySFCompatWindowStateChange entered false
03-01 01:40:47.252  3799  3869 D FSS_FoldScreenBlackCoverController: displayChangeToOn, dc:Display{#0 state=ON size=1264x2780 ROTATION_0}
03-01 01:40:47.254  3799  5129 D OSysNetControlService: handle comm scene=1001 state=0 phoneId=-1
03-01 01:40:47.254  1205 32636 D vold    : [storage]aborting idle start
03-01 01:40:47.254  1205 32636 D vold    : [storage]idle maintenance stopped
03-01 01:40:47.255  3799  5121 I GameManagerServiceExt-GameManagerTopState: check top result: RunningState{zoomPkg='', topPkg='com.skidorider', pid= 25217, isColdStart=false, isSplit=false, isTVListen=false, mTaskId=324}
03-01 01:40:47.255  3799  5121 I GameManagerServiceExt-GameManagerServiceExt: top change IS NOT GAME [com.android.launcher]-[com.skidorider]
03-01 01:40:47.258  3799  3799 D LightsServiceExtImpl: currentTime is not belong to 700 - 2330
03-01 01:40:47.258  3799  3951 D OplusDisplayBrightnessBroadcastReceiver: onReceive action = android.intent.action.TIME_TICK , listeners = [com.android.server.display.color.eyeprotect.manager.AiCurveManager$RhythmBroadcastReceiverWithUpgradeUI@6be22e7]
03-01 01:40:47.259  3799  3951 D OplusFeatureColorMode: +updateUserPresent
03-01 01:40:47.259  3799  3951 D OplusDisplayBrightnessBroadcastReceiver: onReceive action = android.intent.action.USER_PRESENT , listeners = [com.android.server.display.color.OplusFeatureColorMode$UserSwitchedReceiver@a496ca5]
03-01 01:40:47.294  3799  5533 D CommonDcsUploader: notifyMsgToCommonDcs, logTag: 20120fingerprint_auth_dcsmsg
03-01 01:40:47.297  3799  3956 D VRR [OPlusRefreshRateService]: handleConfigIdChange physicalDisplayId: 4630946652107814787 configId: 2 renderPeriod: 11111111
03-01 01:40:47.297  3799  3956 D VRR [OPlusGameStatusManager]: updateGameState mOSyncFeatureSwitch: false mIsGamePolicy: false
03-01 01:40:47.297  3799  3956 D VRR [OPlusGameStatusManager]: updateGameAccelerationStatus pkgName: com.skidorider mOSyncFeatureSwitch: false mIsGamePolicy: false mHeartStop: false mHasFlickerRisk: false mForceAcceleration: false mToastReady: false enable: false
03-01 01:40:47.297  3799  3956 D VRR [OPlusExternalRefreshRateManager]:  Display refreshrate :90 , Switch to OTI-HW 
03-01 01:40:47.303  3799  5533 E AppOps  : attributionTag  not declared in manifest of com.android.systemui
03-01 01:40:47.303  3799  5901 E AppOps  : attributionTag  not declared in manifest of com.android.systemui
03-01 01:40:47.335  3799  5533 D CommonDcsUploader: notifyMsgToCommonDcs, logTag: 20120fingerprint_auth_time_dcsmsg
03-01 01:40:47.348  3799  3956 D VRR [OPlusSAManager]: updateAutoMinfps for 4630946652107814787 with nits: 128.596, mHistOK true, mAmbientOK true, mCctOK true, mIrOK true, mBrightnessOK true, isPkgOK true, SA min fps: 0
03-01 01:40:47.362  3799  5533 V WindowManager: Relayout Window{8e45b3e u0 OnScreenFingerprintIcon}: viewVisibility=8, oldvis=0, req=1264x1264 , apr = 0, vsysui=
03-01 01:40:47.372  3799  5533 I WindowManager: Window{8e45b3e u0 OnScreenFingerprintIcon} state from HAS_DRAWN to NO_SURFACE; reason: destroySurface
03-01 01:40:47.374  3799  5533 D WindowManager: NFW_findFocusedWindowIfNeeded:Window{131c990 u0 com.skidorider/com.skidorider.MainActivity} mCurrentFocus:Window{131c990 u0 com.skidorider/com.skidorider.MainActivity}
03-01 01:40:47.392  3799  3885 W QosScheduler: executeSceneQosStrategy failed! qos feature no enable
03-01 01:40:47.428  3799  5939 V WindowManager: Relayout Window{a076969 u0 OnScreenFingerprintPressedIcon}: viewVisibility=8, oldvis=0, req=195x195 , apr = 0, vsysui=
03-01 01:40:47.430  3799  5939 I WindowManager: Window{a076969 u0 OnScreenFingerprintPressedIcon} state from HAS_DRAWN to NO_SURFACE; reason: destroySurface
03-01 01:40:47.432  3799  5939 D VRR [OPlusRefreshRatePolicy]: setRefreshRatePolicy policy=POLICY_FOD, refreshRate=90, statusOn=false
03-01 01:40:47.432  3799  5939 D VRR [OPlusRefreshRatePolicy]: setRefreshRatePolicy policy=POLICY_SYSTEM, refreshRate=90, statusOn=true
03-01 01:40:47.433  3799  5939 D WindowManager: NFW_findFocusedWindowIfNeeded:Window{131c990 u0 com.skidorider/com.skidorider.MainActivity} mCurrentFocus:Window{131c990 u0 com.skidorider/com.skidorider.MainActivity}
03-01 01:40:47.434  3799  3871 D DisplayManagerServiceExtImpl: scheduleTraversalLocked intraversal=false
03-01 01:40:47.434  3799  3871 D DisplayManagerService: MSG_REQUEST_TRAVERSAL pendingCompleted=false
03-01 01:40:47.436  3799  3872 D DisplayManagerService: performTraversalInternal pendingTraversal
03-01 01:40:47.436  3799  3872 D DisplayDevice: setLayerStackLocked id=local:4630946652107814787 token=android.os.BinderProxy@e4e952b stack=0->0
03-01 01:40:47.436  3799  3956 D VRR [OPlusRefreshRateService]: handlePolicyChange policy: 1
03-01 01:40:47.437  3799  3956 D LocalDisplayAdapter: setDesiredDisplayModeSpecsAsync: display unique id = local:4630946652107814787, display mode specs = defaultMode=2 allowGroupSwitching=false primaryRanges=physical: (0.0 120.0) render:  (0.0 90.0) appRequestRanges=physical: (0.0 120.0) render:  (0.0 90.0) idleScreenRefreshRate=null
03-01 01:40:47.438  3799  3956 D VRR [OPlusExternalRefreshRateManager]:  [OTI] handleTouchIdlePauseState: Force
03-01 01:40:47.498  3799  5939 D FaceProvider/default: Starting watchdog for face
03-01 01:40:47.498  3799  5939 E BiometricScheduler: Current operation is null,no need to start watchdog
03-01 01:40:47.502  3799  4545 D osense.compress: com.myairtelapp do shrink, target ratio = 82, final ratio = 90, cur ratio = 75
03-01 01:40:47.520  2034  2072 E NetlinkEvent: NetlinkEvent::FindParam(): Parameter 'INTERFACE' not found
03-01 01:40:47.520  2034  2072 E NetlinkEvent: NetlinkEvent::FindParam(): Parameter 'STATE' not found
03-01 01:40:47.520  2034  2072 E NetlinkEvent: NetlinkEvent::FindParam(): Parameter 'TIME_NS' not found
03-01 01:40:47.520  2034  2072 E NetlinkEvent: NetlinkEvent::FindParam(): Parameter 'UID' not found
03-01 01:40:47.567  3799  4836 V NetworkPolicy: updateNetworkEnabledNL() return
03-01 01:40:47.567  3799  4836 V NetworkPolicy: updateNotificationsNL not process
03-01 01:40:47.572  3799  4969 D NotificationService--OplusNotificationFixHelper: fixAppIcon: pkg=android
03-01 01:40:47.572  3799  4969 D NotificationService--OplusNotificationFixHelper: fixAppIcon: appIcon = null, pkg = android
03-01 01:40:47.573  3799  4969 I OplusStatusBarManagerServiceEnhance:  getTopIsFullscreen mTopIsFullscreen: false
03-01 01:40:47.574  3799  3799 D NotificationService--OplusNotificationManagerServiceExtImpl: isForwardToAssistants: false, case : Is in mMcsNotInterceptPkgList or is isSystemApp
03-01 01:40:47.574  3799  3799 D NotificationService: This application enqueue notifications is not need postDelayed
03-01 01:40:47.587  3799  3956 D VRR [OPlusSAManager]: updateAutoMinfps for 4630946652107814787 with nits: 128.596, mHistOK true, mAmbientOK true, mCctOK true, mIrOK true, mBrightnessOK true, isPkgOK true, SA min fps: 89
03-01 01:40:47.638  3799  3885 I UserAwareMgr: fg app status not changed, beforeVisible: true, currentVisible: true
03-01 01:40:48.011  3799  3871 D OplusFloorRefreshRateController: onSeedlingCardStateChange state=1
03-01 01:40:48.088  3799  3956 D VRR [OPlusSAManager]: updateAutoMinfps for 4630946652107814787 with nits: 128.596, mHistOK true, mAmbientOK true, mCctOK true, mIrOK true, mBrightnessOK true, isPkgOK true, SA min fps: 89
03-01 01:40:48.366  2034  2072 E NetlinkEvent: NetlinkEvent::FindParam(): Parameter 'INTERFACE' not found
03-01 01:40:48.366  2034  2072 E NetlinkEvent: NetlinkEvent::FindParam(): Parameter 'STATE' not found
03-01 01:40:48.366  2034  2072 E NetlinkEvent: NetlinkEvent::FindParam(): Parameter 'TIME_NS' not found
03-01 01:40:48.366  2034  2072 E NetlinkEvent: NetlinkEvent::FindParam(): Parameter 'UID' not found
03-01 01:40:48.585  3799  3947 D AidlDisplayPanelFeature: getDisplayPanelInfo +++, featureID:251
03-01 01:40:48.587  3799  3947 E AidlDisplayPanelFeature: PendingResultTimeout getDisplayPanelInfo, ret = -1
03-01 01:40:48.587  3799  3947 D AidlDisplayPanelFeature: getDisplayPanelInfo ---, result = []
03-01 01:40:48.587  3799  3947 W OplusScreenTimeEvent: can't get backlight time
03-01 01:40:49.112  3799  4676 V AlarmManager: sending alarm Alarm{393b981 type 1 origWhen 1772309449112 whenElapsed 176779058 android} uid 1000 whenElapsed 176779058 windowLength 0 maxWhenElapsed 176779058 repeatInterval 0 action null component null tag StorgaeBandInfoAlarmTag flags 0x9 procName system_server
03-01 01:40:49.207  2034  2072 E NetlinkEvent: NetlinkEvent::FindParam(): Parameter 'INTERFACE' not found
03-01 01:40:49.207  2034  2072 E NetlinkEvent: NetlinkEvent::FindParam(): Parameter 'STATE' not found
03-01 01:40:49.207  2034  2072 E NetlinkEvent: NetlinkEvent::FindParam(): Parameter 'TIME_NS' not found
03-01 01:40:49.207  2034  2072 E NetlinkEvent: NetlinkEvent::FindParam(): Parameter 'UID' not found
03-01 01:40:49.837  3799  3956 D VRR [OPlusGameStatusManager]: handleMessage: 7004
03-01 01:40:49.837  3799  3956 D VRR [OPlusGameStatusManager]: handleBrightnessDone
03-01 01:40:50.089  3799  3956 D VRR [OPlusExternalRefreshRateManager]: notifyDisableOtiMode: false
03-01 01:40:50.090  3799  3956 D VRR [OPlusSurfaceFlingerController]:  setTouchIdleShouldPause : false
03-01 01:40:50.147  3799  3885 I UserAwareMgr: handleAppChangedToBg, pkgName: com.android.systemui, pid: 5371
03-01 01:40:50.158  3799  3885 I UserAwareMgr: handleAppChangedToBg, pkgName: com.android.systemui, pid: 5371
03-01 01:40:50.158  3799  3885 W UserAwareMgr: app not not found or not visible: {pkgName='com.android.systemui', serviceName='', procName=com.android.systemui, pid=5371, uid=10234, appId=0, owner='systemui', flags='bg|system_app', renderTid=5705, hwuiTids=[5693, 5694], glTids=null, threadInfos={VolumeDialogControllerImpl={threadName='VolumeDialogControllerImpl', tid=5891, reporterPid=5371, currentThreadCount=1, maxThreadCount=1, extendTids=null}, ll.splashscreen={threadName='ll.splashscreen', tid=5432, reporterPid=3799, currentThreadCount=1, maxThreadCount=16, extendTids=null}, KeyguardWorkerThread={threadName='KeyguardWorkerThread', tid=5484, reporterPid=5371, currentThreadCount=1, maxThreadCount=1, extendTids=null}, OnScreenFingerprint WorkerThread={threadName='OnScreenFingerprint WorkerThread', tid=6049, reporterPid=5371, currentThreadCount=1, maxThreadCount=1, extendTids=null}, SysUiTileBg={threadName='SysUiTileBg', tid=6237, reporterPid=5371, currentThreadCount=1, maxThreadCount=1, extendTids=null}, ImageWallpaper={threadName='ImageWallpaper', tid=6146, reporterPid=5371, currentThreadCount=1, maxThreadCount=1, extendTids=null}, KgdAnimThread={threadName='KgdAnimThread', tid=5485, reporterPid=5371, currentThreadCount=1, maxThreadCount=1, extendTids=null}, GestureUI={threadName='GestureUI', tid=5692, reporterPid=5371, currentThreadCount=1, maxThreadCount=1, extendTids=null}, SysUiLng={threadName='SysUiLng', tid=6137, reporterPid=5371, currentThreadCount=1, maxThreadCount=1, extendTids=null}, SysUiQsBg={threadName='SysUiQsBg', tid=5620, reporterPid=5371, currentThreadCount=1, maxThreadCount=1, extendTids=null}, wmshell.main={threadName='wmshell.main', tid=5405, reporterPid=5371, currentThreadCount=1, maxThreadCount=1, extendTids=null}, ll.splashworker={threadName='ll.splashworker', tid=5434, reporterPid=3799, currentThreadCount=1, maxThreadCount=16, extendTids=null}, wmshell.anim={threadName='wmshell.anim', tid=5417, reporterPid=3799, currentThreadCount=1, maxThreadCount=16, extendTids=null}, OnScreenFingerprint OpticalUIUpdateThread={threadName='OnScreenFingerprint OpticalUIUpdateThread', tid=6050, reporterPid=5371, currentThreadCount=1, maxThreadCount=1, extendTids=null}}, mVideoActivityList=[], mStates=0}
03-01 01:40:50.158  3799  3885 W UserAwareMgr: handleAppChangedToBg process is empty
03-01 01:40:50.614  3799  4969 D NotificationService--OplusNotificationFixHelper: fixAppIcon: pkg=android
03-01 01:40:50.614  3799  4969 D NotificationService--OplusNotificationFixHelper: fixAppIcon: appIcon = null, pkg = android
03-01 01:40:50.614  3799  4969 I OplusStatusBarManagerServiceEnhance:  getTopIsFullscreen mTopIsFullscreen: false
03-01 01:40:50.615  3799  3799 D NotificationService--OplusNotificationManagerServiceExtImpl: isForwardToAssistants: false, case : Is in mMcsNotInterceptPkgList or is isSystemApp
03-01 01:40:50.615  3799  3799 D NotificationService: This application enqueue notifications is not need postDelayed
03-01 01:40:51.117  3799  4676 V AlarmManager: sending alarm Alarm{86e7675 type 1 origWhen 1772309451117 whenElapsed 176781063 android} uid 1000 whenElapsed 176781063 windowLength 0 maxWhenElapsed 176781063 repeatInterval 0 action null component null tag StorgaeBandInfoAlarmTag flags 0x9 procName system_server
03-01 01:40:51.289  3799  4545 D osense.compress: com.rupicard.score do shrink, target ratio = 45, final ratio = 90, cur ratio = 0
03-01 01:40:51.477  3799  4545 D osense.compress: com.truecaller do shrink, target ratio = 62, final ratio = 70, cur ratio = 55
03-01 01:40:51.605  3799  4959 D JobSchedulerServiceExtImpl: updateOsenseRestrictMode for 7 false false
03-01 01:40:52.055  3799  4676 V AlarmManager: sending alarm Alarm{b5e1757 type 3 origWhen 176782000 whenElapsed 176782000 android} uid 1000 whenElapsed 176782000 windowLength 0 maxWhenElapsed 176782000 repeatInterval 0 action null component null tag StatsCompanionService.periodic flags 0x9 procName system_server
03-01 01:40:52.392  3799  3885 I QosScheduler[QoSPolicy]: setSceneQoS begin:false sceneId:5
03-01 01:40:52.549  3799  4545 D osense.compress: in.swiggy.android do shrink, target ratio = 77, final ratio = 90, cur ratio = 64
03-01 01:40:52.740  3799  4545 D osense.compress: com.google.android.gms do shrink, target ratio = 40, final ratio = 40, cur ratio = 37
03-01 01:40:53.046  5684  6484 W ContextImpl: Calling a method in the system process without a qualified user: android.app.ContextImpl.sendBroadcast:1296 android.content.ContextWrapper.sendBroadcast:521 com.oplus.coex.CoexRfService.sendRrcStatusToWlan:437 com.oplus.coex.CoexRfService.-$$Nest$msendRrcStatusToWlan:0 com.oplus.coex.CoexRfService$CoexRfHandler.handleMessage:327 
03-01 01:40:53.124  3799  4676 V AlarmManager: sending alarm Alarm{c480c61 type 1 origWhen 1772309453123 whenElapsed 176783070 android} uid 1000 whenElapsed 176783070 windowLength 0 maxWhenElapsed 176783070 repeatInterval 0 action null component null tag StorgaeBandInfoAlarmTag flags 0x9 procName system_server
03-01 01:40:53.284  3799  4545 D osense.compress: com.google.android.inputmethod.latin do shrink, target ratio = 76, final ratio = 90, cur ratio = 62
03-01 01:40:53.781  3799  4836 V NetworkPolicy: updateNetworkEnabledNL() return
03-01 01:40:53.781  3799  4836 V NetworkPolicy: updateNotificationsNL not process
03-01 01:40:53.786  3799  4969 D NotificationService--OplusNotificationFixHelper: fixAppIcon: pkg=android
03-01 01:40:53.786  3799  4969 D NotificationService--OplusNotificationFixHelper: fixAppIcon: appIcon = null, pkg = android
03-01 01:40:53.787  3799  4969 I OplusStatusBarManagerServiceEnhance:  getTopIsFullscreen mTopIsFullscreen: false
03-01 01:40:53.787  3799  3799 D NotificationService--OplusNotificationManagerServiceExtImpl: isForwardToAssistants: false, case : Is in mMcsNotInterceptPkgList or is isSystemApp
03-01 01:40:53.787  3799  3799 D NotificationService: This application enqueue notifications is not need postDelayed
03-01 01:40:54.002  3799  4545 D osense.compress: money.super.payments do shrink, target ratio = 77, final ratio = 90, cur ratio = 64
03-01 01:40:54.569  3799  4545 D osense.compress: com.google.android.googlequicksearchbox do shrink, target ratio = 76, final ratio = 90, cur ratio = 63
03-01 01:40:55.132  3799  4676 V AlarmManager: sending alarm Alarm{ed892a4 type 1 origWhen 1772309455131 whenElapsed 176785078 android} uid 1000 whenElapsed 176785078 windowLength 0 maxWhenElapsed 176785078 repeatInterval 0 action null component null tag StorgaeBandInfoAlarmTag flags 0x9 procName system_server
03-01 01:40:56.053  5684  6484 W ContextImpl: Calling a method in the system process without a qualified user: android.app.ContextImpl.sendBroadcast:1296 android.content.ContextWrapper.sendBroadcast:521 com.oplus.coex.CoexRfService.sendRrcStatusToWlan:437 com.oplus.coex.CoexRfService.-$$Nest$msendRrcStatusToWlan:0 com.oplus.coex.CoexRfService$CoexRfHandler.handleMessage:327 
03-01 01:40:56.468  3799  4545 D osense.compress: com.vlv.aravali do shrink, target ratio = 81, final ratio = 90, cur ratio = 72
03-01 01:40:56.869  3799  4836 V NetworkPolicy: updateNetworkEnabledNL() return
03-01 01:40:56.870  3799  4836 V NetworkPolicy: updateNotificationsNL not process
03-01 01:40:56.877  3799  4969 D NotificationService--OplusNotificationFixHelper: fixAppIcon: pkg=android
03-01 01:40:56.877  3799  4969 D NotificationService--OplusNotificationFixHelper: fixAppIcon: appIcon = null, pkg = android
03-01 01:40:56.877  3799  4969 I OplusStatusBarManagerServiceEnhance:  getTopIsFullscreen mTopIsFullscreen: false
03-01 01:40:56.878  3799  3799 D NotificationService--OplusNotificationManagerServiceExtImpl: isForwardToAssistants: false, case : Is in mMcsNotInterceptPkgList or is isSystemApp
03-01 01:40:56.878  3799  3799 D NotificationService: This application enqueue notifications is not need postDelayed
03-01 01:40:57.031  1437 32568 I keystore2: system/security/keystore2/watchdog/src/lib.rs:377 - Watchdog thread idle -> terminating. Have a great day.
03-01 01:40:57.145  3799  4676 V AlarmManager: sending alarm Alarm{ab45007 type 1 origWhen 1772309457144 whenElapsed 176787091 android} uid 1000 whenElapsed 176787091 windowLength 0 maxWhenElapsed 176787091 repeatInterval 0 action null component null tag StorgaeBandInfoAlarmTag flags 0x9 procName system_server
03-01 01:40:59.014  3799  4545 D osense.compress: com.flipkart.android do shrink, target ratio = 85, final ratio = 90, cur ratio = 80
03-01 01:40:59.156  3799  4676 V AlarmManager: sending alarm Alarm{6b0e0d2 type 1 origWhen 1772309459154 whenElapsed 176789101 android} uid 1000 whenElapsed 176789101 windowLength 0 maxWhenElapsed 176789101 repeatInterval 0 action null component null tag StorgaeBandInfoAlarmTag flags 0x9 procName system_server
03-01 01:40:59.498  3799  4545 D osense.compress: com.studyiq.android do shrink, target ratio = 45, final ratio = 90, cur ratio = 0
03-01 01:40:59.929  3799  4969 D NotificationService--OplusNotificationFixHelper: fixAppIcon: pkg=android
03-01 01:40:59.929  3799  4969 D NotificationService--OplusNotificationFixHelper: fixAppIcon: appIcon = null, pkg = android
03-01 01:40:59.930  3799  4969 I OplusStatusBarManagerServiceEnhance:  getTopIsFullscreen mTopIsFullscreen: false
03-01 01:40:59.931  3799  3799 D NotificationService--OplusNotificationManagerServiceExtImpl: isForwardToAssistants: false, case : Is in mMcsNotInterceptPkgList or is isSystemApp
03-01 01:40:59.931  3799  3799 D NotificationService: This application enqueue notifications is not need postDelayed
03-01 01:41:00.001  3799  4676 V AlarmManager: sending alarm Alarm{d07e3b8 type 3 origWhen 176789946 whenElapsed 176789946 android} uid 1000 whenElapsed 176789946 windowLength 0 maxWhenElapsed 176789946 repeatInterval 0 action null component null tag TIME_TICK flags 0x9 procName system_server
03-01 01:41:00.031  3799  3799 D LightsServiceExtImpl: currentTime is not belong to 700 - 2330
03-01 01:41:00.034  3799  3951 D OplusDisplayBrightnessBroadcastReceiver: onReceive action = android.intent.action.TIME_TICK , listeners = [com.android.server.display.color.eyeprotect.manager.AiCurveManager$RhythmBroadcastReceiverWithUpgradeUI@6be22e7]
03-01 01:41:01.152  3799  5727 D OplusProxyWakeLock: check proxy  [ 10344] owner wakelock failed, reason:WORKCHAIN
03-01 01:41:01.171  3799  4676 V AlarmManager: sending alarm Alarm{96a501 type 1 origWhen 1772309461171 whenElapsed 176791118 android} uid 1000 whenElapsed 176791118 windowLength 0 maxWhenElapsed 176791118 repeatInterval 0 action null component null tag StorgaeBandInfoAlarmTag flags 0x9 procName system_server
03-01 01:41:01.278  3799  5901 D ShortcutService: rescanPackageIfNeeded 0@com.whatsapp, forceRescan=false , isNewApp=false
03-01 01:41:01.284  3799  5901 D NotificationService--OplusNotificationFixHelper: fixAppIcon: pkg=com.whatsapp
03-01 01:41:01.284  3799  5901 D NotificationService--OplusNotificationFixHelper: fixAppIcon: appIcon = null, pkg = com.whatsapp
03-01 01:41:01.287  3799  5901 D ShortcutService: Getting shortcuts for launcher= androiduserId=0 pkg=com.whatsapp
03-01 01:41:01.287  3799  5901 I OplusStatusBarManagerServiceEnhance:  getTopIsFullscreen mTopIsFullscreen: false
03-01 01:41:01.287  3799  5901 W ActivityManager: Permission Denial: getTopApplicationInfo from pid=23885, uid=10344 requires oplus.permission.OPLUS_COMPONENT_SAFE
03-01 01:41:01.288  3799  5901 D ShortcutService: rescanPackageIfNeeded 0@com.whatsapp, forceRescan=false , isNewApp=false
03-01 01:41:01.289  3799  3799 D NotificationService--OplusNotificationManagerServiceExtImpl: isForwardToAssistants: true, case : Is local notification
03-01 01:41:01.289  3799  3799 D NotificationService: This application enqueue notifications is need postDelayed mcsAssistantDelayTime: 200
03-01 01:41:01.294  3799  5930 D NotificationService--OplusNotificationFixHelper: fixAppIcon: pkg=com.whatsapp
03-01 01:41:01.294  3799  5930 D NotificationService--OplusNotificationFixHelper: fixAppIcon: appIcon = null, pkg = com.whatsapp
03-01 01:41:01.296  3799  5930 D ShortcutService: Getting shortcuts for launcher= androiduserId=0 pkg=com.whatsapp
03-01 01:41:01.296  3799  5930 I OplusStatusBarManagerServiceEnhance:  getTopIsFullscreen mTopIsFullscreen: false
03-01 01:41:01.296  3799  5930 W ActivityManager: Permission Denial: getTopApplicationInfo from pid=23885, uid=10344 requires oplus.permission.OPLUS_COMPONENT_SAFE
03-01 01:41:01.297  3799  3799 D NotificationService--OplusNotificationManagerServiceExtImpl: isForwardToAssistants: true, case : Is local notification
03-01 01:41:01.298  3799  3799 D NotificationService: This application enqueue notifications is need postDelayed mcsAssistantDelayTime: 200
03-01 01:41:01.458  3799  4545 D osense.compress: com.linkedin.android do shrink, target ratio = 78, final ratio = 90, cur ratio = 67
03-01 01:41:01.520  3799  4545 D osense.compress: com.google.android.apps.youtube.music do shrink, target ratio = 45, final ratio = 90, cur ratio = 0
03-01 01:41:01.711  3799  5930 W ProcessStats: Tracking association SourceState{87731ed com.google.android.gms/10124 BFgs #442112} whose proc state 4 is better than process ProcessState{8b85849 com.android.vending/10127 pkg=com.android.vending} proc state 14 (74 skipped)
03-01 01:41:01.746  3799  5901 W SettingsStatsUtil: Can not parse value to float: +network
03-01 01:41:01.752  3799  5901 W SettingsStatsUtil: Can not parse value to float: +network
03-01 01:41:02.237  3799  5901 D ActivityManager: Async freezing 9493 com.google.android.gms
03-01 01:41:02.242  3799  5901 D ActivityManager: Async freezing 4462 com.android.vending
03-01 01:41:02.826  3799  4545 D osense.compress: live.gosupernova.app do shrink, target ratio = 45, final ratio = 90, cur ratio = 0
03-01 01:41:02.995  3799  4836 V NetworkPolicy: updateNetworkEnabledNL() return
03-01 01:41:02.995  3799  4836 V NetworkPolicy: updateNotificationsNL not process
03-01 01:41:03.008  3799  4969 D NotificationService--OplusNotificationFixHelper: fixAppIcon: pkg=android
03-01 01:41:03.008  3799  4969 D NotificationService--OplusNotificationFixHelper: fixAppIcon: appIcon = null, pkg = android
03-01 01:41:03.008  3799  4969 I OplusStatusBarManagerServiceEnhance:  getTopIsFullscreen mTopIsFullscreen: false
03-01 01:41:03.009  3799  3799 D NotificationService--OplusNotificationManagerServiceExtImpl: isForwardToAssistants: false, case : Is in mMcsNotInterceptPkgList or is isSystemApp
03-01 01:41:03.009  3799  3799 D NotificationService: This application enqueue notifications is not need postDelayed
03-01 01:41:03.175  3799  4676 V AlarmManager: sending alarm Alarm{d8b13af type 1 origWhen 1772309463174 whenElapsed 176793121 android} uid 1000 whenElapsed 176793121 windowLength 0 maxWhenElapsed 176793121 repeatInterval 0 action null component null tag StorgaeBandInfoAlarmTag flags 0x9 procName system_server
03-01 01:41:03.411  3799  4545 D osense.compress: com.thesouledstore do shrink, target ratio = 63, final ratio = 90, cur ratio = 37
03-01 01:41:04.506  3799  4545 D osense.compress: com.myntra.android do shrink, target ratio = 64, final ratio = 90, cur ratio = 39
03-01 01:41:05.181  3799  4676 V AlarmManager: sending alarm Alarm{37f3bcb type 1 origWhen 1772309465180 whenElapsed 176795127 android} uid 1000 whenElapsed 176795127 windowLength 0 maxWhenElapsed 176795127 repeatInterval 0 action null component null tag StorgaeBandInfoAlarmTag flags 0x9 procName system_server
03-01 01:41:05.359  3799  4545 D osense.compress: com.nextbillion.groww do shrink, target ratio = 90, final ratio = 90, cur ratio = 86
03-01 01:41:05.438  3799  4545 D osense.compress: com.jio.myjio do shrink, target ratio = 86, final ratio = 90, cur ratio = 81
03-01 01:41:06.055  3799  4969 D NotificationService--OplusNotificationFixHelper: fixAppIcon: pkg=android
03-01 01:41:06.055  3799  4969 D NotificationService--OplusNotificationFixHelper: fixAppIcon: appIcon = null, pkg = android
03-01 01:41:06.056  3799  4969 I OplusStatusBarManagerServiceEnhance:  getTopIsFullscreen mTopIsFullscreen: false
03-01 01:41:06.057  3799  3799 D NotificationService--OplusNotificationManagerServiceExtImpl: isForwardToAssistants: false, case : Is in mMcsNotInterceptPkgList or is isSystemApp
03-01 01:41:06.057  3799  3799 D NotificationService: This application enqueue notifications is not need postDelayed
03-01 01:41:07.196  3799  4676 V AlarmManager: sending alarm Alarm{1baadbb type 1 origWhen 1772309467195 whenElapsed 176797142 android} uid 1000 whenElapsed 176797142 windowLength 0 maxWhenElapsed 176797142 repeatInterval 0 action null component null tag StorgaeBandInfoAlarmTag flags 0x9 procName system_server
03-01 01:41:07.503  3799  4545 D osense.compress: com.myairtelapp do shrink, target ratio = 82, final ratio = 90, cur ratio = 75
03-01 01:41:09.096  3799  4836 V NetworkPolicy: updateNetworkEnabledNL() return
03-01 01:41:09.096  3799  4836 V NetworkPolicy: updateNotificationsNL not process
03-01 01:41:09.119  3799  4969 D NotificationService--OplusNotificationFixHelper: fixAppIcon: pkg=android
03-01 01:41:09.119  3799  4969 D NotificationService--OplusNotificationFixHelper: fixAppIcon: appIcon = null, pkg = android
03-01 01:41:09.120  3799  4969 I OplusStatusBarManagerServiceEnhance:  getTopIsFullscreen mTopIsFullscreen: false
03-01 01:41:09.121  3799  3799 D NotificationService--OplusNotificationManagerServiceExtImpl: isForwardToAssistants: false, case : Is in mMcsNotInterceptPkgList or is isSystemApp
03-01 01:41:09.121  3799  3799 D NotificationService: This application enqueue notifications is not need postDelayed
03-01 01:41:09.202  3799  4676 V AlarmManager: sending alarm Alarm{33c158f type 1 origWhen 1772309469202 whenElapsed 176799149 android} uid 1000 whenElapsed 176799149 windowLength 0 maxWhenElapsed 176799149 repeatInterval 0 action null component null tag StorgaeBandInfoAlarmTag flags 0x9 procName system_server
03-01 01:41:09.204  3799  5930 D ShortcutService: rescanPackageIfNeeded 0@com.whatsapp, forceRescan=false , isNewApp=false
03-01 01:41:09.209  3799  5930 D NotificationService--OplusNotificationFixHelper: fixAppIcon: pkg=com.whatsapp
03-01 01:41:09.209  3799  5930 D NotificationService--OplusNotificationFixHelper: fixAppIcon: appIcon = null, pkg = com.whatsapp
03-01 01:41:09.212  3799  5930 D ShortcutService: Getting shortcuts for launcher= androiduserId=0 pkg=com.whatsapp
03-01 01:41:09.212  3799  5930 I OplusStatusBarManagerServiceEnhance:  getTopIsFullscreen mTopIsFullscreen: false
03-01 01:41:09.212  3799  5930 W ActivityManager: Permission Denial: getTopApplicationInfo from pid=23885, uid=10344 requires oplus.permission.OPLUS_COMPONENT_SAFE
03-01 01:41:09.213  3799  5930 D ShortcutService: rescanPackageIfNeeded 0@com.whatsapp, forceRescan=false , isNewApp=false
03-01 01:41:09.213  3799  3799 D NotificationService--OplusNotificationManagerServiceExtImpl: isForwardToAssistants: true, case : Is local notification
03-01 01:41:09.213  3799  3799 D NotificationService: This application enqueue notifications is need postDelayed mcsAssistantDelayTime: 200
03-01 01:41:09.215  3799  5930 D NotificationService--OplusNotificationFixHelper: fixAppIcon: pkg=com.whatsapp
03-01 01:41:09.215  3799  5930 D NotificationService--OplusNotificationFixHelper: fixAppIcon: appIcon = null, pkg = com.whatsapp
03-01 01:41:09.216  3799  5930 D ShortcutService: Getting shortcuts for launcher= androiduserId=0 pkg=com.whatsapp
03-01 01:41:09.218  3799  5930 I OplusStatusBarManagerServiceEnhance:  getTopIsFullscreen mTopIsFullscreen: false
03-01 01:41:09.218  3799  5930 W ActivityManager: Permission Denial: getTopApplicationInfo from pid=23885, uid=10344 requires oplus.permission.OPLUS_COMPONENT_SAFE
03-01 01:41:09.223  3799  3799 D NotificationService--OplusNotificationManagerServiceExtImpl: isForwardToAssistants: true, case : Is local notification
03-01 01:41:09.223  3799  3799 D NotificationService: This application enqueue notifications is need postDelayed mcsAssistantDelayTime: 200
03-01 01:41:09.229  3799  3799 I OplusStatusBarManagerServiceEnhance:  getTopIsFullscreen mTopIsFullscreen: false
03-01 01:41:09.230  3799  3799 V NotifAttentionHelper: Ringtone player is null.
03-01 01:41:09.278  3799  5930 I AS.FadeOutManager: unfadeOutUid() uid:10234
03-01 01:41:09.900  3799  3885 I QosScheduler[QoSPolicy]: setSceneQoS begin:true sceneId:5
03-01 01:41:09.900  3799  3885 W QosScheduler: executeSceneQosStrategy failed! qos feature no enable
03-01 01:41:09.901  3799  5939 E AppOps  : attributionTag  not declared in manifest of com.android.systemui
03-01 01:41:09.902  3799  5939 E AppOps  : attributionTag  not declared in manifest of com.android.systemui
03-01 01:41:10.629  3799  5939 D FlexibleTaskController: isSupportFlexibleWindow target = com.whatsapp/.Conversation callPkg = com.android.systemui support = true ,caller = 5371
03-01 01:41:10.629  3799  5939 D FlexibleTaskController: isSupportFlexibleWindow target = com.whatsapp callPkg = com.android.systemui support = true ,caller = 5371
03-01 01:41:10.632  3799  5939 D FlexibleWindowManagerService: calculateFlexibleWindowBounds intent:Intent { act=com.whatsapp.intent.action.OPEN dat=content://com.whatsapp.provider.contact/... flg=0x14000000 xflg=0x4 cmp=com.whatsapp/.Conversation (has extras) },appOrientation:-2,activityInfo:ActivityInfo{e7b92fe com.whatsapp.Conversation}
03-01 01:41:10.632  3799  5939 D FlexibleTaskController: fillFlexibleTaskInfo current activity is resizeable for ActivityInfo{e7b92fe com.whatsapp.Conversation}
03-01 01:41:10.632  3799  5939 D OplusFlexibleTaskLayoutPolicy: no need regulate Size.
03-01 01:41:10.633  3799  5939 D FlexibleTaskController: collectFlexibleTaskInfo:FlexibleTaskInfo{mResizeMode=1, mRatio=1.7777778, mScale=0.80609417, mCornerRadius=70, mLaunchBounds=Rect(123, 323 - 1387, 2570), mSourceFlexibleTaskId=-1, mFlexibleState0} finalActivityInfo = ActivityInfo{e7b92fe com.whatsapp.Conversation} info req = -1 appOrientation = -2
03-01 01:41:10.633  3799  5939 D FlexibleTaskController: calcFlexibleTaskBounds called by notification pkgName:com.whatsapp
03-01 01:41:10.634  3799  5939 D FlexibleTaskController: change bundle for notification scene. cmpName:ComponentInfo{com.whatsapp/com.whatsapp.Conversation} isBackground:true ; mNotificationScale = 0.80609417
03-01 01:41:10.635  5371  5371 D HeadsUpToZoomUtils: calculateFlexibleWindowBounds isSupport:true finalRect:Rect(123, 323 - 1387, 2570) scale:0.80609417 radius:70 supportBundle:Bundle[{androidx.flexible.LaunchBounds=Rect(123, 323 - 1387, 2570), flexible_window_mini_rect=Supplier{VAL_PARCELABLE@200+72}, androidx.flexible.CompatRatio=1.7777778, androidx.activity.LaunchCornerRadius=70, androidx.flexible.ResizeMode=4, androidx.activity.LaunchScale=0.80609417}] intent:Intent { act=com.whatsapp.intent.action.OPEN dat=content://com.whatsapp.provider.contact/... flg=0x14000000 xflg=0x4 cmp=com.whatsapp/.Conversation (has extras) }
03-01 01:41:10.651  3799  3885 I UserAwareMgr: handleTopAppChanged: com.android.systemui, pid: 5371, uid: 10234
03-01 01:41:10.659  3799  5930 I WindowManager: addWindow: New client android.os.BinderProxy@bb42cac : window=Window{79e10a u0 NotificationHeadsUp}
03-01 01:41:10.664  3799  5939 E WindowManager: Window Session Crash
03-01 01:41:10.664  3799  5939 E WindowManager: java.lang.NullPointerException: Attempt to invoke interface method 'android.os.IBinder android.view.IWindow.asBinder()' on a null object reference
03-01 01:41:10.664  3799  5939 E WindowManager: 	at com.android.server.wm.WindowManagerService.windowForClientLocked(WindowManagerService.java:6993)
03-01 01:41:10.664  3799  5939 E WindowManager: 	at com.android.server.wm.WindowManagerService.updateTapExcludeRegion(WindowManagerService.java:8150)
03-01 01:41:10.664  3799  5939 E WindowManager: 	at com.android.server.wm.Session.updateTapExcludeRegion(Session.java:742)
03-01 01:41:10.664  3799  5939 E WindowManager: 	at android.view.IWindowSession$Stub.onTransact(IWindowSession.java:1020)
03-01 01:41:10.664  3799  5939 E WindowManager: 	at com.android.server.wm.Session.onTransact(Session.java:227)
03-01 01:41:10.664  3799  5939 E WindowManager: 	at android.os.Binder.execTransactInternal(Binder.java:1444)
03-01 01:41:10.664  3799  5939 E WindowManager: 	at android.os.Binder.execTransact(Binder.java:1378)
03-01 01:41:10.666  3799  5939 E WindowManager: Window Session Crash
03-01 01:41:10.666  3799  5939 E WindowManager: java.lang.NullPointerException: Attempt to invoke interface method 'android.os.IBinder android.view.IWindow.asBinder()' on a null object reference
03-01 01:41:10.666  3799  5939 E WindowManager: 	at com.android.server.wm.WindowManagerService.windowForClientLocked(WindowManagerService.java:6993)
03-01 01:41:10.666  3799  5939 E WindowManager: 	at com.android.server.wm.WindowManagerService.updateTapExcludeRegion(WindowManagerService.java:8150)
03-01 01:41:10.666  3799  5939 E WindowManager: 	at com.android.server.wm.Session.updateTapExcludeRegion(Session.java:742)
03-01 01:41:10.666  3799  5939 E WindowManager: 	at android.view.IWindowSession$Stub.onTransact(IWindowSession.java:1020)
03-01 01:41:10.666  3799  5939 E WindowManager: 	at com.android.server.wm.Session.onTransact(Session.java:227)
03-01 01:41:10.666  3799  5939 E WindowManager: 	at android.os.Binder.execTransactInternal(Binder.java:1444)
03-01 01:41:10.666  3799  5939 E WindowManager: 	at android.os.Binder.execTransact(Binder.java:1378)
03-01 01:41:10.670  3799  5930 V WindowManager: Relayout Window{79e10a u0 NotificationHeadsUp}: viewVisibility=0, oldvis=0, req=1264x2780 , apr = 0, vsysui=, x=0, y=0
03-01 01:41:10.670  3799  5930 I WindowManager: Window{79e10a u0 NotificationHeadsUp} state from NO_SURFACE to DRAW_PENDING; reason: resetDrawState
03-01 01:41:10.674  3799  5930 D WindowManager: NFW_findFocusedWindowIfNeeded:Window{131c990 u0 com.skidorider/com.skidorider.MainActivity} mCurrentFocus:Window{131c990 u0 com.skidorider/com.skidorider.MainActivity}
03-01 01:41:10.675  5371  5371 W VRI[NotificationHeadsUp]: updateBlastSurfaceIfNeeded, surfaceSize:Point(1264, 2780), lastSurfaceSize:Point(0, 0), format:-3, blastBufferQueue:null
03-01 01:41:10.690  3799  5930 I WindowManager: Window{79e10a u0 NotificationHeadsUp} state from DRAW_PENDING to COMMIT_DRAW_PENDING; reason: finishDrawingLocked
03-01 01:41:10.692  3799  3872 I WindowManager: Window{79e10a u0 NotificationHeadsUp} state from COMMIT_DRAW_PENDING to READY_TO_SHOW; reason: commitFinishDrawingLocked
03-01 01:41:10.692  3799  3872 I WindowManager: Window{79e10a u0 NotificationHeadsUp} state from READY_TO_SHOW to HAS_DRAWN; reason: performShowLocked
03-01 01:41:10.696  5371  5371 W VRI[NotificationHeadsUp]: handleResized, msg:, frameChanged:false, configChanged:false, displayChanged:false, attachedFrameChanged:false, compatScaleChanged:false, pendingDragResizing=false
03-01 01:41:10.699  3799  3885 I UserAwareMgr: handleFgAppChanged, pkgName: com.android.systemui, pid: 5371, isVisible: true, fgAppType: FG2
03-01 01:41:10.700  3799  3885 I UserAwareMgr: fg app status not changed, beforeVisible: true, currentVisible: true
03-01 01:41:10.706  5371  5371 W VRI[NotificationHeadsUp]: updateBlastSurfaceIfNeeded, surfaceSize:Point(1264, 2780), lastSurfaceSize:Point(1264, 2780), format:-3, blastBufferQueue:android.graphics.BLASTBufferQueue@f99b52a
03-01 01:41:10.707  3799  5930 V WindowManager: Relayout Window{79e10a u0 NotificationHeadsUp}: viewVisibility=0, oldvis=0, req=1264x2780 , apr = 0, vsysui=, x=0, y=0
--------- beginning of main
03-01 01:41:10.961  2183   578 D ChiX    : [oplusAON:AddFusionResult] Translate to fuison Event Info
03-01 01:41:10.961  2183   578 D ChiX    : [oplusAON:AddFusionResult] fusion:rotation_angle = 90.000000
03-01 01:41:10.961  2183   578 D ChiX    : [oplusAON] fusion->count:3
03-01 01:41:10.961  2183   578 D ChiX    : fusion->itemLength:20
03-01 01:41:10.961  2183   578 D ChiX    : fusion->data i:0, data[2.000000,0.695128,56.173546,114.826492,120.561157,170.422165,0.000000,0.000000,0.000000,0.000000,0.000000,0.000000,0.000000,0.000000,0.000000,0.000000,0.000000,0.000000,0.000000,0.000000]
03-01 01:41:10.961  2183   578 D ChiX    : fusion->data i:1, data[3.000000,0.500000,88.532906,125.452049,107.804588,167.660797,0.000000,0.000000,0.000000,0.000000,0.000000,0.000000,0.000000,0.000000,0.000000,0.000000,0.000000,0.000000,0.000000,0.000000]
03-01 01:41:10.961  2183   578 D ChiX    : fusion->data i:2, data[1.000000,0.398408,23.643410,145.194443,75.013191,207.445236,0.000000,0.000000,0.000000,0.000000,0.000000,0.000000,0.000000,0.000000,0.000000,0.000000,0.000000,0.000000,0.000000,0.000000]
03-01 01:41:10.961  2183   578 D ChiX    : [oplusAON:AddAngleResult] Translate to Angle Event Info
03-01 01:41:10.961  2183   578 D ChiX    : [oplusAON:AddFeatureResult] Translate to FaceFeature Event Info
03-01 01:41:10.961  6360 19066 D AONLog  : SensorHubAonManager: [notify] clientHandle:-5476376604616891840,isStopped:false, callback:k.g@c04312
03-01 01:41:10.961  6360 19066 D AONLog  : SensorHubAonManager: aonCallBackInfo-> serviceType:11, results:[Lvendor.oplus.hardware.camera.aon.AONResult;@b02a922
03-01 01:41:10.961  6360 19066 D AONLog  : AONResultsClassify: convertToResult
03-01 01:41:10.961  6360 19066 D AONLog  : AONResultsClassify: have FusionResult
03-01 01:41:10.961  6360 19066 D AONLog  : sensorhub_engine: engineSwitchOn = true runningCmds.size()=1 stopRunningCmds.size()=0
03-01 01:41:10.962  6360  7217 D AONLog  : OSensorHubResultProcess: transform inParams：com.aon.service.aonsensorhublib.p@1f68fb3
03-01 01:41:10.962  6360  7217 D AONLog  : OSensorHubResultProcess: transform fusionResult getDataCount：3 rotateAngle = 90
03-01 01:41:10.962  6360  7217 D AONLog  : OSensorHubResultProcess: recogResult[0]:FusionData{mCls=2, mScore=0.695128, mBboxX1=56.173546, mBboxY1=114.82649, mBboxX2=120.56116, mBboxY2=170.42216, landmarks=[0.0, 0.0, 0.0, 0.0, 0.0, 0.0, 0.0, 0.0, 0.0, 0.0, 0.0, 0.0, 0.0, 0.0]}
03-01 01:41:10.962  6360  7217 D AONLog  : OSensorHubResultProcess: bboxType:2
03-01 01:41:10.962  6360  7217 D AONLog  : OSensorHubResultProcess: recogResult[1]:FusionData{mCls=3, mScore=0.5, mBboxX1=88.532906, mBboxY1=125.45205, mBboxX2=107.80459, mBboxY2=167.6608, landmarks=[0.0, 0.0, 0.0, 0.0, 0.0, 0.0, 0.0, 0.0, 0.0, 0.0, 0.0, 0.0, 0.0, 0.0]}
03-01 01:41:10.962  6360  7217 D AONLog  : OSensorHubResultProcess: bboxType:3
03-01 01:41:10.962  6360  7217 D AONLog  : OSensorHubResultProcess: recogResult[2]:FusionData{mCls=1, mScore=0.39840823, mBboxX1=23.64341, mBboxY1=145.19444, mBboxX2=75.01319, mBboxY2=207.44524, landmarks=[0.0, 0.0, 0.0, 0.0, 0.0, 0.0, 0.0, 0.0, 0.0, 0.0, 0.0, 0.0, 0.0, 0.0]}
03-01 01:41:10.962  6360  7217 D AONLog  : OSensorHubResultProcess: bboxType:1
03-01 01:41:10.962  6360  7217 D AONLog  : OSensorHubResultProcess:  set face:v.b@d35e970 angle: {.pitch = 5.92191, .yaw = 31.409523, .roll = 6.024516, .masked = -10.450439, .lmk_left_eye_x = 36.32583, .lmk_left_eye_y = 23.618507, .lmk_right_eye_x = 56.853043, .lmk_right_eye_y = 21.98936, .lmk_nose_x = 57.5047, .lmk_nose_y = 33.393368, .lmk_left_mouth_x = 45.77486, .lmk_left_mouth_y = 48.707325, .lmk_right_mouth_x = 61.414646, .lmk_right_mouth_y = 46.100693}
03-01 01:41:10.963  6360  7217 I AONLog  : i: detect->faces num = 1, gesture num = 1
03-01 01:41:10.963  6360  7217 I AONLog  : AntiPeepingSMachine: AntiPeeping faceSize:1, facesSuitableSize:1
03-01 01:41:10.963  6360  7217 I AONLog  : AntiPeepingSMachine: compareRes pass (skip), sendMessage show
03-01 01:41:10.963  6360  7217 D AONLog  : EngineContext: clear engine Context
03-01 01:41:10.963  6360  7217 D AONLog  : FramePackage: clear framePackage:0
03-01 01:41:10.963  6360  7217 D AONLog  : EngineContext: clear human Detected List
03-01 01:41:10.963  2183   578 I ChiX    : [oplusAON:ProcessAONServiceEvent] AON Event notify: Success callback:0xb400007dbe03b080 for hClientHandle= 0xb400007e418ce240
03-01 01:41:10.963  6360  6585 I AONLog  : ListenerManager: type = 4  eventInfo = 196610
03-01 01:41:10.963  6360  6585 I AONLog  : ListenerManager: notifySpecialObserver lock. AonCmdType:393219
03-01 01:41:10.964  5371 13564 I AONLog  : AntiPeeping: event=196610
03-01 01:41:10.970  5371  5371 D HeadsUpContainerWindow: notifySizeOrLocationChanged::SkRegion((0,0,1264,189)(0,189,56,404)(1208,189,1264,404)(0,404,1264,2780))
03-01 01:41:10.981  5371  5371 D HeadsUpContainerWindow: notifySizeOrLocationChanged::SkRegion((0,0,1264,192)(0,192,56,407)(1208,192,1264,407)(0,407,1264,2780))
03-01 01:41:10.992  5371  5371 D HeadsUpContainerWindow: notifySizeOrLocationChanged::SkRegion((0,0,1264,194)(0,194,56,409)(1208,194,1264,409)(0,409,1264,2780))
03-01 01:41:11.003  5371  5371 D HeadsUpContainerWindow: notifySizeOrLocationChanged::SkRegion((0,0,1264,195)(0,195,56,410)(1208,195,1264,410)(0,410,1264,2780))
03-01 01:41:11.037  5371  5371 D HeadsUpContainerWindow: notifySizeOrLocationChanged::SkRegion((0,0,1264,194)(0,194,56,409)(1208,194,1264,409)(0,409,1264,2780))
03-01 01:41:11.048  5371  5371 D HeadsUpContainerWindow: notifySizeOrLocationChanged::SkRegion((0,0,1264,193)(0,193,56,408)(1208,193,1264,408)(0,408,1264,2780))
03-01 01:41:11.057  2183   578 I ChiX    : [oplusAON:QSEEAON_ServiceCallback oplusSrvType:11] Receive QSEEAON Callback
03-01 01:41:11.057  2183   578 I ChiX    : [oplusAON:ProcessAONServiceEvent] AON Event notify for hClientHandle= 0xb400007e418ce240
03-01 01:41:11.057  2183   578 I ChiX    : [oplusAON:ClientEventCallBack] AON Event notify srvType=11, clientHandle:0xb400007e418ce240
03-01 01:41:11.057  2183   578 I ChiX    : [oplusAON:TranslateToAonCallbackInfo  AONServiceType: 11] Translate to Service Event Info
03-01 01:41:11.057  2183   578 D ChiX    : [oplusAON:AddFusionResult] Translate to fuison Event Info
03-01 01:41:11.057  2183   578 D ChiX    : [oplusAON:AddFusionResult] fusion:rotation_angle = 90.000000
03-01 01:41:11.057  2183   578 D ChiX    : [oplusAON] fusion->count:3
03-01 01:41:11.057  2183   578 D ChiX    : fusion->itemLength:20
03-01 01:41:11.057  2183   578 D ChiX    : fusion->data i:0, data[2.000000,0.695128,54.679836,114.820541,120.101700,172.169876,0.000000,0.000000,0.000000,0.000000,0.000000,0.000000,0.000000,0.000000,0.000000,0.000000,0.000000,0.000000,0.000000,0.000000]
03-01 01:41:11.057  2183   578 D ChiX    : fusion->data i:1, data[3.000000,0.398408,87.939018,124.943008,108.597504,170.242798,0.000000,0.000000,0.000000,0.000000,0.000000,0.000000,0.000000,0.000000,0.000000,0.000000,0.000000,0.000000,0.000000,0.000000]
03-01 01:41:11.057  2183   578 D ChiX    : fusion->data i:2, data[1.000000,0.350202,20.433504,146.991425,75.350510,206.513245,0.000000,0.000000,0.000000,0.000000,0.000000,0.000000,0.000000,0.000000,0.000000,0.000000,0.000000,0.000000,0.000000,0.000000]
03-01 01:41:11.057  2183   578 D ChiX    : [oplusAON:AddAngleResult] Translate to Angle Event Info
03-01 01:41:11.057  2183   578 D ChiX    : [oplusAON:AddFeatureResult] Translate to FaceFeature Event Info
03-01 01:41:11.057  6360 19066 D AONLog  : SensorHubAonManager: [notify] clientHandle:-5476376604616891840,isStopped:false, callback:k.g@c04312
03-01 01:41:11.058  6360 19066 D AONLog  : SensorHubAonManager: aonCallBackInfo-> serviceType:11, results:[Lvendor.oplus.hardware.camera.aon.AONResult;@9b4b4e9
03-01 01:41:11.059  6360 19066 D AONLog  : AONResultsClassify: convertToResult
03-01 01:41:11.059  6360 19066 D AONLog  : AONResultsClassify: have FusionResult
03-01 01:41:11.059  6360 19066 D AONLog  : sensorhub_engine: engineSwitchOn = true runningCmds.size()=1 stopRunningCmds.size()=0
03-01 01:41:11.059  5371  5371 D HeadsUpContainerWindow: notifySizeOrLocationChanged::SkRegion((0,0,1264,192)(0,192,56,407)(1208,192,1264,407)(0,407,1264,2780))
03-01 01:41:11.060  6360  7217 D AONLog  : OSensorHubResultProcess: transform inParams：com.aon.service.aonsensorhublib.p@646356e
03-01 01:41:11.060  6360  7217 D AONLog  : OSensorHubResultProcess: transform fusionResult getDataCount：3 rotateAngle = 90
03-01 01:41:11.060  6360  7217 D AONLog  : OSensorHubResultProcess: recogResult[0]:FusionData{mCls=2, mScore=0.695128, mBboxX1=54.679836, mBboxY1=114.82054, mBboxX2=120.1017, mBboxY2=172.16988, landmarks=[0.0, 0.0, 0.0, 0.0, 0.0, 0.0, 0.0, 0.0, 0.0, 0.0, 0.0, 0.0, 0.0, 0.0]}
03-01 01:41:11.060  6360  7217 D AONLog  : OSensorHubResultProcess: bboxType:2
03-01 01:41:11.060  6360  7217 D AONLog  : OSensorHubResultProcess: recogResult[1]:FusionData{mCls=3, mScore=0.39840823, mBboxX1=87.93902, mBboxY1=124.94301, mBboxX2=108.5975, mBboxY2=170.2428, landmarks=[0.0, 0.0, 0.0, 0.0, 0.0, 0.0, 0.0, 0.0, 0.0, 0.0, 0.0, 0.0, 0.0, 0.0]}
03-01 01:41:11.060  6360  7217 D AONLog  : OSensorHubResultProcess: bboxType:3
03-01 01:41:11.060  6360  7217 D AONLog  : OSensorHubResultProcess: recogResult[2]:FusionData{mCls=1, mScore=0.35020164, mBboxX1=20.433504, mBboxY1=146.99142, mBboxX2=75.35051, mBboxY2=206.51324, landmarks=[0.0, 0.0, 0.0, 0.0, 0.0, 0.0, 0.0, 0.0, 0.0, 0.0, 0.0, 0.0, 0.0, 0.0]}
03-01 01:41:11.060  6360  7217 D AONLog  : OSensorHubResultProcess: bboxType:1
