03-01 01:40:04.632  3799  5780 D DisplayPowerController[display=0]: requestPowerState: policy=DOZE, useProximitySensor=false, screenBrightnessOverride=-1.0, useAutoBrightness=false, screenAutoBrightnessAdjustmentOverride=NaN, screenLowPowerBrightnessFactor=1.0, blockScreenOn=false, lowPowerMode=false, boostScreenBrightness=false, dozeScreenBrightness=0.27952754, dozeScreenState=DOZE, dozeScreenStateReason=UNKNOWN, useNormalBrightnessForDoze=false, waitForNegativeProximity=false displayReady=false pendingRequest=true
03-01 01:40:04.632  3799  5780 D DisplayManagerServiceExtImpl: request size(1,1),dpc=com.android.server.display.DisplayPowerController@10b6f27 size(0,1),flags=0X200F,id(0,0,local:4630946652107814787),enable=true,ready=false,waitForNegativeProximity=false policy=DOZE,useProximitySensor=false,dozeState=DOZE,screenBrightnessOverride=-1.000000,useAuto=false,lowPower=false,lowPowerFactor=1.000000
03-01 01:40:04.647  3799  3946 D OplusDisplayState: setScreenState = 3 isPrimary = true
03-01 01:40:04.647  3799  3946 D DisplayPowerState[display=0]: setScreenState changed:DOZE_SUSPEND->DOZE
03-01 01:40:04.647  3799  3956 D VRR [OPlusRefreshRateService]: handleScreenStateChange id: 0physicalId: 4630946652107814787, state: 3
03-01 01:40:04.647  3799  3956 D VRR [OPlusGameStatusManager]: screenStateChange state: 3
03-01 01:40:04.647  3799  3956 D DisplayManagerServiceExtImpl: scheduleTraversalLocked intraversal=false
03-01 01:40:04.648  3799  3946 D AutomaticController[display=0]: Change the enable setting from false to true while dozing
03-01 01:40:04.648  3799  3871 D DisplayManagerService: MSG_REQUEST_TRAVERSAL pendingCompleted=false
03-01 01:40:04.649  3799  3946 D OplusBiometricsDisplayHelper: isFold: false, isUnblockByFp: null
03-01 01:40:04.649  3799  3946 D DpcExtImpl[display=0]: add for debug Aod brightness set 1170.442
03-01 01:40:04.649  3799  4976 D DisplayPowerState[display=0]: Updating screen state: id=0, state=DOZE, backlight=1170.442, sdrBacklight=1170.442
03-01 01:40:04.649  3799  4976 D DisplayAdapterExt: sendDisplayDeviceEventLocked event=2,now=176734596,timestamp=176734596 device:[id=local:4630946652107814787,stack=0],isFirst=true,activeMode=3,state=DOZE,commitState=DOZE_SUSPEND,devInfo:null
03-01 01:40:04.651  3799  3871 I DisplayDeviceRepository: Display device changed state: "Built-in Screen", DOZE
03-01 01:40:04.651  3799  3871 D LogicalDisplayMapper: Display device changed diff=2
03-01 01:40:04.651  3799  3871 D LogicalDisplayExt: set displayInfo flag FLAG_ROTATES_WITH_CONTENT
03-01 01:40:04.651  3799  3871 I DisplayManagerServiceExtImpl: handle logical display changed logicalDisplay=id=0,stack=0,content=true,displayInfo{stack=0,type=1,id=0,uId=local:4630946652107814787,state=DOZE,pkg=null}
03-01 01:40:04.652  3799  3872 D DisplayManagerService: performTraversalInternal pendingTraversal
03-01 01:40:04.652  3799  3871 D DisplayManagerService: Delivering display event: displayId=0, event=BASIC_CHANGED
03-01 01:40:04.652  3799  3872 D DisplayDevice: setLayerStackLocked id=local:4630946652107814787 token=android.os.BinderProxy@e4e952b stack=0->0
03-01 01:40:04.656  3799  3869 D WindowManager: DeferredDisplayUpdater: partially applying DisplayInfo(1264 x 2780) immediately
03-01 01:40:04.659  3799  3869 D OplusVFXScreenEffectFeature: notifySFCompatWindowStateChange entered false
03-01 01:40:04.659  3799  4976 D DisplayAdapterExt: sendDisplayDeviceEventLocked event=2,now=176734606,timestamp=176734606 device:[id=local:4630946652107814787,stack=0],isFirst=true,activeMode=3,state=DOZE,commitState=DOZE,devInfo:null
03-01 01:40:04.662  3799  3871 D DisplayManagerService: Delivering display event: displayId=0, event=EVENT_DISPLAY_STATE_CHANGED
03-01 01:40:04.662  5127  5127 D CastManagerService: onDisplayChanged.
03-01 01:40:04.669  3799  3871 I DisplayDeviceRepositoryExtImpl: Display device changed committed state: "Built-in Screen", DOZE
03-01 01:40:04.669  3799  3871 D LogicalDisplayMapper: Display device changed diff=4
03-01 01:40:04.669  3799  3871 D LogicalDisplayExt: set displayInfo flag FLAG_ROTATES_WITH_CONTENT
03-01 01:40:04.670  3799  3871 D DisplayManagerService: Delivering display event: displayId=0, event=EVENT_DISPLAY_COMMITTED_STATE_CHANGED
03-01 01:40:04.670  3799  3946 D DpcExtImpl[display=0]: add for debug Aod brightness set 1170.442
03-01 01:40:04.671  3799  3946 D AutomaticController[display=0]: Change the enable setting from false to true while dozing
03-01 01:40:04.671  3799  3946 D OplusBiometricsDisplayHelper: isFold: false, isUnblockByFp: null
03-01 01:40:05.192  5371  5371 V DreamService[DozeService]: UpdateDoze mDozeScreenState=1 mDozeScreenBrightness=72 mDozeScreenBrightnessFloat=NaN
03-01 01:40:05.194  3799  5780 D DreamManagerService: Dream requested to start dozing: android.os.Binder@ff5ffa9, screenState=OFF, reason=UNKNOWN, screenBrightnessFloat=NaN, screenBrightnessInt=72, useNormalBrightnessForDoze=false
03-01 01:40:05.195  3799  5780 D OplusFeatureAOD: key:3799 tmp:0
03-01 01:40:05.195  3799  5780 D DisplayPowerController[display=0]: requestPowerState: policy=DOZE, useProximitySensor=false, screenBrightnessOverride=-1.0, useAutoBrightness=false, screenAutoBrightnessAdjustmentOverride=NaN, screenLowPowerBrightnessFactor=1.0, blockScreenOn=false, lowPowerMode=false, boostScreenBrightness=false, dozeScreenBrightness=0.27952754, dozeScreenState=OFF, dozeScreenStateReason=UNKNOWN, useNormalBrightnessForDoze=false, waitForNegativeProximity=false displayReady=false pendingRequest=true
03-01 01:40:05.195  3799  5780 D DisplayManagerServiceExtImpl: request size(1,1),dpc=com.android.server.display.DisplayPowerController@10b6f27 size(0,1),flags=0X200F,id(0,0,local:4630946652107814787),enable=true,ready=false,waitForNegativeProximity=false policy=DOZE,useProximitySensor=false,dozeState=OFF,screenBrightnessOverride=-1.000000,useAuto=false,lowPower=false,lowPowerFactor=1.000000
03-01 01:40:05.200  3799  3946 D DisplayPowerState[display=0]: setColorFadeLevel: level=0.0
03-01 01:40:05.200  3799  3946 D DpcExtImpl[display=0]: RECORD: Animation finished when screen is off isInteractive: false
03-01 01:40:05.200  3799  3946 D Biometrics_DEBUG: [onGoToSleepFinish]
03-01 01:40:05.201  3799  3946 E OplusCustomizeRestrictionManagerService: isBiometricDisabled start
03-01 01:40:05.201  3799  3946 D AutomaticController[display=0]: Change the enable setting from false to true while dozing
03-01 01:40:05.202  3799  3946 D OplusBiometricsDisplayHelper: isFold: false, isUnblockByFp: null
03-01 01:40:05.202  3799  3946 D DpcExtImpl[display=0]: add for debug Aod brightness set 1170.442
03-01 01:40:05.202  3799  3946 D DisplayPowerState[display=0]: updateRunnable run fadeLevle=0.0 state=DOZE brightness changed:1170.442->1170.442
03-01 01:40:05.206  3799  3946 D OplusDisplayState: setScreenState = 1 isPrimary = true
03-01 01:40:05.206  3799  3946 D DisplayPowerState[display=0]: setScreenState changed:DOZE->OFF
03-01 01:40:05.206  3799  3946 D AutomaticController[display=0]: setAutoStrategyEnabled: enable=false, mAutoStrategyEnable=true
03-01 01:40:05.207  3799  3946 I DisplayBrightnessStrategySelector: Changing the DisplayBrightnessStrategy from DozeBrightnessStrategy to ScreenOffBrightnessStrategy for display 0
03-01 01:40:05.207  3799  3946 D OplusBiometricsDisplayHelper: isFold: false, isUnblockByFp: null
03-01 01:40:05.207  3799  3956 D VRR [OPlusRefreshRateService]: handleScreenStateChange id: 0physicalId: 4630946652107814787, state: 1
03-01 01:40:05.207  3799  3956 D VRR [OPlusSAManager]: isAutoReady return false. display 4630946652107814787 wtih screenState: 1, isSAType: true, isSMType: false
03-01 01:40:05.207  3799  3956 D VRR [OPlusGameStatusManager]: screenStateChange state: 1
03-01 01:40:05.207  3799  3956 D DisplayManagerServiceExtImpl: scheduleTraversalLocked intraversal=false
03-01 01:40:05.207  3799  3946 D DisplayPowerState[display=0]: updateRunnable run fadeLevle=0.0 state=OFF brightness changed:1170.442->-1.0
03-01 01:40:05.207  3799  4976 D DisplayPowerState[display=0]: Updating screen state: id=0, state=OFF, backlight=-1.0, sdrBacklight=-1.0
03-01 01:40:05.208  3799  4976 D DisplayAdapterExt: sendDisplayDeviceEventLocked event=2,now=176735154,timestamp=176735154 device:[id=local:4630946652107814787,stack=0],isFirst=true,activeMode=3,state=OFF,commitState=DOZE,devInfo:null
03-01 01:40:05.209  3799  3871 D DisplayManagerService: MSG_REQUEST_TRAVERSAL pendingCompleted=false
03-01 01:40:05.209  3799  3871 I DisplayDeviceRepository: Display device changed state: "Built-in Screen", OFF
03-01 01:40:05.210  3799  3871 D LogicalDisplayMapper: Display device changed diff=2
03-01 01:40:05.210  3799  3871 D LogicalDisplayExt: set displayInfo flag FLAG_ROTATES_WITH_CONTENT
03-01 01:40:05.210  3799  3871 I DisplayManagerServiceExtImpl: handle logical display changed logicalDisplay=id=0,stack=0,content=true,displayInfo{stack=0,type=1,id=0,uId=local:4630946652107814787,state=OFF,pkg=null}
03-01 01:40:05.211  3799  3871 D DisplayManagerService: Delivering display event: displayId=0, event=BASIC_CHANGED
03-01 01:40:05.211  3799  3872 D DisplayManagerService: performTraversalInternal pendingTraversal
03-01 01:40:05.211  3799  3872 D DisplayDevice: setLayerStackLocked id=local:4630946652107814787 token=android.os.BinderProxy@e4e952b stack=0->-1
03-01 01:40:05.211  3799  3872 I DisplayDevice: [0] Layerstack set to -1 for local:4630946652107814787
03-01 01:40:05.214  3799  3869 D WindowManager: DeferredDisplayUpdater: partially applying DisplayInfo(1264 x 2780) immediately
03-01 01:40:05.215  5127  5127 D CastManagerService: onDisplayChanged.
03-01 01:40:05.215  3799  3869 D OplusVFXScreenEffectFeature: notifySFCompatWindowStateChange entered false
03-01 01:40:05.218  3799  3871 D DisplayManagerService: Delivering display event: displayId=0, event=EVENT_DISPLAY_STATE_CHANGED
03-01 01:40:05.356  3799  4545 D osense.compress: com.nextbillion.groww do shrink, target ratio = 90, final ratio = 90, cur ratio = 86
03-01 01:40:05.437  3799  4545 D osense.compress: com.jio.myjio do shrink, target ratio = 86, final ratio = 90, cur ratio = 81
03-01 01:40:05.643  3799  4976 D DisplayAdapterExt: sendDisplayDeviceEventLocked event=2,now=176735589,timestamp=176735589 device:[id=local:4630946652107814787,stack=-1],isFirst=true,activeMode=3,state=OFF,commitState=OFF,devInfo:null
03-01 01:40:05.644  3799  4976 D AidlDisplayPanelFeature: getDisplayPanelFeatureValue +++, featureID:20
03-01 01:40:05.646  3799  3871 I DisplayDeviceRepositoryExtImpl: Display device changed committed state: "Built-in Screen", OFF
03-01 01:40:05.646  3799  3871 D LogicalDisplayMapper: Display device changed diff=4
03-01 01:40:05.646  3799  3871 D LogicalDisplayExt: set displayInfo flag FLAG_ROTATES_WITH_CONTENT
03-01 01:40:05.646  3799  3871 D DisplayManagerService: Delivering display event: displayId=0, event=EVENT_DISPLAY_COMMITTED_STATE_CHANGED
03-01 01:40:05.647  3799  4976 I AidlDisplayPanelFeature: [0]
03-01 01:40:05.647  3799  4976 D AidlDisplayPanelFeature: getDisplayPanelFeatureValue ---, result = [0]
03-01 01:40:05.647  3799  4976 D OplusSilentRebootManager: silence flags file value is :0
03-01 01:40:05.648  3799  3946 D DisplayPowerState[display=0]: updateRunnable run fadeLevle=0.0 state=OFF brightness changed:1170.442->-1.0
03-01 01:40:05.649  3799  3946 D OplusBiometricsDisplayHelper: isFold: false, isUnblockByFp: null
03-01 01:40:05.654  3799  3956 D VRR [OPlusSAManager]: isAutoReady return false. display 4630946652107814787 wtih screenState: 1, isSAType: true, isSMType: false
03-01 01:40:06.573  5127 26970 D PowerMonitorNotifier: handleMessage: 20/0
03-01 01:40:06.678  3799  3885 I QosScheduler[QoSPolicy]: setSceneQoS begin:false sceneId:5
03-01 01:40:07.003 29350 29365 D MiscManager: error ! ReadBreathLightTime not support.
03-01 01:40:07.405 29350 29365 W ContextImpl: Calling a method in the system process without a qualified user: android.app.ContextImpl.bindService:2135 android.content.ContextWrapper.bindService:901 com.oplus.powermonitor.standbymonitor.powerstats.modem.MpssActivityMonitor.connectService:36 com.oplus.powermonitor.standbymonitor.powerstats.modem.MpssActivityMonitor.n:0 com.oplus.powermonitor.standbymonitor.powerstats.modem.MpssActivityMonitor$WorkHandler.handleMessage:52 
03-01 01:40:07.502  3799  4545 D osense.compress: com.myairtelapp do shrink, target ratio = 82, final ratio = 90, cur ratio = 75
03-01 01:40:07.784  3799  4836 V NetworkPolicy: updateNetworkEnabledNL() return
03-01 01:40:07.784  3799  4836 V NetworkPolicy: updateNotificationsNL not process
03-01 01:40:08.657  3799  3956 D VRR [OPlusGameStatusManager]: handleMessage: 7004
03-01 01:40:08.657  3799  3956 D VRR [OPlusGameStatusManager]: handleBrightnessDone
03-01 01:40:11.285  3799  4545 D osense.compress: com.rupicard.score do shrink, target ratio = 45, final ratio = 90, cur ratio = 0
03-01 01:40:11.476  3799  4545 D osense.compress: com.truecaller do shrink, target ratio = 62, final ratio = 70, cur ratio = 55
03-01 01:40:11.962  3799  4545 D osense.compress: try do inactive compress task
03-01 01:40:12.546  3799  4545 D osense.compress: in.swiggy.android do shrink, target ratio = 77, final ratio = 90, cur ratio = 64
03-01 01:40:12.738  3799  4545 D osense.compress: com.google.android.gms do shrink, target ratio = 39, final ratio = 40, cur ratio = 34
03-01 01:40:13.283  3799  4545 D osense.compress: com.google.android.inputmethod.latin do shrink, target ratio = 76, final ratio = 90, cur ratio = 62
03-01 01:40:13.911  3799  4836 V NetworkPolicy: updateNetworkEnabledNL() return
03-01 01:40:13.911  3799  4836 V NetworkPolicy: updateNotificationsNL not process
03-01 01:40:14.000  3799  4545 D osense.compress: money.super.payments do shrink, target ratio = 77, final ratio = 90, cur ratio = 64
03-01 01:40:14.569  3799  4545 D osense.compress: com.google.android.googlequicksearchbox do shrink, target ratio = 76, final ratio = 90, cur ratio = 63
03-01 01:40:16.465  3799  4545 D osense.compress: com.vlv.aravali do shrink, target ratio = 81, final ratio = 90, cur ratio = 72
03-01 01:40:19.009  3799  4545 D osense.compress: com.flipkart.android do shrink, target ratio = 85, final ratio = 90, cur ratio = 80
03-01 01:40:19.497  3799  4545 D osense.compress: com.studyiq.android do shrink, target ratio = 45, final ratio = 90, cur ratio = 0
03-01 01:40:20.043  3799  4836 V NetworkPolicy: updateNetworkEnabledNL() return
03-01 01:40:20.043  3799  4836 V NetworkPolicy: updateNotificationsNL not process
03-01 01:40:21.456  3799  4545 D osense.compress: com.linkedin.android do shrink, target ratio = 78, final ratio = 90, cur ratio = 67
03-01 01:40:21.517  3799  4545 D osense.compress: com.google.android.apps.youtube.music do shrink, target ratio = 45, final ratio = 90, cur ratio = 0
03-01 01:40:22.826  3799  4545 D osense.compress: live.gosupernova.app do shrink, target ratio = 45, final ratio = 90, cur ratio = 0
03-01 01:40:23.409  3799  4545 D osense.compress: com.thesouledstore do shrink, target ratio = 63, final ratio = 90, cur ratio = 37
03-01 01:40:24.505  3799  4545 D osense.compress: com.myntra.android do shrink, target ratio = 64, final ratio = 90, cur ratio = 39
03-01 01:40:26.162  3799  4836 V NetworkPolicy: updateNetworkEnabledNL() return
03-01 01:40:26.162  3799  4836 V NetworkPolicy: updateNotificationsNL not process
03-01 01:40:27.268  3799  5916 D FlexibleTaskController: check task which not have enough child, isInSingleWhiteList:false isCloneTask:false
03-01 01:40:27.322  3799  5916 I ActivityManager: Death received, pid = 24639, processName = com.oplus.sau for thread android.os.BinderProxy@7d5dcdc
03-01 01:40:27.323  3799  9048 I ActivityManager: Process com.oplus.sau (pid 24639) has died: svc SVC 
03-01 01:40:27.500  3799  4545 D osense.compress: com.myairtelapp do shrink, target ratio = 82, final ratio = 90, cur ratio = 75
03-01 01:40:28.404  3799  3909 D BatteryStatsImplExtImpl: mActiveProcesses size = 89
03-01 01:40:28.404  3799  3909 D BatteryStatsImplExtImpl: rpmhStats is null or interval time is too short.
03-01 01:40:31.287  3799  4545 D osense.compress: com.rupicard.score do shrink, target ratio = 45, final ratio = 90, cur ratio = 0
03-01 01:40:31.476  3799  4545 D osense.compress: com.truecaller do shrink, target ratio = 62, final ratio = 70, cur ratio = 55
03-01 01:40:31.770  3799  5769 W SettingsStatsUtil: Can not parse value to float: +network
03-01 01:40:31.780  3799  5769 W SettingsStatsUtil: Can not parse value to float: +network
03-01 01:40:32.272  3799  4836 V NetworkPolicy: updateNetworkEnabledNL() return
03-01 01:40:32.272  3799  4836 V NetworkPolicy: updateNotificationsNL not process
03-01 01:40:32.548  3799  4545 D osense.compress: in.swiggy.android do shrink, target ratio = 77, final ratio = 90, cur ratio = 64
03-01 01:40:32.739  3799  4545 D osense.compress: com.google.android.gms do shrink, target ratio = 39, final ratio = 40, cur ratio = 34
03-01 01:40:33.284  3799  4545 D osense.compress: com.google.android.inputmethod.latin do shrink, target ratio = 76, final ratio = 90, cur ratio = 62
03-01 01:40:34.003  3799  4545 D osense.compress: money.super.payments do shrink, target ratio = 77, final ratio = 90, cur ratio = 64
03-01 01:40:34.571  3799  4545 D osense.compress: com.google.android.googlequicksearchbox do shrink, target ratio = 76, final ratio = 90, cur ratio = 63
03-01 01:40:35.357  3799  4545 D osense.compress: com.nextbillion.groww do shrink, target ratio = 90, final ratio = 90, cur ratio = 86
03-01 01:40:35.438  3799  4545 D osense.compress: com.jio.myjio do shrink, target ratio = 86, final ratio = 90, cur ratio = 81
03-01 01:40:35.475  3799  4836 V NetworkPolicy: updateNetworkEnabledNL() return
03-01 01:40:35.475  3799  4836 V NetworkPolicy: updateNotificationsNL not process
03-01 01:40:36.466  3799  4545 D osense.compress: com.vlv.aravali do shrink, target ratio = 81, final ratio = 90, cur ratio = 72
03-01 01:40:39.012  3799  4545 D osense.compress: com.flipkart.android do shrink, target ratio = 85, final ratio = 90, cur ratio = 80
03-01 01:40:39.497  3799  4545 D osense.compress: com.studyiq.android do shrink, target ratio = 45, final ratio = 90, cur ratio = 0
03-01 01:40:40.502  3799  4836 V NetworkPolicy: updateNetworkEnabledNL() return
03-01 01:40:40.502  3799  4836 V NetworkPolicy: updateNotificationsNL not process
03-01 01:40:41.457  3799  4545 D osense.compress: com.linkedin.android do shrink, target ratio = 78, final ratio = 90, cur ratio = 67
03-01 01:40:41.517  3799  4545 D osense.compress: com.google.android.apps.youtube.music do shrink, target ratio = 45, final ratio = 90, cur ratio = 0
03-01 01:40:42.583  3799 19518 D UsageStatsService: User[0] type=0 b=1772309224646 e=1772309442581 cb=1772301104512 ce=1772309391938 disk=0 all=7
03-01 01:40:42.826  3799  4545 D osense.compress: live.gosupernova.app do shrink, target ratio = 45, final ratio = 90, cur ratio = 0
03-01 01:40:42.942  3799 19518 D UsageStatsService: User[999] type=0 b=1772309224646 e=1772309442942 cb=1772276370608 ce=1772309344931 disk=0 all=3
03-01 01:40:43.409  3799  4545 D osense.compress: com.thesouledstore do shrink, target ratio = 63, final ratio = 90, cur ratio = 37
03-01 01:40:44.502  3799  4545 D osense.compress: com.myntra.android do shrink, target ratio = 64, final ratio = 90, cur ratio = 39
03-01 01:40:44.537  3799  4836 V NetworkPolicy: updateNetworkEnabledNL() return
03-01 01:40:44.537  3799  4836 V NetworkPolicy: updateNotificationsNL not process
03-01 01:40:44.592  3799  3909 D OplusThermalStats: REPORT_UPDATE_CPU  ->  phoneTemp:340  preHeatThreshold:400
03-01 01:40:44.694  3799  3909 D ProcessCpuTrackerExtImpl: mContext is already set, return now! 
03-01 01:40:44.700  3799  3909 D BatteryStatsImplExtImpl: mActiveProcesses size = 89
03-01 01:40:44.700  3799  3909 D BatteryStatsImplExtImpl: rpmhStats is null or interval time is too short.
03-01 01:40:46.557  3799  5769 D AidlResponseHandler: [onTransact]code 1001 flags: 17
03-01 01:40:46.558  3799  4916 D Biometrics/FingerprintProvider/FingerprintServiceProviderExtImpl: dispatchTouchDown
03-01 01:40:46.558  3799  4916 D SensorOverlays: showUdfpsOverlay : 1, 8
03-01 01:40:46.561  3799  4916 D Biometrics/FingerprintProvider/FingerprintServiceProviderExtImpl: [handleOnPointerDown] icon is show: false
03-01 01:40:46.562  3799  4916 D Biometrics/Fingerprint/UdfpsHelperExtImpl: false: false, false[true, false]
03-01 01:40:46.562  3799  4916 D Biometrics/FingerprintProvider/FingerprintServiceProviderExtImpl: [handleOnPointerDown] dispatch to Auth
03-01 01:40:46.562  3799  4916 D Biometrics/Fingerprint/OplusFingerWakeUpAndUnlockController: [dispatchTouchDown] mScreenState = 0
03-01 01:40:46.562  3799  4825 I Biometrics/Fingerprint/UdfpsHelperExtImpl: requestRefreshRate: 1
03-01 01:40:46.562  3799  4825 D VRR [OPlusExternalRefreshRateManager]: setStatus with: 1
03-01 01:40:46.562  3799  4825 D VRR [OPlusExternalRefreshRateManager]: setStatus from 0 to 1
03-01 01:40:46.562  3799  4825 D VRR [OPlusExternalRefreshRateManager]: max rate from mRefreshRateConfigs is 120.00001, change to 120hz for fingerprint
03-01 01:40:46.562  3799  4825 D VRR [OPlusExternalRefreshRateManager]: keep max rate is: 120.0
03-01 01:40:46.562  3799  4825 D VRR [OPlusSurfaceFlingerController]:  setMiscExclusiveMode : 120
03-01 01:40:46.564  3799  4825 D VRR [OPlusExternalRefreshRateManager]: setTouchIdleKeepHight enable: true
03-01 01:40:46.564  3799  4825 D RefreshRate: keepHighRefreshRate =1,mCurrentPickRate=120.00001
03-01 01:40:46.564  3799  4825 D RefreshRate: keepHighRefreshRate status=1: votes=PRIORITY_FOD_SHOW -> Vote{mRefreshRate=120.0, mMinRefreshRate=120.0, mRequestSource=null};PRIORITY_WINDOW_REQUEST -> Vote{mRefreshRate=120.0, mMinRefreshRate=120.0, mRequestSource=null};
03-01 01:40:46.564  3799  4825 D AidlDisplayPanelFeature: setDisplayPanelFeatureValue +++, ID:28, value:1
03-01 01:40:46.564  3799  4825 D AidlDisplayPanelFeature: getDisplayPanelFeatureValue +++, featureID:211
03-01 01:40:46.565  3799  4825 I AidlDisplayPanelFeature: [144]
03-01 01:40:46.565  3799  4825 D AidlDisplayPanelFeature: getDisplayPanelFeatureValue ---, result = [144]
03-01 01:40:46.565  3799  4825 D AidlDisplayPanelFeature: getDisplayPanelFeatureValue +++, featureID:211
03-01 01:40:46.565  3799  4825 I AidlDisplayPanelFeature: [144]
03-01 01:40:46.565  3799  4825 D AidlDisplayPanelFeature: getDisplayPanelFeatureValue ---, result = [144]
03-01 01:40:46.565  3799  4825 D AidlDisplayPanelFeature: notifyDispFingerLayer 0
03-01 01:40:46.565  3799  3872 D VRR [OPlusRefreshRatePolicy]: setRefreshRatePolicy policy=POLICY_SYSTEM, refreshRate=120, statusOn=false
03-01 01:40:46.566  3799  3872 D VRR [OPlusRefreshRatePolicy]: setRefreshRatePolicy policy=POLICY_FOD, refreshRate=120, statusOn=true
03-01 01:40:46.568  3799  4825 D OplusPowerManagerHelper: wakeUpAndBlockScreenOn reason= android.service.fingerprint:WAKEUP
03-01 01:40:46.568  3799  4825 E Orms_ManagerInner: cannot connect to orms core service!
03-01 01:40:46.569  3799  3871 D DisplayManagerServiceExtImpl: scheduleTraversalLocked intraversal=false
03-01 01:40:46.569  3799  3871 D DisplayManagerService: MSG_REQUEST_TRAVERSAL pendingCompleted=false
03-01 01:40:46.569  3799  4825 E DpcExtImpl[display=0]: execuce mBlockReasonList.add reason: android.service.fingerprint:WAKEUP
03-01 01:40:46.569  3799  4825 I DisplayManagerService: blockScreenOnByBiometrics displayId = 0
03-01 01:40:46.569  3799  4825 D OplusPowerManagerHelper: [onWakeUp]
03-01 01:40:46.569  3799  4825 E OplusCustomizeRestrictionManagerService: isBiometricDisabled start
03-01 01:40:46.570  3799  4825 D OplusPowerManagerHelper: [requestKeyguard]
03-01 01:40:46.570  3799  4825 I PowerGroup: Waking up power group from Dozing (groupId=0, uid=1000, reason=android.service.fingerprint:WAKEUP, details=android.service.fingerprint:WAKEUP)...
03-01 01:40:46.570  3799  4825 D PowerManagerService: userActivityNoUpdateLocked: groupId=0, eventTime=132347363, event=other, flags=0x0, uid=1000
03-01 01:40:46.570  3799  3872 D DisplayManagerService: performTraversalInternal pendingTraversal
03-01 01:40:46.570  3799  3872 D DisplayDevice: setLayerStackLocked id=local:4630946652107814787 token=android.os.BinderProxy@e4e952b stack=-1->-1
03-01 01:40:46.570  3799  4825 I PowerManagerService: Waking up from Dozing (uid=1000, reason=android.service.fingerprint:WAKEUP, details=android.service.fingerprint:WAKEUP)...
03-01 01:40:46.571  3799  3956 D VRR [OPlusRefreshRateService]: handlePolicyChange policy: 4
03-01 01:40:46.571  3799  3956 D LocalDisplayAdapter: setDesiredDisplayModeSpecsAsync: display unique id = local:4630946652107814787, display mode specs = defaultMode=0 allowGroupSwitching=false primaryRanges=physical: (0.0 120.0) render:  (0.0 120.0) appRequestRanges=physical: (0.0 120.0) render:  (0.0 120.0) idleScreenRefreshRate=null
03-01 01:40:46.571  3799  4710 I FlexibleWindowManagerService: mInteractivetrue
03-01 01:40:46.571  3799  3956 D VRR [OPlusExternalRefreshRateManager]:  [OTI] handleTouchIdlePauseState: policy
03-01 01:40:46.571  3799  4825 D OplusScreenOffTorchHelper: onWakeUp
03-01 01:40:46.572  3799  4825 D DpcExtImpl[display=0]: setBrightnessNoAnimation, noAnimation = true
03-01 01:40:46.572  3799  4825 D DisplayPowerController[display=0]: requestPowerState: policy=BRIGHT, useProximitySensor=false, screenBrightnessOverride=-1.0, useAutoBrightness=false, screenAutoBrightnessAdjustmentOverride=NaN, screenLowPowerBrightnessFactor=1.0, blockScreenOn=false, lowPowerMode=false, boostScreenBrightness=false, dozeScreenBrightness=NaN, dozeScreenState=UNKNOWN, dozeScreenStateReason=DEFAULT_POLICY, useNormalBrightnessForDoze=false, waitForNegativeProximity=false displayReady=false pendingRequest=true
03-01 01:40:46.572  3799  4825 D DisplayManagerServiceExtImpl: request size(1,1),dpc=com.android.server.display.DisplayPowerController@10b6f27 size(0,1),flags=0X200F,id(0,0,local:4630946652107814787),enable=true,ready=false,waitForNegativeProximity=false policy=BRIGHT,useProximitySensor=false,dozeState=UNKNOWN,screenBrightnessOverride=-1.000000,useAuto=false,lowPower=false,lowPowerFactor=1.000000
03-01 01:40:46.573  3799  3946 D AidlDisplayPanelFeature: getDisplayPanelFeatureValue +++, featureID:7
03-01 01:40:46.573  3799  3946 I AidlDisplayPanelFeature: [0]
03-01 01:40:46.573  3799  3946 D AidlDisplayPanelFeature: getDisplayPanelFeatureValue ---, result = [0]
03-01 01:40:46.573  3799  3946 D OplusFeatureAntiDizzy:  recoverAntiDizzySettings mode = off
03-01 01:40:46.573  3799  3946 D OplusFeatureAntiDizzy:  animateLongTakeStateChange, policy 3
03-01 01:40:46.579  3799  5899 W NotificationHistory: Attempted to add notif for locked/gone/disabled user 0
03-01 01:40:46.579  3799  5899 W NotificationHistory: Attempted to add notif for locked/gone/disabled user 0
03-01 01:40:46.579  3799  5793 D CoreBackPreview: Window{fa4bbce u0 NotificationShade}: Setting back callback OnBackInvokedCallbackInfo{mCallback=android.window.IOnBackInvokedCallback$Stub$Proxy@6938e38, mPriority=0, mIsAnimationCallback=false, mOverrideBehavior=0}
03-01 01:40:46.583  3799  4825 D OplusScreenTimeEvent: reportWakeUpTime 132347350
03-01 01:40:46.584  3799  3946 D OplusDisplayState: setScreenState = 2 isPrimary = true
03-01 01:40:46.584  3799  3956 D VRR [OPlusRefreshRateService]: handleScreenStateChange id: 0physicalId: 4630946652107814787, state: 2
03-01 01:40:46.584  3799  3946 D OplusBrightnessAmbientAdapter: onScreenEvent displayId:0 isScreenOn:true isFolding:false mIsProximityPowerOff:false mIsNeedResetSpline:false
03-01 01:40:46.584  3799  3956 D VRR [OPlusGameStatusManager]: screenStateChange state: 2
03-01 01:40:46.584  3799  3946 D OplusFeatureBrightnessBarController: BrightnessBarController is not support.
03-01 01:40:46.584  3799  3956 D DisplayManagerServiceExtImpl: scheduleTraversalLocked intraversal=false
03-01 01:40:46.584  3799  3946 D DisplayPowerState[display=0]: setScreenState changed:OFF->ON
03-01 01:40:46.585  3799  3946 I DisplayPowerController[display=0]: Blocking screen on until initial contents have been drawn.
03-01 01:40:46.585  3799  3946 D WindowManager: screenTurnedOn  Display{#0 state=OFF size=1264x2780 ROTATION_0}
03-01 01:40:46.585  3799  3946 D WindowManager: Remove SleepToken: tag=Display-off, displayId=0
03-01 01:40:46.585  3799  3871 D DisplayManagerService: MSG_REQUEST_TRAVERSAL pendingCompleted=false
03-01 01:40:46.586  3799  5784 D KEYLOG_PhoneWindowManager: mKeyguardDelegate.ShowListener.onDrawn.
03-01 01:40:46.586  3799  3872 D DisplayManagerService: performTraversalInternal pendingTraversal
03-01 01:40:46.586  3799  3872 D DisplayDevice: setLayerStackLocked id=local:4630946652107814787 token=android.os.BinderProxy@e4e952b stack=-1->-1
03-01 01:40:46.586  3799  3869 W KEYLOG_PhoneWindowManager: Setting mKeyguardDrawComplete
03-01 01:40:46.586  3799  3869 I WindowManager: Window{fa4bbce u0 NotificationShade} state from HAS_DRAWN to DRAW_PENDING; reason: requestDrawIfNeeded
03-01 01:40:46.587  3799  3869 I WindowManager: Waiting for drawn Window{fa4bbce u0 NotificationShade}: removed=false visible=true mHasSurface=true drawState=1
03-01 01:40:46.587  3799  3869 D OplusWindowAnimationManager: Is NotificationShade draw check disabled: false, win: Window{fa4bbce u0 NotificationShade}, clientRotation: 0, isFullscreen: true, requestedWidth: 1264, requestedHeight: 2780, physicalHeight: 2780, physicalWidth: 1264
03-01 01:40:46.587  3799  3869 D WindowManager: waitForAllWindowsDrawn displayId=-1,false
03-01 01:40:46.588  3799  3946 I DisplayPowerController: Window Manager Policy screenTurningOn complete
03-01 01:40:46.588  3799  3946 D DisplayPowerController[display=0]: animateScreenStateChange screen on blocked blocker=com.android.server.display.DisplayPowerController$ScreenOnUnblocker@b20d577
03-01 01:40:46.588  3799  3946 I DisplayBrightnessStrategySelector: Changing the DisplayBrightnessStrategy from ScreenOffBrightnessStrategy to FallbackBrightnessStrategy for display 0
03-01 01:40:46.589  3799  3947 W ProcessStats: Tracking association SourceState{8641e1d system/1000 BFgs #441996} whose proc state 4 is better than process ProcessState{1ee5a44 com.android.wallpaper.livepicker:wallpaperService/10270 pkg=com.android.wallpaper.livepicker} proc state 5 (0 skipped)
03-01 01:40:46.589  3799  3946 D OplusFeatureReduceBrightness: setAnimating : animating = false
03-01 01:40:46.589  3799  3946 D OplusBrightnessAmbientAdapter: setAnimating: from false to false
03-01 01:40:46.592  3799  3872 I WindowManager: Waiting for drawn Window{fa4bbce u0 NotificationShade}: removed=false visible=true mHasSurface=true drawState=1
03-01 01:40:46.592  3799  3872 D OplusWindowAnimationManager: Is NotificationShade draw check disabled: false, win: Window{fa4bbce u0 NotificationShade}, clientRotation: 0, isFullscreen: true, requestedWidth: 1264, requestedHeight: 2780, physicalHeight: 2780, physicalWidth: 1264
03-01 01:40:46.592  3799  5784 V WindowManager: Relayout Window{8e45b3e u0 OnScreenFingerprintIcon}: viewVisibility=0, oldvis=8, req=1264x1264 , apr = 0, vsysui=
03-01 01:40:46.592  3799  5784 I WindowManager: Window{8e45b3e u0 OnScreenFingerprintIcon} state from NO_SURFACE to DRAW_PENDING; reason: resetDrawState
03-01 01:40:46.593  3799  5129 D OAppNetControlService: Hans update:[10547=false][1|1] blackList:[10334, 10512, 10359, 10381, 10348, 10356, 10474, 10352, 10561, 10457, 10363, 10346, 10395, 10353, 10388, 10351, 10362, 10513, 10373, 10349, 10424, 10554, 10327]
03-01 01:40:46.593  5371  5405 D ShellSplitScreen: onStartedWakingUp
03-01 01:40:46.593  3799  5784 I WindowManager: Waiting for drawn Window{fa4bbce u0 NotificationShade}: removed=false visible=true mHasSurface=true drawState=1
03-01 01:40:46.593  3799  5784 D OplusWindowAnimationManager: Is NotificationShade draw check disabled: false, win: Window{fa4bbce u0 NotificationShade}, clientRotation: 0, isFullscreen: true, requestedWidth: 1264, requestedHeight: 2780, physicalHeight: 2780, physicalWidth: 1264
03-01 01:40:46.593  3799  5784 D WindowManager: NFW_findFocusedWindowIfNeeded:Window{fa4bbce u0 NotificationShade} mCurrentFocus:Window{fa4bbce u0 NotificationShade}
03-01 01:40:46.594  5371  5371 V DreamService[DozeService]: UpdateDoze mDozeScreenState=3 mDozeScreenBrightness=72 mDozeScreenBrightnessFloat=NaN
03-01 01:40:46.594  3799  5769 D DreamManagerService: Dream requested to start dozing: android.os.Binder@ff5ffa9, screenState=DOZE, reason=UNKNOWN, screenBrightnessFloat=NaN, screenBrightnessInt=72, useNormalBrightnessForDoze=false
03-01 01:40:46.595  3799  5769 D OplusFeatureAOD: key:3799 tmp:3
03-01 01:40:46.596  3799  3947 W ContextImpl: Calling a method in the system process without a qualified user: android.app.ContextImpl.sendBroadcast:1281 com.android.server.am.OplusAppStartupConfig.handleCountRestrictedList:2054 com.android.server.am.OplusAppStartupManager.updateScreenStatus:5770 com.android.server.OplusSysStateManager$LocalService.onWakefulnessChanged:417 com.android.server.power.NotifierExtImpl.onWakefulnessChanged:145 
03-01 01:40:46.596  5371  5371 W VRI[NotificationShade]: handleResized, msg:, frameChanged:false, configChanged:false, displayChanged:false, attachedFrameChanged:false, compatScaleChanged:false, pendingDragResizing=false
03-01 01:40:46.597  3799 32533 W ContextImpl: Calling a method in the system process without a qualified user: android.app.ContextImpl.sendBroadcast:1296 com.android.server.policy.PhoneWindowManagerExtImpl$6.run:1747 java.lang.Thread.run:1564 <bottom of call stack> <bottom of call stack> 
03-01 01:40:46.601  3799  4914 I MR2ServiceImpl: Updating composite discovery preference | preference: RouteDiscoveryRequest{ preferredFeatures={}, activeScan=false }, active routers: []
03-01 01:40:46.602  3799  5793 V WindowManager: Relayout Window{a076969 u0 OnScreenFingerprintPressedIcon}: viewVisibility=0, oldvis=8, req=195x195 , apr = 0, vsysui=
03-01 01:40:46.602  3799  5793 I WindowManager: Window{a076969 u0 OnScreenFingerprintPressedIcon} state from NO_SURFACE to DRAW_PENDING; reason: resetDrawState
03-01 01:40:46.603  3799  5793 I WindowManager: Waiting for drawn Window{fa4bbce u0 NotificationShade}: removed=false visible=true mHasSurface=true drawState=1
03-01 01:40:46.603  3799  5793 D OplusWindowAnimationManager: Is NotificationShade draw check disabled: false, win: Window{fa4bbce u0 NotificationShade}, clientRotation: 0, isFullscreen: true, requestedWidth: 1264, requestedHeight: 2780, physicalHeight: 2780, physicalWidth: 1264
03-01 01:40:46.604  3799  5202 D JobSchedulerServiceExtImpl: updateOsenseRestrictMode for 7 true false
03-01 01:40:46.604  3799  5793 D WindowManager: NFW_findFocusedWindowIfNeeded:Window{fa4bbce u0 NotificationShade} mCurrentFocus:Window{fa4bbce u0 NotificationShade}
03-01 01:40:46.604  3799  5784 I WindowManager: Window{8e45b3e u0 OnScreenFingerprintIcon} state from DRAW_PENDING to COMMIT_DRAW_PENDING; reason: finishDrawingLocked
03-01 01:40:46.604  3799  3872 I WindowManager: Window{8e45b3e u0 OnScreenFingerprintIcon} state from COMMIT_DRAW_PENDING to READY_TO_SHOW; reason: commitFinishDrawingLocked
03-01 01:40:46.604  3799  3872 I WindowManager: Window{8e45b3e u0 OnScreenFingerprintIcon} state from READY_TO_SHOW to HAS_DRAWN; reason: performShowLocked
03-01 01:40:46.605  3799  3872 I WindowManager: Waiting for drawn Window{fa4bbce u0 NotificationShade}: removed=false visible=true mHasSurface=true drawState=1
03-01 01:40:46.605  3799  3872 D OplusWindowAnimationManager: Is NotificationShade draw check disabled: false, win: Window{fa4bbce u0 NotificationShade}, clientRotation: 0, isFullscreen: true, requestedWidth: 1264, requestedHeight: 2780, physicalHeight: 2780, physicalWidth: 1264
03-01 01:40:46.605  3799  3946 D DpcExtImpl[display=0]: Animating brightness: hdrBrightness target=1170.442->1786.0,sdrBrightness target=1170.442->1786.0,rate=3200->0,rate type = manual->manual,byUser=false local:4630946652107814787 , brightness from dpc = 1786.0
03-01 01:40:46.607  3799  3946 D DisplayPowerController[display=0]: updatePowerStateInternal policy:DOZE->BRIGHT,state:OFF->ON policy=BRIGHT, useProximitySensor=false, screenBrightnessOverride=-1.0, useAutoBrightness=false, screenAutoBrightnessAdjustmentOverride=NaN, screenLowPowerBrightnessFactor=1.0, blockScreenOn=false, lowPowerMode=false, boostScreenBrightness=false, dozeScreenBrightness=NaN, dozeScreenState=UNKNOWN, dozeScreenStateReason=DEFAULT_POLICY, useNormalBrightnessForDoze=false
03-01 01:40:46.607  3799  3946 D DisplayPowerState[display=0]: updateRunnable run fadeLevle=0.0 state=ON brightness changed:1786.0->-1.0
03-01 01:40:46.607  3799  3946 D DisplayPowerController[display=0]: animateScreenStateChange screen on blocked blocker=com.android.server.display.DisplayPowerController$ScreenOnUnblocker@b20d577
03-01 01:40:46.608  3799  4976 D DisplayPowerState[display=0]: Updating screen state: id=0, state=ON, backlight=-1.0, sdrBacklight=-1.0
03-01 01:40:46.608  3799  4976 D DisplayAdapterExt: sendDisplayDeviceEventLocked event=2,now=176776554,timestamp=176776554 device:[id=local:4630946652107814787,stack=-1],isFirst=true,activeMode=3,state=ON,commitState=OFF,devInfo:null
03-01 01:40:46.608  3799  3871 I DisplayDeviceRepository: Display device changed state: "Built-in Screen", ON
03-01 01:40:46.608  3799  3871 D LogicalDisplayMapper: Display device changed diff=2
03-01 01:40:46.609  3799  3871 D LogicalDisplayExt: set displayInfo flag FLAG_ROTATES_WITH_CONTENT
03-01 01:40:46.609  3799  3871 D DisplayManagerServiceExtImpl: scheduleTraversalLocked intraversal=false
03-01 01:40:46.609  3799  3871 I DisplayManagerServiceExtImpl: handle logical display changed logicalDisplay=id=0,stack=0,content=true,displayInfo{stack=0,type=1,id=0,uId=local:4630946652107814787,state=ON,pkg=null}
03-01 01:40:46.610  3799  3883 D AppProfilerExtImpl: Skipped pss collection for CPU busy
03-01 01:40:46.611  3799  5793 I WindowManager: Window{a076969 u0 OnScreenFingerprintPressedIcon} state from DRAW_PENDING to COMMIT_DRAW_PENDING; reason: finishDrawingLocked
03-01 01:40:46.612  3799  3872 I WindowManager: Window{a076969 u0 OnScreenFingerprintPressedIcon} state from COMMIT_DRAW_PENDING to READY_TO_SHOW; reason: commitFinishDrawingLocked
03-01 01:40:46.612  3799  3872 I WindowManager: Window{a076969 u0 OnScreenFingerprintPressedIcon} state from READY_TO_SHOW to HAS_DRAWN; reason: performShowLocked
03-01 01:40:46.612  3799  3872 D DisplayManagerService: performTraversalInternal pendingTraversal
03-01 01:40:46.612  3799  3872 D DisplayDevice: setLayerStackLocked id=local:4630946652107814787 token=android.os.BinderProxy@e4e952b stack=-1->0
03-01 01:40:46.612  3799  3872 I DisplayDevice: [0] Layerstack set to 0 for local:4630946652107814787
03-01 01:40:46.612  3799  3872 I WindowManager: Waiting for drawn Window{fa4bbce u0 NotificationShade}: removed=false visible=true mHasSurface=true drawState=1
03-01 01:40:46.612  3799  3872 D OplusWindowAnimationManager: Is NotificationShade draw check disabled: false, win: Window{fa4bbce u0 NotificationShade}, clientRotation: 0, isFullscreen: true, requestedWidth: 1264, requestedHeight: 2780, physicalHeight: 2780, physicalWidth: 1264
03-01 01:40:46.612  3799  5899 I WindowManager: Window{fa4bbce u0 NotificationShade} state from DRAW_PENDING to COMMIT_DRAW_PENDING; reason: finishDrawingLocked
03-01 01:40:46.613  3799  3872 I WindowManager: Window{fa4bbce u0 NotificationShade} state from COMMIT_DRAW_PENDING to READY_TO_SHOW; reason: commitFinishDrawingLocked
03-01 01:40:46.613  3799  3872 I WindowManager: Window{fa4bbce u0 NotificationShade} state from READY_TO_SHOW to HAS_DRAWN; reason: performShowLocked
03-01 01:40:46.613  3799  3872 D DisplayManagerService: performTraversalInternal pendingTraversal
03-01 01:40:46.613  3799  3872 D DisplayDevice: setLayerStackLocked id=local:4630946652107814787 token=android.os.BinderProxy@e4e952b stack=0->0
03-01 01:40:46.613  3799  3872 I WindowManager: Waiting for drawn Window{fa4bbce u0 NotificationShade}: removed=false visible=true mHasSurface=true drawState=4
03-01 01:40:46.613  3799  3872 D OplusWindowAnimationManager: Is NotificationShade draw check disabled: false, win: Window{fa4bbce u0 NotificationShade}, clientRotation: 0, isFullscreen: true, requestedWidth: 1264, requestedHeight: 2780, physicalHeight: 2780, physicalWidth: 1264
03-01 01:40:46.613  3799  3869 W KEYLOG_PhoneWindowManager: All windows drawn on display -1
03-01 01:40:46.613  3799  3869 D FSS_FoldScreenBlackCoverController: finishWindowsDrawn, displayId:-1
03-01 01:40:46.613  3799  3869 I WindowManager: Finished screen turning on...0
03-01 01:40:46.613  3799  3869 D DpcExtImpl[display=0]: ScreenOnUnblocker, onScreenOn
03-01 01:40:46.614  3799  3946 I DisplayPowerController[display=0]: Unblocked screen on after 29 ms
03-01 01:40:46.614  3799  3946 D DisplayPowerState[display=0]: setColorFadeLevel: level=1.0
03-01 01:40:46.616  3799  3871 D DisplayManagerService: Delivering display event: displayId=0, event=BASIC_CHANGED
03-01 01:40:46.617  5127  5127 D CastManagerService: onDisplayChanged.
03-01 01:40:46.621  3799  3871 D DisplayManagerService: MSG_REQUEST_TRAVERSAL pendingCompleted=false
03-01 01:40:46.621  3799  3871 D DisplayManagerService: Delivering display event: displayId=0, event=EVENT_DISPLAY_STATE_CHANGED
03-01 01:40:46.622  3799  5129 D OAppNetControlService: Screens on!
03-01 01:40:46.624  3799  3869 D WindowManager: DeferredDisplayUpdater: partially applying DisplayInfo(1264 x 2780) immediately
03-01 01:40:46.625  3799  3869 D OplusVFXScreenEffectFeature: notifySFCompatWindowStateChange entered false
03-01 01:40:46.625  3799  3869 D FSS_FoldScreenBlackCoverController: displayChangeToOn, dc:Display{#0 state=ON size=1264x2780 ROTATION_0}
03-01 01:40:46.657  3799  5533 D ActivityManager: sync unfroze 9493 com.google.android.gms for 4
03-01 01:40:46.660  3799  3869 D FlexibleTaskController: isFullToFlexibleAnimating: false
03-01 01:40:46.660  3799  3869 D WindowManager: rotation(ROTATION_0) no changed  displayId = 0, lastOrientation = 5
03-01 01:40:46.660  3799  5533 D ActivityManager: sync unfroze 4462 com.android.vending for 4
03-01 01:40:46.662  3799  4670 D ActivityManager: reportOneUidFrozenStateChanged uid 10127 frozen = false
03-01 01:40:46.734  3799  3956 D VRR [OPlusSAManager]: updateAutoMinfps for 4630946652107814787 with nits: 0.0, mHistOK true, mAmbientOK true, mCctOK true, mIrOK true, mBrightnessOK true, isPkgOK true, SA min fps: 0
03-01 01:40:46.735  3799  3956 D VRR [OPlusHistogram]: registerCallbacks callbacks: com.oplus.vrr.OPlusSAManager$2@486dfbe
03-01 01:40:46.735  3799  3956 D VRR [OPlusHistogram]: mFeatureSwitch: true killer: KillerPatternBean{mEnable=false, mSamplerInterval=500, mLowGrayRatio=0.3, mMaxGrayRatio=0.8, mGrayCalcLowBit=0, mGrayCalcHighBit=3, mNitLowLimit=0.0} callbacks: 1 isSampling: false
03-01 01:40:46.735  3799  3956 D VRR [OPlusAmbientBrightness]: registerCallbacks callbacks: com.oplus.vrr.OPlusSAManager$1@402276c
03-01 01:40:46.735  3799  3956 D VRR [OPlusColorTemperature]: registerCallbacks callbacks: com.oplus.vrr.OPlusSAManager$3@675e135
03-01 01:40:46.735  3799  3956 D VRR [OPlusInfrared]: registerCallbacks callbacks: com.oplus.vrr.OPlusSAManager$4@ecd39ca
03-01 01:40:46.828  3799  4976 D DisplayAdapterExt: sendDisplayDeviceEventLocked event=2,now=176776775,timestamp=176776775 device:[id=local:4630946652107814787,stack=0],isFirst=true,activeMode=3,state=ON,commitState=ON,devInfo:null
03-01 01:40:46.829  3799  3871 I DisplayDeviceRepositoryExtImpl: Display device changed committed state: "Built-in Screen", ON
03-01 01:40:46.829  3799  3871 D LogicalDisplayMapper: Display device changed diff=4
03-01 01:40:46.829  3799  3871 D LogicalDisplayExt: set displayInfo flag FLAG_ROTATES_WITH_CONTENT
03-01 01:40:46.829  3799  3871 D DpcExtImpl[display=0]: setBrightnessNoAnimation, noAnimation = false
03-01 01:40:46.829  3799  3871 D DisplayManagerService: Delivering display event: displayId=0, event=EVENT_DISPLAY_COMMITTED_STATE_CHANGED
03-01 01:40:46.834  3799  3951 D OplusFeatureDMR[display=0]: onConfigChanged threadId=70 threadName=OplusDisplayWorkHandler physicalDisplayId=4630946652107814787 modeId=0  
03-01 01:40:46.835  3799  3871 I DisplayDeviceRepository: Display device changed render timings: "Built-in Screen", renderFrameRate=120.00001, presentationDeadlineNanos=14329999, appVsyncOffsetNanos=6336667, frameRateOverrides=[]
03-01 01:40:46.835  3799  3871 D LogicalDisplayExt: set displayInfo flag FLAG_ROTATES_WITH_CONTENT
03-01 01:40:46.835  3799  3871 D DisplayManagerService: Delivering display event: displayId=0, event=EVENT_DISPLAY_REFRESH_RATE_CHANGED
03-01 01:40:46.835  3799  3956 D VRR [OPlusSAManager]: updateAutoMinfps for 4630946652107814787 with nits: 128.596, mHistOK true, mAmbientOK true, mCctOK true, mIrOK true, mBrightnessOK true, isPkgOK true, SA min fps: 0
03-01 01:40:46.835  3799  3956 D VRR [OPlusSurfaceFlingerController]:  setAvtBackLightConfig : true
03-01 01:40:46.837  3799  3869 D WindowManager: DeferredDisplayUpdater: partially applying DisplayInfo(1264 x 2780) immediately
03-01 01:40:46.838  3799  3869 D OplusVFXScreenEffectFeature: notifySFCompatWindowStateChange entered false
03-01 01:40:46.838  3799  3869 D FSS_FoldScreenBlackCoverController: displayChangeToOn, dc:Display{#0 state=ON size=1264x2780 ROTATION_0}
03-01 01:40:46.885  3799  3956 D VRR [OPlusRefreshRateService]: handleConfigIdChange physicalDisplayId: 4630946652107814787 configId: 0 renderPeriod: 8333333
03-01 01:40:46.886  3799  3956 D VRR [OPlusGameStatusManager]: updateGameState mOSyncFeatureSwitch: false mIsGamePolicy: false
03-01 01:40:46.886  3799  3956 D VRR [OPlusGameStatusManager]: updateGameAccelerationStatus pkgName: com.skidorider mOSyncFeatureSwitch: false mIsGamePolicy: false mHeartStop: false mHasFlickerRisk: false mForceAcceleration: false mToastReady: false enable: false
03-01 01:40:46.936  3799  3956 D VRR [OPlusSAManager]: updateAutoMinfps for 4630946652107814787 with nits: 128.596, mHistOK true, mAmbientOK true, mCctOK true, mIrOK true, mBrightnessOK true, isPkgOK true, SA min fps: 0
03-01 01:40:46.965  3799  5769 D AidlResponseHandler: [onTransact]code 3 flags: 16
03-01 01:40:46.966  3799  4916 V BiometricLogger: Acquired! Modality: 1, User: 0, IsCrypto: false, Action: 2, Client: 1, AcquiredInfo: 0, VendorCode: 0
03-01 01:40:46.966  3799  4916 V Biometrics/AcquisitionClient: Acquired: 0 0, shouldSend: true
03-01 01:40:46.966  3799  4916 D PowerManagerService: userActivityNoUpdateLocked: groupId=0, eventTime=132347761, event=touch, flags=0x0, uid=1000
03-01 01:40:47.006  3799  5769 D AidlResponseHandler: [onTransact]code 6 flags: 16
03-01 01:40:47.007  3799  4916 D Biometrics/Fingerprint/UdfpsHelperExtImpl: false: false, false[true, false]
03-01 01:40:47.007  3799  4825 D AidlDisplayPanelFeature: setDisplayPanelFeatureValue +++, ID:28, value:0
03-01 01:40:47.007  3799  4825 D AidlDisplayPanelFeature: getDisplayPanelFeatureValue +++, featureID:211
03-01 01:40:47.007  3799  4916 D OplusUserManagerServiceEnhance: getMultiSystemUserId  res = -10000
03-01 01:40:47.008  3799  4825 I AidlDisplayPanelFeature: [144]
03-01 01:40:47.008  3799  4825 D AidlDisplayPanelFeature: getDisplayPanelFeatureValue ---, result = [144]
03-01 01:40:47.008  3799  4825 D AidlDisplayPanelFeature: getDisplayPanelFeatureValue +++, featureID:211
03-01 01:40:47.008  3799  4916 V BiometricLogger: Authenticated! Modality: 1, User: 0, IsCrypto: false, Client: 1, RequireConfirmation: false, State: 3, Latency: -1, Lux: -1.0
03-01 01:40:47.008  3799  4825 I AidlDisplayPanelFeature: [144]
03-01 01:40:47.008  3799  4916 V Biometrics/AuthenticationClient: onAuthenticated(true), ID:1926648984, Owner: com.android.systemui, isBP: false, listener: com.android.server.biometrics.sensors.ClientMonitorCallbackConverter@1b28898, requireConfirmation: false, user: 0, clientMonitor: {[1058] com.android.server.biometrics.sensors.fingerprint.aidl.FingerprintAuthenticationClient, proto=3, owner=com.android.systemui, cookie=0, requestId=500, userId=0}
03-01 01:40:47.008  3799 32567 V Biometrics/FingerprintProvider/FingerprintServiceProviderExtImpl: start notify Vold when fingerprint success
03-01 01:40:47.008  3799  4916 W Biometrics/AuthenticationClient: Allowing background authentication, this is allowed only for platform or test invocations
03-01 01:40:47.008  3799  4825 D AidlDisplayPanelFeature: getDisplayPanelFeatureValue ---, result = [144]
03-01 01:40:47.008  3799  4916 D BaseClientMonitor: marking operation as done: {[1058] com.android.server.biometrics.sensors.fingerprint.aidl.FingerprintAuthenticationClient, proto=3, owner=com.android.systemui, cookie=0, requestId=500, userId=0}
03-01 01:40:47.008  3799 32567 E StorageManagerService: unlockSensitiveKey fail!
03-01 01:40:47.008  3799  4825 D AidlDisplayPanelFeature: notifyDispFingerLayer 1
03-01 01:40:47.008  3799  4916 D BiometricService: resetLockout from: 1, for: 4, userId: 0
03-01 01:40:47.009  3799  4825 I Biometrics/Fingerprint/UdfpsHelperExtImpl: requestRefreshRate: 0
03-01 01:40:47.009  1205  1462 I vold    : [sensitive file debug]fscrypt_export_sensitive_file_key start, user_id=0,sensitiveType=0,use_default=1
03-01 01:40:47.009  1205  1462 D vold    : Cannot find key for 0
03-01 01:40:47.009  1205  1462 I vold    : [sensitive file debug]lookup_sensitive_file_key,failed sensitiveType: 0,try to create!
03-01 01:40:47.009  3799  4918 D BiometricScheduler: [Added] {[1059] com.android.server.biometrics.sensors.face.aidl.FaceResetLockoutClient, proto=12, owner=android, cookie=0, requestId=-1, userId=0}, new queue size: 1, interruptable: true
03-01 01:40:47.009  3799  4918 D BiometricScheduler: [Polled] {[1059] com.android.server.biometrics.sensors.face.aidl.FaceResetLockoutClient, proto=12, owner=android, cookie=0, requestId=-1, userId=0}, State: 0
