03-01 01:41:11.061  6360  7217 D AONLog  : OSensorHubResultProcess:  set face:v.b@140740f angle: {.pitch = 5.132322, .yaw = 30.67907, .roll = 7.5306454, .masked = -10.94808, .lmk_left_eye_x = 35.348343, .lmk_left_eye_y = 23.292677, .lmk_right_eye_x = 56.201385, .lmk_right_eye_y = 21.337704, .lmk_nose_x = 56.527214, .lmk_nose_y = 32.74171, .lmk_left_mouth_x = 45.123207, .lmk_left_mouth_y = 48.381493, .lmk_right_mouth_x = 60.762985, .lmk_right_mouth_y = 45.449036}
03-01 01:41:11.061  6360  7217 I AONLog  : i: detect->faces num = 1, gesture num = 1
03-01 01:41:11.061  6360  7217 I AONLog  : AntiPeepingSMachine: AntiPeeping faceSize:1, facesSuitableSize:1
03-01 01:41:11.061  6360  7217 I AONLog  : AntiPeepingSMachine: compareRes pass (skip), sendMessage show
03-01 01:41:11.061  6360  7217 D AONLog  : EngineContext: clear engine Context
03-01 01:41:11.061  6360  7217 D AONLog  : FramePackage: clear framePackage:0
03-01 01:41:11.061  6360  7217 D AONLog  : EngineContext: clear human Detected List
03-01 01:41:11.061  6360  6585 I AONLog  : ListenerManager: type = 4  eventInfo = 196610
03-01 01:41:11.061  6360  6585 I AONLog  : ListenerManager: notifySpecialObserver lock. AonCmdType:393219
03-01 01:41:11.061  2183   578 I ChiX    : [oplusAON:ProcessAONServiceEvent] AON Event notify: Success callback:0xb400007dbe03b080 for hClientHandle= 0xb400007e418ce240
03-01 01:41:11.062  5371 13564 I AONLog  : AntiPeeping: event=196610
03-01 01:41:11.065  5684  6484 D RadioProxyJ[0]: [49722]> getRRCStatus
03-01 01:41:11.065  5684  6484 D RadioProxyJ[1]: [49723]> getRRCStatus
03-01 01:41:11.067  2904  3056 D QmiNasClient: getRRCStatus - enter
03-01 01:41:11.067  3652  3686 D QmiNasClient: getRRCStatus - enter
03-01 01:41:11.069  3652  4243 D QmiNasClient: getRRCStatus callback - enter
03-01 01:41:11.069  2904  4251 D QmiNasClient: getRRCStatus callback - enter
03-01 01:41:11.069  2904  4251 D QmiNasClient: getRRCStatus result.rsp.rrcStatusInfo.rrcStatus = 0
03-01 01:41:11.069  3652  4243 D QmiNasClient: getRRCStatus result.rsp.rrcStatusInfo.rrcStatus = 0
03-01 01:41:11.069  3652  3686 D NasProxy: handleMessage msg is 4001
03-01 01:41:11.069  3652  3686 D RadioProxy: getRRCStatus : response cb for instance 1
03-01 01:41:11.070  5371  5371 D HeadsUpContainerWindow: notifySizeOrLocationChanged::SkRegion((0,0,1264,191)(0,191,56,406)(1208,191,1264,406)(0,406,1264,2780))
03-01 01:41:11.070  2904  3056 D NasProxy: handleMessage msg is 4001
03-01 01:41:11.070  2904  3056 D RadioProxy: getRRCStatus : response cb for instance 0
03-01 01:41:11.070  5371  5371 D HeadsUpContainerWindow: notifySizeOrLocationChanged::SkRegion((0,0,1264,191)(0,191,56,407)(1208,191,1264,407)(0,407,1264,2780))
03-01 01:41:11.071  5684  7963 D RadioProxyJ[0]: [49722]< getRRCStatusResponse 0
03-01 01:41:11.071  5684  8009 D RadioProxyJ[1]: [49723]< getRRCStatusResponse 0
03-01 01:41:11.072  5684  6484 D CoexRfService: report RRC state:false
03-01 01:41:11.073  5684  6484 W ContextImpl: Calling a method in the system process without a qualified user: android.app.ContextImpl.sendBroadcast:1296 android.content.ContextWrapper.sendBroadcast:521 com.oplus.coex.CoexRfService.sendRrcStatusToWlan:437 com.oplus.coex.CoexRfService.-$$Nest$msendRrcStatusToWlan:0 com.oplus.coex.CoexRfService$CoexRfHandler.handleMessage:327 
03-01 01:41:11.078  3799  3799 D OplusWifiBroadCastDispatcher: mBroadcastReceiver: onReceiver  action=oplus.intent.action.WWAN_TX_STATUS
03-01 01:41:11.081  5371  5371 D HeadsUpContainerWindow: notifySizeOrLocationChanged::SkRegion((0,0,1264,189)(0,189,56,405)(1208,189,1264,405)(0,405,1264,2780))
03-01 01:41:11.091  5371  5371 D HeadsUpContainerWindow: notifySizeOrLocationChanged::SkRegion((0,0,1264,187)(0,187,56,403)(1208,187,1264,403)(0,403,1264,2780))
03-01 01:41:11.103  5371  5371 D HeadsUpContainerWindow: notifySizeOrLocationChanged::SkRegion((0,0,1264,185)(0,185,56,401)(1208,185,1264,401)(0,401,1264,2780))
03-01 01:41:11.114  5371  5371 D HeadsUpContainerWindow: notifySizeOrLocationChanged::SkRegion((0,0,1264,184)(0,184,56,400)(1208,184,1264,400)(0,400,1264,2780))
03-01 01:41:11.125  5371  5371 D HeadsUpContainerWindow: notifySizeOrLocationChanged::SkRegion((0,0,1264,182)(0,182,56,398)(1208,182,1264,398)(0,398,1264,2780))
03-01 01:41:11.136  5371  5371 D HeadsUpContainerWindow: notifySizeOrLocationChanged::SkRegion((0,0,1264,180)(0,180,56,396)(1208,180,1264,396)(0,396,1264,2780))
03-01 01:41:11.147  5371  5371 D HeadsUpContainerWindow: notifySizeOrLocationChanged::SkRegion((0,0,1264,179)(0,179,56,395)(1208,179,1264,395)(0,395,1264,2780))
03-01 01:41:11.158  5371  5371 D HeadsUpContainerWindow: notifySizeOrLocationChanged::SkRegion((0,0,1264,177)(0,177,56,393)(1208,177,1264,393)(0,393,1264,2780))
03-01 01:41:11.159  2183   578 I ChiX    : [oplusAON:QSEEAON_ServiceCallback oplusSrvType:11] Receive QSEEAON Callback
03-01 01:41:11.159  2183   578 I ChiX    : [oplusAON:ProcessAONServiceEvent] AON Event notify for hClientHandle= 0xb400007e418ce240
03-01 01:41:11.159  2183   578 I ChiX    : [oplusAON:ClientEventCallBack] AON Event notify srvType=11, clientHandle:0xb400007e418ce240
03-01 01:41:11.159  2183   578 I ChiX    : [oplusAON:TranslateToAonCallbackInfo  AONServiceType: 11] Translate to Service Event Info
03-01 01:41:11.159  2183   578 D ChiX    : [oplusAON:AddFusionResult] Translate to fuison Event Info
03-01 01:41:11.159  2183   578 D ChiX    : [oplusAON:AddFusionResult] fusion:rotation_angle = 90.000000
03-01 01:41:11.159  2183   578 D ChiX    : [oplusAON] fusion->count:3
03-01 01:41:11.159  2183   578 D ChiX    : fusion->itemLength:20
03-01 01:41:11.159  2183   578 D ChiX    : fusion->data i:0, data[2.000000,0.695128,55.411980,113.428925,123.735222,168.962601,0.000000,0.000000,0.000000,0.000000,0.000000,0.000000,0.000000,0.000000,0.000000,0.000000,0.000000,0.000000,0.000000,0.000000]
03-01 01:41:11.159  2183   578 D ChiX    : fusion->data i:1, data[1.000000,0.500000,26.279612,146.837570,75.010056,203.010757,0.000000,0.000000,0.000000,0.000000,0.000000,0.000000,0.000000,0.000000,0.000000,0.000000,0.000000,0.000000,0.000000,0.000000]
03-01 01:41:11.159  2183   578 D ChiX    : fusion->data i:2, data[3.000000,0.448669,88.746819,124.413330,107.978485,166.224426,0.000000,0.000000,0.000000,0.000000,0.000000,0.000000,0.000000,0.000000,0.000000,0.000000,0.000000,0.000000,0.000000,0.000000]
03-01 01:41:11.159  2183   578 D ChiX    : [oplusAON:AddAngleResult] Translate to Angle Event Info
03-01 01:41:11.159  2183   578 D ChiX    : [oplusAON:AddFeatureResult] Translate to FaceFeature Event Info
03-01 01:41:11.161  6360 19066 D AONLog  : SensorHubAonManager: [notify] clientHandle:-5476376604616891840,isStopped:false, callback:k.g@c04312
03-01 01:41:11.161  6360 19066 D AONLog  : SensorHubAonManager: aonCallBackInfo-> serviceType:11, results:[Lvendor.oplus.hardware.camera.aon.AONResult;@e682c9c
03-01 01:41:11.161  6360 19066 D AONLog  : AONResultsClassify: convertToResult
03-01 01:41:11.161  6360 19066 D AONLog  : AONResultsClassify: have FusionResult
03-01 01:41:11.162  6360 19066 D AONLog  : sensorhub_engine: engineSwitchOn = true runningCmds.size()=1 stopRunningCmds.size()=0
03-01 01:41:11.162  6360  7217 D AONLog  : OSensorHubResultProcess: transform inParams：com.aon.service.aonsensorhublib.p@c9ab6a5
03-01 01:41:11.162  6360  7217 D AONLog  : OSensorHubResultProcess: transform fusionResult getDataCount：3 rotateAngle = 90
03-01 01:41:11.162  6360  7217 D AONLog  : OSensorHubResultProcess: recogResult[0]:FusionData{mCls=2, mScore=0.695128, mBboxX1=55.41198, mBboxY1=113.428925, mBboxX2=123.73522, mBboxY2=168.9626, landmarks=[0.0, 0.0, 0.0, 0.0, 0.0, 0.0, 0.0, 0.0, 0.0, 0.0, 0.0, 0.0, 0.0, 0.0]}
03-01 01:41:11.162  6360  7217 D AONLog  : OSensorHubResultProcess: bboxType:2
03-01 01:41:11.162  6360  7217 D AONLog  : OSensorHubResultProcess: recogResult[1]:FusionData{mCls=1, mScore=0.5, mBboxX1=26.279612, mBboxY1=146.83757, mBboxX2=75.010056, mBboxY2=203.01076, landmarks=[0.0, 0.0, 0.0, 0.0, 0.0, 0.0, 0.0, 0.0, 0.0, 0.0, 0.0, 0.0, 0.0, 0.0]}
03-01 01:41:11.162  6360  7217 D AONLog  : OSensorHubResultProcess: bboxType:1
03-01 01:41:11.162  6360  7217 D AONLog  : OSensorHubResultProcess: recogResult[2]:FusionData{mCls=3, mScore=0.44866872, mBboxX1=88.74682, mBboxY1=124.41333, mBboxX2=107.978485, mBboxY2=166.22443, landmarks=[0.0, 0.0, 0.0, 0.0, 0.0, 0.0, 0.0, 0.0, 0.0, 0.0, 0.0, 0.0, 0.0, 0.0]}
03-01 01:41:11.162  6360  7217 D AONLog  : OSensorHubResultProcess: bboxType:3
03-01 01:41:11.162  6360  7217 D AONLog  : OSensorHubResultProcess:  set face:v.b@a243a7a angle: {.pitch = -0.394794, .yaw = 24.104982, .roll = 9.036774, .masked = -16.090359, .lmk_left_eye_x = 36.37968, .lmk_left_eye_y = 30.225136, .lmk_right_eye_x = 60.997856, .lmk_right_eye_y = 26.242785, .lmk_nose_x = 58.825665, .lmk_nose_y = 40.724064, .lmk_left_mouth_x = 45.430477, .lmk_left_mouth_y = 57.015503, .lmk_right_mouth_x = 65.34224, .lmk_right_mouth_y = 52.30909}
03-01 01:41:11.163  6360  7217 I AONLog  : i: detect->faces num = 1, gesture num = 1
03-01 01:41:11.163  6360  7217 I AONLog  : AntiPeepingSMachine: AntiPeeping faceSize:1, facesSuitableSize:1
03-01 01:41:11.163  6360  7217 I AONLog  : AntiPeepingSMachine: compareRes pass (skip), sendMessage show
03-01 01:41:11.163  6360  7217 D AONLog  : EngineContext: clear engine Context
03-01 01:41:11.163  6360  7217 D AONLog  : FramePackage: clear framePackage:0
03-01 01:41:11.163  6360  7217 D AONLog  : EngineContext: clear human Detected List
03-01 01:41:11.163  2183   578 I ChiX    : [oplusAON:ProcessAONServiceEvent] AON Event notify: Success callback:0xb400007dbe03b080 for hClientHandle= 0xb400007e418ce240
03-01 01:41:11.163  6360  6585 I AONLog  : ListenerManager: type = 4  eventInfo = 196610
03-01 01:41:11.163  6360  6585 I AONLog  : ListenerManager: notifySpecialObserver lock. AonCmdType:393219
03-01 01:41:11.163  5371  5495 I AONLog  : AntiPeeping: event=196610
03-01 01:41:11.169  5371  5371 D HeadsUpContainerWindow: notifySizeOrLocationChanged::SkRegion((0,0,1264,176)(0,176,56,392)(1208,176,1264,392)(0,392,1264,2780))
03-01 01:41:11.169  3799  5534 I OplusHansManager : uid=10344, pkg=com.whatsapp F enter(), M stay=10
03-01 01:41:11.177  3799  5534 I OplusHansManager : freeze uid: 10344 com.whatsapp pids: [23885] scene: LcdOn
03-01 01:41:11.178  3799  6628 I OStatsManager_OplusBatteryStatsManager: updateStateTime: PkgName = com.whatsapp, uid = 10344, state to em, mForegroundCnt = 0, isFg = false
03-01 01:41:11.179  9228 31996 D IHansComunication: HANS sendMessageToKernel: threadId = 525449792576, netLinkSetup = 1, type = PKG, targetUid = 10344, pkgCmd = ADD_ONE_UID
03-01 01:41:11.180  5371  5371 D HeadsUpContainerWindow: notifySizeOrLocationChanged::SkRegion((0,0,1264,174)(0,174,56,390)(1208,174,1264,390)(0,390,1264,2780))
03-01 01:41:11.192  5371  5371 D HeadsUpContainerWindow: notifySizeOrLocationChanged::SkRegion((0,0,1264,173)(0,173,56,389)(1208,173,1264,389)(0,389,1264,2780))
03-01 01:41:11.197  3799  4668 W SensorService: Dropping 1 cached events (10000/10000) to save 1/1 new events. 28 events previously dropped, app:com.spotify.music type=1
03-01 01:41:11.202  5371  5371 D HeadsUpContainerWindow: notifySizeOrLocationChanged::SkRegion((0,0,1264,172)(0,172,56,388)(1208,172,1264,388)(0,388,1264,2780))
03-01 01:41:11.206  3799  4676 V AlarmManager: sending alarm Alarm{b49694f type 1 origWhen 1772309471207 whenElapsed 176801153 android} uid 1000 whenElapsed 176801153 windowLength 0 maxWhenElapsed 176801153 repeatInterval 0 action null component null tag StorgaeBandInfoAlarmTag flags 0x9 procName system_server
03-01 01:41:11.208  3799 12316 E OplusStorageUFSBandwidth: storage_io_metrics_path is /proc/oplus_storage/io_metrics/forever/
03-01 01:41:11.213  5371  5371 D HeadsUpContainerWindow: notifySizeOrLocationChanged::SkRegion((0,0,1264,171)(0,171,56,387)(1208,171,1264,387)(0,387,1264,2780))
03-01 01:41:11.215  3799  5727 I OplusHansManager : unfreeze uid: 10344 com.whatsapp pids: [23885] reason: acquireWakeLock *alar... /WorkSource{1000 chains=WorkChain{(10344), (1000, JobScheduler)}} scene: LcdOn
03-01 01:41:11.216  3799  6628 I OStatsManager_OplusBatteryStatsManager: updateStateTime: PkgName = com.whatsapp, uid = 10344, state to bg, mForegroundCnt = 0, isFg = false
03-01 01:41:11.216  3799 12316 E OplusStorageUFSBandwidth: Bandwidth - Read: 1.00 MB/s, Write: 0.00 MB/s
03-01 01:41:11.216  3799 12316 E OplusStorageUFSBandwidth: Task time: 8ms
03-01 01:41:11.216  3799  5534 I OplusHansManager : uid=10344, pkg=com.whatsapp F exit(), F stay=0, reason=acquireWakeLock *alar... /WorkSource{1000 chains=WorkChain{(10344), (1000, JobScheduler)}}, FrozenActionKeepProxy=false
03-01 01:41:11.217  3799  5537 I OplusHansManager : up_BC uid=10344 pkg=com.whatsapp
03-01 01:41:11.217  3799  5537 I OplusBinderProxy: un_pb uid: 10344 pid: 23885 rst: true , Desc: android.app.IApplicationThread/42
03-01 01:41:11.217  3799  5537 I OplusBinderProxy: proxyBinder uid: 10344 pkg: com.whatsapp proxy: false calling: OFreezer
03-01 01:41:11.221  3799 12316 E OplusStorageUFSBandwidth: Alarm set to trigger in 10 seconds
03-01 01:41:11.225  5371  5371 D HeadsUpContainerWindow: notifySizeOrLocationChanged::SkRegion((0,0,1264,170)(0,170,56,386)(1208,170,1264,386)(0,386,1264,2780))
03-01 01:41:11.247  5371  5371 D HeadsUpContainerWindow: notifySizeOrLocationChanged::SkRegion((0,0,1264,169)(0,169,56,385)(1208,169,1264,385)(0,385,1264,2780))
03-01 01:41:11.253  2183   578 I ChiX    : [oplusAON:QSEEAON_ServiceCallback oplusSrvType:11] Receive QSEEAON Callback
03-01 01:41:11.253  2183   578 I ChiX    : [oplusAON:ProcessAONServiceEvent] AON Event notify for hClientHandle= 0xb400007e418ce240
03-01 01:41:11.253  2183   578 I ChiX    : [oplusAON:ClientEventCallBack] AON Event notify srvType=11, clientHandle:0xb400007e418ce240
03-01 01:41:11.253  2183   578 I ChiX    : [oplusAON:TranslateToAonCallbackInfo  AONServiceType: 11] Translate to Service Event Info
03-01 01:41:11.253  2183   578 D ChiX    : [oplusAON:AddFusionResult] Translate to fuison Event Info
03-01 01:41:11.253  2183   578 D ChiX    : [oplusAON:AddFusionResult] fusion:rotation_angle = 90.000000
03-01 01:41:11.254  2183   578 D ChiX    : [oplusAON] fusion->count:3
03-01 01:41:11.254  2183   578 D ChiX    : fusion->itemLength:20
03-01 01:41:11.254  2183   578 D ChiX    : fusion->data i:0, data[2.000000,0.774920,56.691982,111.670639,122.037560,166.576248,0.000000,0.000000,0.000000,0.000000,0.000000,0.000000,0.000000,0.000000,0.000000,0.000000,0.000000,0.000000,0.000000,0.000000]
03-01 01:41:11.254  2183   578 D ChiX    : fusion->data i:1, data[3.000000,0.500000,88.496338,123.495323,108.131989,164.273361,0.000000,0.000000,0.000000,0.000000,0.000000,0.000000,0.000000,0.000000,0.000000,0.000000,0.000000,0.000000,0.000000,0.000000]
03-01 01:41:11.254  2183   578 D ChiX    : fusion->data i:2, data[1.000000,0.398408,25.187990,145.982391,75.576653,200.641220,0.000000,0.000000,0.000000,0.000000,0.000000,0.000000,0.000000,0.000000,0.000000,0.000000,0.000000,0.000000,0.000000,0.000000]
03-01 01:41:11.254  2183   578 D ChiX    : [oplusAON:AddAngleResult] Translate to Angle Event Info
03-01 01:41:11.254  2183   578 D ChiX    : [oplusAON:AddFeatureResult] Translate to FaceFeature Event Info
03-01 01:41:11.254  6360 19066 D AONLog  : SensorHubAonManager: [notify] clientHandle:-5476376604616891840,isStopped:false, callback:k.g@c04312
03-01 01:41:11.255  6360 19066 D AONLog  : SensorHubAonManager: aonCallBackInfo-> serviceType:11, results:[Lvendor.oplus.hardware.camera.aon.AONResult;@f9a422b
03-01 01:41:11.255  6360 19066 D AONLog  : AONResultsClassify: convertToResult
03-01 01:41:11.255  6360 19066 D AONLog  : AONResultsClassify: have FusionResult
03-01 01:41:11.256  6360 19066 D AONLog  : sensorhub_engine: engineSwitchOn = true runningCmds.size()=1 stopRunningCmds.size()=0
03-01 01:41:11.256  6360  7217 D AONLog  : OSensorHubResultProcess: transform inParams：com.aon.service.aonsensorhublib.p@d197688
03-01 01:41:11.256  6360  7217 D AONLog  : OSensorHubResultProcess: transform fusionResult getDataCount：3 rotateAngle = 90
03-01 01:41:11.256  6360  7217 D AONLog  : OSensorHubResultProcess: recogResult[0]:FusionData{mCls=2, mScore=0.7749204, mBboxX1=56.691982, mBboxY1=111.67064, mBboxX2=122.03756, mBboxY2=166.57625, landmarks=[0.0, 0.0, 0.0, 0.0, 0.0, 0.0, 0.0, 0.0, 0.0, 0.0, 0.0, 0.0, 0.0, 0.0]}
03-01 01:41:11.256  6360  7217 D AONLog  : OSensorHubResultProcess: bboxType:2
03-01 01:41:11.256  6360  7217 D AONLog  : OSensorHubResultProcess: recogResult[1]:FusionData{mCls=3, mScore=0.5, mBboxX1=88.49634, mBboxY1=123.49532, mBboxX2=108.13199, mBboxY2=164.27336, landmarks=[0.0, 0.0, 0.0, 0.0, 0.0, 0.0, 0.0, 0.0, 0.0, 0.0, 0.0, 0.0, 0.0, 0.0]}
03-01 01:41:11.256  6360  7217 D AONLog  : OSensorHubResultProcess: bboxType:3
03-01 01:41:11.256  6360  7217 D AONLog  : OSensorHubResultProcess: recogResult[2]:FusionData{mCls=1, mScore=0.39840823, mBboxX1=25.18799, mBboxY1=145.98239, mBboxX2=75.57665, mBboxY2=200.64122, landmarks=[0.0, 0.0, 0.0, 0.0, 0.0, 0.0, 0.0, 0.0, 0.0, 0.0, 0.0, 0.0, 0.0, 0.0]}
03-01 01:41:11.256  6360  7217 D AONLog  : OSensorHubResultProcess: bboxType:1
03-01 01:41:11.256  6360  7217 D AONLog  : OSensorHubResultProcess:  set face:v.b@b251821 angle: {.pitch = 3.9479399, .yaw = 31.409523, .roll = 6.024516, .masked = -11.44572, .lmk_left_eye_x = 36.32583, .lmk_left_eye_y = 24.595991, .lmk_right_eye_x = 57.5047, .lmk_right_eye_y = 23.292677, .lmk_nose_x = 57.83053, .lmk_nose_y = 35.022514, .lmk_left_mouth_x = 45.77486, .lmk_left_mouth_y = 50.662292, .lmk_right_mouth_x = 61.740475, .lmk_right_mouth_y = 48.055668}
03-01 01:41:11.256  6360  7217 I AONLog  : i: detect->faces num = 1, gesture num = 1
03-01 01:41:11.256  6360  7217 I AONLog  : AntiPeepingSMachine: AntiPeeping faceSize:1, facesSuitableSize:1
03-01 01:41:11.256  6360  7217 I AONLog  : AntiPeepingSMachine: compareRes pass (skip), sendMessage show
03-01 01:41:11.257  6360  7217 D AONLog  : EngineContext: clear engine Context
03-01 01:41:11.257  6360  7217 D AONLog  : FramePackage: clear framePackage:0
03-01 01:41:11.257  6360  7217 D AONLog  : EngineContext: clear human Detected List
03-01 01:41:11.257  6360  6585 I AONLog  : ListenerManager: type = 4  eventInfo = 196610
03-01 01:41:11.257  2183   578 I ChiX    : [oplusAON:ProcessAONServiceEvent] AON Event notify: Success callback:0xb400007dbe03b080 for hClientHandle= 0xb400007e418ce240
03-01 01:41:11.257  6360  6585 I AONLog  : ListenerManager: notifySpecialObserver lock. AonCmdType:393219
03-01 01:41:11.257  5371 13564 I AONLog  : AntiPeeping: event=196610
03-01 01:41:11.258  5371  5371 D HeadsUpContainerWindow: notifySizeOrLocationChanged::SkRegion((0,0,1264,168)(0,168,56,384)(1208,168,1264,384)(0,384,1264,2780))
03-01 01:41:11.269  5371  5371 E DynamicFramerate [DynamicFrameRateManagerImpl]: setFrameRateInterNalForNoContext: TIMING_DO_NO_CONTEXT_ANIMATION transaction = null, need apply actively
03-01 01:41:11.269  5371  5371 E DynamicFramerate [DynamicFrameRateManagerImpl]: setFrameRateInterNalForNoContext: TIMING_DO_NO_CONTEXT_ANIMATION request is = FrameRateRequest: {  mUniqueID = 247053161, mVelocity = -2, mPreviousFrameRate = 90, mBindWithSC = true, mSc = null, mTransaction = android.view.SurfaceControl$Transaction@de3af4, Type = 20301 } , frameRate 0
03-01 01:41:11.269  5371  5371 I DynamicFramerate [DynamicFrameRateManagerImpl]: setFrameRateInterNalForNoContext: TIMING_DO_NO_CONTEXT_ANIMATION, request = FrameRateRequest: {  mUniqueID = 247053161, mVelocity = -2, mPreviousFrameRate = 90, mBindWithSC = true, mSc = null, mTransaction = android.view.SurfaceControl$Transaction@de3af4, Type = 20301 } 
03-01 01:41:11.270  5371  5371 E [OPLUS_AFS_CONFIG]: Failed to open AFS config file: /proc/oplus_afs_config/afs_config
03-01 01:41:11.270  5371  5371 E AFS_CONFIG: Failed to get scene config
03-01 01:41:11.270  5371  5371 E OplusAfsManager: afsConfigSceneConfigGet sceneType is null
03-01 01:41:11.270  5371  5371 I SystemUi--Common: AnimAfsManager-->enableAnimationCtrl key:40 enable:false, result: 0
03-01 01:41:11.271  2466  2466 D VRR [RefreshRateDirector]: requestRefreshRate delete [ version-3-noContext-247053161-animation, 0 ]
03-01 01:41:11.289  3799  4545 D osense.compress: com.rupicard.score do shrink, target ratio = 45, final ratio = 90, cur ratio = 0
03-01 01:41:11.294  5513  6216 D DnsDomainBlock: onDnsEvent: latencyMs=0, returnCode=0, uid=10547
03-01 01:41:11.306  3799  4715 W Binder  : Outgoing transactions from this process must be FLAG_ONEWAY
03-01 01:41:11.306  3799  4715 W Binder  : java.lang.Throwable
03-01 01:41:11.306  3799  4715 W Binder  : 	at android.os.BinderProxy.transact(BinderProxy.java:639)
03-01 01:41:11.306  3799  4715 W Binder  : 	at android.content.ContentProviderProxy.insert(ContentProviderNative.java:587)
03-01 01:41:11.306  3799  4715 W Binder  : 	at android.content.ContentProviderClient.insert(ContentProviderClient.java:347)
03-01 01:41:11.306  3799  4715 W Binder  : 	at android.content.ContentProviderClient.insert(ContentProviderClient.java:336)
03-01 01:41:11.306  3799  4715 W Binder  : 	at com.oplus.util.OplusStatisticsImpl.insert(OplusStatisticsImpl.java:307)
03-01 01:41:11.306  3799  4715 W Binder  : 	at com.oplus.util.OplusStatisticsImpl.sendDataToDCS(OplusStatisticsImpl.java:287)
03-01 01:41:11.306  3799  4715 W Binder  : 	at com.oplus.util.OplusStatisticsImpl.flushInternal(OplusStatisticsImpl.java:264)
03-01 01:41:11.306  3799  4715 W Binder  : 	at com.oplus.util.OplusStatisticsImpl.lambda$setDelayFlushJobIfNeed$4(OplusStatisticsImpl.java:211)
03-01 01:41:11.306  3799  4715 W Binder  : 	at com.oplus.util.OplusStatisticsImpl.$r8$lambda$4UYTp2NCu6Rml69JNqEuK7o54SI(Unknown Source:0)
03-01 01:41:11.306  3799  4715 W Binder  : 	at com.oplus.util.OplusStatisticsImpl$$ExternalSyntheticLambda5.run(D8$$SyntheticClass:0)
03-01 01:41:11.306  3799  4715 W Binder  : 	at java.util.concurrent.Executors$RunnableAdapter.call(Executors.java:520)
03-01 01:41:11.306  3799  4715 W Binder  : 	at java.util.concurrent.FutureTask.run(FutureTask.java:317)
03-01 01:41:11.306  3799  4715 W Binder  : 	at java.util.concurrent.ScheduledThreadPoolExecutor$ScheduledFutureTask.run(ScheduledThreadPoolExecutor.java:348)
03-01 01:41:11.306  3799  4715 W Binder  : 	at java.util.concurrent.ThreadPoolExecutor.runWorker(ThreadPoolExecutor.java:1154)
03-01 01:41:11.306  3799  4715 W Binder  : 	at java.util.concurrent.ThreadPoolExecutor$Worker.run(ThreadPoolExecutor.java:652)
03-01 01:41:11.306  3799  4715 W Binder  : 	at java.lang.Thread.run(Thread.java:1564)
03-01 01:41:11.321  5458  5555 I MMKV    : <MMKV_IO.cpp:456::writeActualSize> [mmkv.default] increase sequence to 303053, crc 1929532378, actualSize 631
03-01 01:41:11.353  2183   578 I ChiX    : [oplusAON:QSEEAON_ServiceCallback oplusSrvType:11] Receive QSEEAON Callback
03-01 01:41:11.353  2183   578 I ChiX    : [oplusAON:ProcessAONServiceEvent] AON Event notify for hClientHandle= 0xb400007e418ce240
03-01 01:41:11.353  2183   578 I ChiX    : [oplusAON:ClientEventCallBack] AON Event notify srvType=11, clientHandle:0xb400007e418ce240
03-01 01:41:11.354  2183   578 I ChiX    : [oplusAON:TranslateToAonCallbackInfo  AONServiceType: 11] Translate to Service Event Info
03-01 01:41:11.354  2183   578 D ChiX    : [oplusAON:AddFusionResult] Translate to fuison Event Info
03-01 01:41:11.354  2183   578 D ChiX    : [oplusAON:AddFusionResult] fusion:rotation_angle = 90.000000
03-01 01:41:11.354  2183   578 D ChiX    : [oplusAON] fusion->count:3
03-01 01:41:11.354  2183   578 D ChiX    : fusion->itemLength:20
03-01 01:41:11.355  2183   578 D ChiX    : fusion->data i:0, data[2.000000,0.808819,54.247036,112.137894,123.380791,167.379532,0.000000,0.000000,0.000000,0.000000,0.000000,0.000000,0.000000,0.000000,0.000000,0.000000,0.000000,0.000000,0.000000,0.000000]
03-01 01:41:11.355  2183   578 D ChiX    : fusion->data i:1, data[3.000000,0.500000,88.696915,123.615501,108.671120,164.484970,0.000000,0.000000,0.000000,0.000000,0.000000,0.000000,0.000000,0.000000,0.000000,0.000000,0.000000,0.000000,0.000000,0.000000]
03-01 01:41:11.355  2183   578 D ChiX    : fusion->data i:2, data[1.000000,0.398408,25.222006,145.198547,75.715149,200.528412,0.000000,0.000000,0.000000,0.000000,0.000000,0.000000,0.000000,0.000000,0.000000,0.000000,0.000000,0.000000,0.000000,0.000000]
03-01 01:41:11.356  2183   578 D ChiX    : [oplusAON:AddAngleResult] Translate to Angle Event Info
03-01 01:41:11.355  2211  2510 I SDM     : DisplayBase::CommitThread: Received idle timeout, panel: cmd, timeout: 70000 us
03-01 01:41:11.356  2183   578 D ChiX    : [oplusAON:AddFeatureResult] Translate to FaceFeature Event Info
03-01 01:41:11.356  6360 19066 D AONLog  : SensorHubAonManager: [notify] clientHandle:-5476376604616891840,isStopped:false, callback:k.g@c04312
03-01 01:41:11.357  6360 19066 D AONLog  : SensorHubAonManager: aonCallBackInfo-> serviceType:11, results:[Lvendor.oplus.hardware.camera.aon.AONResult;@6ab8446
03-01 01:41:11.357  6360 19066 D AONLog  : AONResultsClassify: convertToResult
03-01 01:41:11.358  6360 19066 D AONLog  : AONResultsClassify: have FusionResult
03-01 01:41:11.358  6360 19066 D AONLog  : sensorhub_engine: engineSwitchOn = true runningCmds.size()=1 stopRunningCmds.size()=0
03-01 01:41:11.359  6360  7217 D AONLog  : OSensorHubResultProcess: transform inParams：com.aon.service.aonsensorhublib.p@d78d607
03-01 01:41:11.359  6360  7217 D AONLog  : OSensorHubResultProcess: transform fusionResult getDataCount：3 rotateAngle = 90
03-01 01:41:11.359  6360  7217 D AONLog  : OSensorHubResultProcess: recogResult[0]:FusionData{mCls=2, mScore=0.8088194, mBboxX1=54.247036, mBboxY1=112.13789, mBboxX2=123.38079, mBboxY2=167.37953, landmarks=[0.0, 0.0, 0.0, 0.0, 0.0, 0.0, 0.0, 0.0, 0.0, 0.0, 0.0, 0.0, 0.0, 0.0]}
03-01 01:41:11.359  6360  7217 D AONLog  : OSensorHubResultProcess: bboxType:2
03-01 01:41:11.359  6360  7217 D AONLog  : OSensorHubResultProcess: recogResult[1]:FusionData{mCls=3, mScore=0.5, mBboxX1=88.696915, mBboxY1=123.6155, mBboxX2=108.67112, mBboxY2=164.48497, landmarks=[0.0, 0.0, 0.0, 0.0, 0.0, 0.0, 0.0, 0.0, 0.0, 0.0, 0.0, 0.0, 0.0, 0.0]}
03-01 01:41:11.359  6360  7217 D AONLog  : OSensorHubResultProcess: bboxType:3
03-01 01:41:11.359  6360  7217 D AONLog  : OSensorHubResultProcess: recogResult[2]:FusionData{mCls=1, mScore=0.39840823, mBboxX1=25.222006, mBboxY1=145.19855, mBboxX2=75.71515, mBboxY2=200.52841, landmarks=[0.0, 0.0, 0.0, 0.0, 0.0, 0.0, 0.0, 0.0, 0.0, 0.0, 0.0, 0.0, 0.0, 0.0]}
03-01 01:41:11.359  6360  7217 D AONLog  : OSensorHubResultProcess: bboxType:1
03-01 01:41:11.359  6360  7217 D AONLog  : OSensorHubResultProcess:  set face:v.b@e137334 angle: {.pitch = 1.184382, .yaw = 24.835438, .roll = 7.5306454, .masked = -16.256239, .lmk_left_eye_x = 36.37968, .lmk_left_eye_y = 29.50107, .lmk_right_eye_x = 59.911762, .lmk_right_eye_y = 26.966848, .lmk_nose_x = 58.46363, .lmk_nose_y = 39.637966, .lmk_left_mouth_x = 44.706417, .lmk_left_mouth_y = 55.92941, .lmk_right_mouth_x = 64.25614, .lmk_right_mouth_y = 52.30909}
03-01 01:41:11.359  6360  7217 I AONLog  : i: detect->faces num = 1, gesture num = 1
03-01 01:41:11.359  6360  7217 I AONLog  : AntiPeepingSMachine: AntiPeeping faceSize:1, facesSuitableSize:1
03-01 01:41:11.359  6360  7217 I AONLog  : AntiPeepingSMachine: compareRes pass (skip), sendMessage show
03-01 01:41:11.359  6360  7217 D AONLog  : EngineContext: clear engine Context
03-01 01:41:11.360  6360  7217 D AONLog  : FramePackage: clear framePackage:0
03-01 01:41:11.360  6360  7217 D AONLog  : EngineContext: clear human Detected List
03-01 01:41:11.360  6360  6585 I AONLog  : ListenerManager: type = 4  eventInfo = 196610
03-01 01:41:11.361  6360  6585 I AONLog  : ListenerManager: notifySpecialObserver lock. AonCmdType:393219
03-01 01:41:11.362  5371 13564 I AONLog  : AntiPeeping: event=196610
03-01 01:41:11.359  2183   578 I ChiX    : [oplusAON:ProcessAONServiceEvent] AON Event notify: Success callback:0xb400007dbe03b080 for hClientHandle= 0xb400007e418ce240
03-01 01:41:11.462  2183   578 I ChiX    : [oplusAON:QSEEAON_ServiceCallback oplusSrvType:11] Receive QSEEAON Callback
03-01 01:41:11.462  2183   578 I ChiX    : [oplusAON:ProcessAONServiceEvent] AON Event notify for hClientHandle= 0xb400007e418ce240
03-01 01:41:11.462  2183   578 I ChiX    : [oplusAON:ClientEventCallBack] AON Event notify srvType=11, clientHandle:0xb400007e418ce240
03-01 01:41:11.462  2183   578 I ChiX    : [oplusAON:TranslateToAonCallbackInfo  AONServiceType: 11] Translate to Service Event Info
03-01 01:41:11.462  2183   578 D ChiX    : [oplusAON:AddFusionResult] Translate to fuison Event Info
03-01 01:41:11.462  2183   578 D ChiX    : [oplusAON:AddFusionResult] fusion:rotation_angle = 90.000000
03-01 01:41:11.462  2183   578 D ChiX    : [oplusAON] fusion->count:3
03-01 01:41:11.462  2183   578 D ChiX    : fusion->itemLength:20
03-01 01:41:11.463  2183   578 D ChiX    : fusion->data i:0, data[2.000000,0.808819,55.653011,113.210236,118.995094,167.893311,0.000000,0.000000,0.000000,0.000000,0.000000,0.000000,0.000000,0.000000,0.000000,0.000000,0.000000,0.000000,0.000000,0.000000]
03-01 01:41:11.463  2183   578 D ChiX    : fusion->data i:1, data[3.000000,0.551331,88.235886,124.315727,107.080132,164.118774,0.000000,0.000000,0.000000,0.000000,0.000000,0.000000,0.000000,0.000000,0.000000,0.000000,0.000000,0.000000,0.000000,0.000000]
03-01 01:41:11.463  2183   578 D ChiX    : fusion->data i:2, data[1.000000,0.500000,24.510300,146.483154,74.691147,201.472733,0.000000,0.000000,0.000000,0.000000,0.000000,0.000000,0.000000,0.000000,0.000000,0.000000,0.000000,0.000000,0.000000,0.000000]
03-01 01:41:11.463  2183   578 D ChiX    : [oplusAON:AddAngleResult] Translate to Angle Event Info
03-01 01:41:11.463  2183   578 D ChiX    : [oplusAON:AddFeatureResult] Translate to FaceFeature Event Info
03-01 01:41:11.463  6360 19066 D AONLog  : SensorHubAonManager: [notify] clientHandle:-5476376604616891840,isStopped:false, callback:k.g@c04312
03-01 01:41:11.463  6360 19066 D AONLog  : SensorHubAonManager: aonCallBackInfo-> serviceType:11, results:[Lvendor.oplus.hardware.camera.aon.AONResult;@99a155d
03-01 01:41:11.463  6360 19066 D AONLog  : AONResultsClassify: convertToResult
03-01 01:41:11.463  6360 19066 D AONLog  : AONResultsClassify: have FusionResult
03-01 01:41:11.464  6360 19066 D AONLog  : sensorhub_engine: engineSwitchOn = true runningCmds.size()=1 stopRunningCmds.size()=0
03-01 01:41:11.464  2183   578 I ChiX    : [oplusAON:ProcessAONServiceEvent] AON Event notify: Success callback:0xb400007dbe03b080 for hClientHandle= 0xb400007e418ce240
03-01 01:41:11.466  6360  7217 D AONLog  : OSensorHubResultProcess: transform inParams：com.aon.service.aonsensorhublib.p@c0b9ed2
03-01 01:41:11.466  6360  7217 D AONLog  : OSensorHubResultProcess: transform fusionResult getDataCount：3 rotateAngle = 90
03-01 01:41:11.466  6360  7217 D AONLog  : OSensorHubResultProcess: recogResult[0]:FusionData{mCls=2, mScore=0.8088194, mBboxX1=55.65301, mBboxY1=113.210236, mBboxX2=118.995094, mBboxY2=167.89331, landmarks=[0.0, 0.0, 0.0, 0.0, 0.0, 0.0, 0.0, 0.0, 0.0, 0.0, 0.0, 0.0, 0.0, 0.0]}
03-01 01:41:11.467  6360  7217 D AONLog  : OSensorHubResultProcess: bboxType:2
03-01 01:41:11.467  6360  7217 D AONLog  : OSensorHubResultProcess: recogResult[1]:FusionData{mCls=3, mScore=0.5513313, mBboxX1=88.235886, mBboxY1=124.31573, mBboxX2=107.08013, mBboxY2=164.11877, landmarks=[0.0, 0.0, 0.0, 0.0, 0.0, 0.0, 0.0, 0.0, 0.0, 0.0, 0.0, 0.0, 0.0, 0.0]}
03-01 01:41:11.467  6360  7217 D AONLog  : OSensorHubResultProcess: bboxType:3
03-01 01:41:11.467  6360  7217 D AONLog  : OSensorHubResultProcess: recogResult[2]:FusionData{mCls=1, mScore=0.5, mBboxX1=24.5103, mBboxY1=146.48315, mBboxX2=74.69115, mBboxY2=201.47273, landmarks=[0.0, 0.0, 0.0, 0.0, 0.0, 0.0, 0.0, 0.0, 0.0, 0.0, 0.0, 0.0, 0.0, 0.0]}
03-01 01:41:11.467  6360  7217 D AONLog  : OSensorHubResultProcess: bboxType:1
03-01 01:41:11.467  6360  7217 D AONLog  : OSensorHubResultProcess:  set face:v.b@3c2cba3 angle: {.pitch = 1.579176, .yaw = 27.026798, .roll = 9.036774, .masked = -12.441, .lmk_left_eye_x = 34.04503, .lmk_left_eye_y = 24.270163, .lmk_right_eye_x = 55.875553, .lmk_right_eye_y = 22.31519, .lmk_nose_x = 54.89807, .lmk_nose_y = 35.348343, .lmk_left_mouth_x = 42.516575, .lmk_left_mouth_y = 49.68481, .lmk_right_mouth_x = 59.785503, .lmk_right_mouth_y = 46.42652}
03-01 01:41:11.467  6360  7217 I AONLog  : i: detect->faces num = 1, gesture num = 1
03-01 01:41:11.468  6360  7217 I AONLog  : AntiPeepingSMachine: AntiPeeping faceSize:1, facesSuitableSize:1
03-01 01:41:11.468  6360  7217 I AONLog  : AntiPeepingSMachine: compareRes pass (skip), sendMessage show
03-01 01:41:11.468  6360  7217 D AONLog  : EngineContext: clear engine Context
03-01 01:41:11.468  6360  7217 D AONLog  : FramePackage: clear framePackage:0
03-01 01:41:11.468  6360  7217 D AONLog  : EngineContext: clear human Detected List
03-01 01:41:11.468  6360  6585 I AONLog  : ListenerManager: type = 4  eventInfo = 196610
03-01 01:41:11.469  6360  6585 I AONLog  : ListenerManager: notifySpecialObserver lock. AonCmdType:393219
03-01 01:41:11.469  5371  5495 I AONLog  : AntiPeeping: event=196610
03-01 01:41:11.477  3799  4545 D osense.compress: com.truecaller do shrink, target ratio = 62, final ratio = 70, cur ratio = 55
03-01 01:41:11.573  2330  2359 D BatteryChargeControl: bcc get no support from charging protocol
03-01 01:41:11.650  2183   578 I ChiX    : [oplusAON:QSEEAON_ServiceCallback oplusSrvType:11] Receive QSEEAON Callback
03-01 01:41:11.650  2183   578 I ChiX    : [oplusAON:ProcessAONServiceEvent] AON Event notify for hClientHandle= 0xb400007e418ce240
03-01 01:41:11.650  2183   578 I ChiX    : [oplusAON:ClientEventCallBack] AON Event notify srvType=11, clientHandle:0xb400007e418ce240
03-01 01:41:11.651  2183   578 I ChiX    : [oplusAON:TranslateToAonCallbackInfo  AONServiceType: 11] Translate to Service Event Info
03-01 01:41:11.651  2183   578 D ChiX    : [oplusAON:AddFusionResult] Translate to fuison Event Info
03-01 01:41:11.651  2183   578 D ChiX    : [oplusAON:AddFusionResult] fusion:rotation_angle = 90.000000
03-01 01:41:11.651  2183   578 D ChiX    : [oplusAON] fusion->count:2
03-01 01:41:11.652  2183   578 D ChiX    : fusion->itemLength:20
03-01 01:41:11.652  2183   578 D ChiX    : fusion->data i:0, data[2.000000,0.808819,56.639431,112.807297,120.328217,167.657669,0.000000,0.000000,0.000000,0.000000,0.000000,0.000000,0.000000,0.000000,0.000000,0.000000,0.000000,0.000000,0.000000,0.000000]
03-01 01:41:11.653  2183   578 D ChiX    : fusion->data i:1, data[3.000000,0.500000,88.029884,123.308083,107.433044,165.174896,0.000000,0.000000,0.000000,0.000000,0.000000,0.000000,0.000000,0.000000,0.000000,0.000000,0.000000,0.000000,0.000000,0.000000]
03-01 01:41:11.653  2183   578 D ChiX    : [oplusAON:AddAngleResult] Translate to Angle Event Info
03-01 01:41:11.653  2183   578 D ChiX    : [oplusAON:AddFeatureResult] Translate to FaceFeature Event Info
03-01 01:41:11.654  6360 19066 D AONLog  : SensorHubAonManager: [notify] clientHandle:-5476376604616891840,isStopped:false, callback:k.g@c04312
03-01 01:41:11.654  6360 19066 D AONLog  : SensorHubAonManager: aonCallBackInfo-> serviceType:11, results:[Lvendor.oplus.hardware.camera.aon.AONResult;@70e8ea0
03-01 01:41:11.654  6360 19066 D AONLog  : AONResultsClassify: convertToResult
03-01 01:41:11.654  6360 19066 D AONLog  : AONResultsClassify: have FusionResult
03-01 01:41:11.654  6360 19066 D AONLog  : sensorhub_engine: engineSwitchOn = true runningCmds.size()=1 stopRunningCmds.size()=0
03-01 01:41:11.655  6360  7217 D AONLog  : OSensorHubResultProcess: transform inParams：com.aon.service.aonsensorhublib.p@67aa59
03-01 01:41:11.655  6360  7217 D AONLog  : OSensorHubResultProcess: transform fusionResult getDataCount：2 rotateAngle = 90
03-01 01:41:11.655  6360  7217 D AONLog  : OSensorHubResultProcess: recogResult[0]:FusionData{mCls=2, mScore=0.8088194, mBboxX1=56.63943, mBboxY1=112.8073, mBboxX2=120.32822, mBboxY2=167.65767, landmarks=[0.0, 0.0, 0.0, 0.0, 0.0, 0.0, 0.0, 0.0, 0.0, 0.0, 0.0, 0.0, 0.0, 0.0]}
03-01 01:41:11.655  6360  7217 D AONLog  : OSensorHubResultProcess: bboxType:2
03-01 01:41:11.655  6360  7217 D AONLog  : OSensorHubResultProcess: recogResult[1]:FusionData{mCls=3, mScore=0.5, mBboxX1=88.029884, mBboxY1=123.30808, mBboxX2=107.433044, mBboxY2=165.1749, landmarks=[0.0, 0.0, 0.0, 0.0, 0.0, 0.0, 0.0, 0.0, 0.0, 0.0, 0.0, 0.0, 0.0, 0.0]}
03-01 01:41:11.655  6360  7217 D AONLog  : OSensorHubResultProcess: bboxType:3
03-01 01:41:11.655  6360  7217 D AONLog  : OSensorHubResultProcess:  set face:v.b@be0d61e angle: {.pitch = 0.0, .yaw = 24.835438, .roll = 6.024516, .masked = -13.270399, .lmk_left_eye_x = 33.393368, .lmk_left_eye_y = 25.24765, .lmk_right_eye_x = 55.875553, .lmk_right_eye_y = 23.944336, .lmk_nose_x = 53.594753, .lmk_nose_y = 36.32583, .lmk_left_mouth_x = 40.235775, .lmk_left_mouth_y = 50.662292, .lmk_right_mouth_x = 58.482185, .lmk_right_mouth_y = 48.055668}
03-01 01:41:11.655  6360  7217 I AONLog  : i: detect->faces num = 1, gesture num = 0
03-01 01:41:11.655  6360  7217 I AONLog  : AntiPeepingSMachine: AntiPeeping faceSize:1, facesSuitableSize:1
03-01 01:41:11.655  6360  7217 I AONLog  : AntiPeepingSMachine: compareRes pass (skip), sendMessage show
03-01 01:41:11.656  6360  7217 D AONLog  : EngineContext: clear engine Context
03-01 01:41:11.656  6360  7217 D AONLog  : FramePackage: clear framePackage:0
03-01 01:41:11.656  6360  7217 D AONLog  : EngineContext: clear human Detected List
03-01 01:41:11.659  6360  6585 I AONLog  : ListenerManager: type = 4  eventInfo = 196610
03-01 01:41:11.659  6360  6585 I AONLog  : ListenerManager: notifySpecialObserver lock. AonCmdType:393219
03-01 01:41:11.659  5371 11619 I AONLog  : AntiPeeping: event=196610
03-01 01:41:11.664  5371  5480 I SystemUi--Statusbar: MobileConnectionRepositoryImpl-->subId:2 isSoftSimCard:false slotId:1
03-01 01:41:11.665  2183   578 I ChiX    : [oplusAON:ProcessAONServiceEvent] AON Event notify: Success callback:0xb400007dbe03b080 for hClientHandle= 0xb400007e418ce240
03-01 01:41:11.665  5684  5684 D SubsysEventListenerManager-SubsysTelephonyCallback[1]: onSignalStrengthsChanged
03-01 01:41:11.716  2904  4302 D QmiClient: qmiServiceEventCallback recv msg id 47
03-01 01:41:11.716  2904  4302 D QmiClient: enter -mServiceType 10 onQmiServiceEventCallback msgId 47
03-01 01:41:11.716  2904  4302 D QmiClient: onQmiServiceEventCallback - enter. msgId=47
03-01 01:41:11.716  2904  3021 D OttProxy: handleMessage msg is 3001
03-01 01:41:11.717  5684  8009 D SubsysRadioIndication[0]: radioLinkLatencyInfoInd
03-01 01:41:11.717  5684  8009 D SubsysRadioIndication[0]: notify enter
03-01 01:41:11.718  5684  5684 D NetworkService[0]: handleMessage what:1008
03-01 01:41:11.718  5684  5684 D NetworkService[0]: EVENT_REG_LINK_LATENCY_INFO_CHANGE ulLatency:18479
03-01 01:41:11.749  2183   578 I ChiX    : [oplusAON:QSEEAON_ServiceCallback oplusSrvType:11] Receive QSEEAON Callback
03-01 01:41:11.749  2183   578 I ChiX    : [oplusAON:ProcessAONServiceEvent] AON Event notify for hClientHandle= 0xb400007e418ce240
03-01 01:41:11.749  2183   578 I ChiX    : [oplusAON:ClientEventCallBack] AON Event notify srvType=11, clientHandle:0xb400007e418ce240
03-01 01:41:11.749  2183   578 I ChiX    : [oplusAON:TranslateToAonCallbackInfo  AONServiceType: 11] Translate to Service Event Info
03-01 01:41:11.749  2183   578 D ChiX    : [oplusAON:AddFusionResult] Translate to fuison Event Info
03-01 01:41:11.749  2183   578 D ChiX    : [oplusAON:AddFusionResult] fusion:rotation_angle = 90.000000
03-01 01:41:11.749  2183   578 D ChiX    : [oplusAON] fusion->count:2
03-01 01:41:11.749  2183   578 D ChiX    : fusion->itemLength:20
03-01 01:41:11.749  2183   578 D ChiX    : fusion->data i:0, data[2.000000,0.808819,55.334167,113.216934,119.993011,167.880692,0.000000,0.000000,0.000000,0.000000,0.000000,0.000000,0.000000,0.000000,0.000000,0.000000,0.000000,0.000000,0.000000,0.000000]
03-01 01:41:11.749  2183   578 D ChiX    : fusion->data i:1, data[3.000000,0.500000,87.933250,123.709068,106.705864,163.886887,0.000000,0.000000,0.000000,0.000000,0.000000,0.000000,0.000000,0.000000,0.000000,0.000000,0.000000,0.000000,0.000000,0.000000]
03-01 01:41:11.749  2183   578 D ChiX    : [oplusAON:AddAngleResult] Translate to Angle Event Info
03-01 01:41:11.749  2183   578 D ChiX    : [oplusAON:AddFeatureResult] Translate to FaceFeature Event Info
03-01 01:41:11.750  6360 19066 D AONLog  : SensorHubAonManager: [notify] clientHandle:-5476376604616891840,isStopped:false, callback:k.g@c04312
03-01 01:41:11.750  6360 19066 D AONLog  : SensorHubAonManager: aonCallBackInfo-> serviceType:11, results:[Lvendor.oplus.hardware.camera.aon.AONResult;@92c7eff
03-01 01:41:11.750  6360 19066 D AONLog  : AONResultsClassify: convertToResult
03-01 01:41:11.750  6360 19066 D AONLog  : AONResultsClassify: have FusionResult
03-01 01:41:11.750  6360 19066 D AONLog  : sensorhub_engine: engineSwitchOn = true runningCmds.size()=1 stopRunningCmds.size()=0
03-01 01:41:11.751  6360  7217 D AONLog  : OSensorHubResultProcess: transform inParams：com.aon.service.aonsensorhublib.p@eddf4cc
03-01 01:41:11.751  2183   578 I ChiX    : [oplusAON:ProcessAONServiceEvent] AON Event notify: Success callback:0xb400007dbe03b080 for hClientHandle= 0xb400007e418ce240
03-01 01:41:11.751  6360  7217 D AONLog  : OSensorHubResultProcess: transform fusionResult getDataCount：2 rotateAngle = 90
03-01 01:41:11.751  6360  7217 D AONLog  : OSensorHubResultProcess: recogResult[0]:FusionData{mCls=2, mScore=0.8088194, mBboxX1=55.334167, mBboxY1=113.216934, mBboxX2=119.99301, mBboxY2=167.88069, landmarks=[0.0, 0.0, 0.0, 0.0, 0.0, 0.0, 0.0, 0.0, 0.0, 0.0, 0.0, 0.0, 0.0, 0.0]}
03-01 01:41:11.751  6360  7217 D AONLog  : OSensorHubResultProcess: bboxType:2
03-01 01:41:11.753  6360  7217 D AONLog  : OSensorHubResultProcess: recogResult[1]:FusionData{mCls=3, mScore=0.5, mBboxX1=87.93325, mBboxY1=123.70907, mBboxX2=106.705864, mBboxY2=163.88689, landmarks=[0.0, 0.0, 0.0, 0.0, 0.0, 0.0, 0.0, 0.0, 0.0, 0.0, 0.0, 0.0, 0.0, 0.0]}
03-01 01:41:11.753  6360  7217 D AONLog  : OSensorHubResultProcess: bboxType:3
03-01 01:41:11.754  6360  7217 D AONLog  : OSensorHubResultProcess:  set face:v.b@6df9315 angle: {.pitch = 3.158352, .yaw = 27.757254, .roll = 6.024516, .masked = -11.777479, .lmk_left_eye_x = 35.67417, .lmk_left_eye_y = 23.944336, .lmk_right_eye_x = 57.17887, .lmk_right_eye_y = 22.64102, .lmk_nose_x = 56.853043, .lmk_nose_y = 34.04503, .lmk_left_mouth_x = 43.168236, .lmk_left_mouth_y = 48.381493, .lmk_right_mouth_x = 60.43716, .lmk_right_mouth_y = 46.100693}
03-01 01:41:11.754  6360  7217 I AONLog  : i: detect->faces num = 1, gesture num = 0
03-01 01:41:11.754  6360  7217 I AONLog  : AntiPeepingSMachine: AntiPeeping faceSize:1, facesSuitableSize:1
03-01 01:41:11.754  6360  7217 I AONLog  : AntiPeepingSMachine: compareRes pass (skip), sendMessage show
03-01 01:41:11.754  6360  7217 D AONLog  : EngineContext: clear engine Context
03-01 01:41:11.754  6360  6585 I AONLog  : ListenerManager: type = 4  eventInfo = 196610
03-01 01:41:11.754  6360  6585 I AONLog  : ListenerManager: notifySpecialObserver lock. AonCmdType:393219
03-01 01:41:11.755  5371 13564 I AONLog  : AntiPeeping: event=196610
03-01 01:41:11.756  6360  7217 D AONLog  : FramePackage: clear framePackage:0
03-01 01:41:11.757  6360  7217 D AONLog  : EngineContext: clear human Detected List
03-01 01:41:11.803  2937   581 D AudioTrack: [oplusAudioFade]stop mState STATE_ACTIVE, mIsTrackSupportFade 0
03-01 01:41:11.803  2937   581 D AudioTrack: stop(5430): prior state:STATE_ACTIVE output 13 stream 5 session 38753
03-01 01:41:11.803  2937   581 D AudioTrack: stop(5430): called with 90127 frames delivered
03-01 01:41:11.806  3799  5696 E AppOps  : attributionTag  not declared in manifest of com.android.systemui
03-01 01:41:11.807  3799  5696 E AppOps  : attributionTag  not declared in manifest of com.android.systemui
03-01 01:41:11.809  2937   581 I AudioTrack: stop(5430): 0xb4000071417bae00 stop done
03-01 01:41:11.850  2183   578 I ChiX    : [oplusAON:QSEEAON_ServiceCallback oplusSrvType:11] Receive QSEEAON Callback
03-01 01:41:11.850  2183   578 I ChiX    : [oplusAON:ProcessAONServiceEvent] AON Event notify for hClientHandle= 0xb400007e418ce240
03-01 01:41:11.851  2183   578 I ChiX    : [oplusAON:ClientEventCallBack] AON Event notify srvType=11, clientHandle:0xb400007e418ce240
03-01 01:41:11.851  2183   578 I ChiX    : [oplusAON:TranslateToAonCallbackInfo  AONServiceType: 11] Translate to Service Event Info
03-01 01:41:11.851  2183   578 D ChiX    : [oplusAON:AddFusionResult] Translate to fuison Event Info
03-01 01:41:11.851  2183   578 D ChiX    : [oplusAON:AddFusionResult] fusion:rotation_angle = 90.000000
03-01 01:41:11.851  2183   578 D ChiX    : [oplusAON] fusion->count:2
03-01 01:41:11.851  2183   578 D ChiX    : fusion->itemLength:20
03-01 01:41:11.851  2183   578 D ChiX    : fusion->data i:0, data[2.000000,0.774920,56.716652,113.127213,121.547470,168.736053,0.000000,0.000000,0.000000,0.000000,0.000000,0.000000,0.000000,0.000000,0.000000,0.000000,0.000000,0.000000,0.000000,0.000000]
03-01 01:41:11.851  2183   578 D ChiX    : fusion->data i:1, data[3.000000,0.500000,88.455681,123.875061,108.693039,166.188553,0.000000,0.000000,0.000000,0.000000,0.000000,0.000000,0.000000,0.000000,0.000000,0.000000,0.000000,0.000000,0.000000,0.000000]
03-01 01:41:11.851  2183   578 D ChiX    : [oplusAON:AddAngleResult] Translate to Angle Event Info
03-01 01:41:11.851  2183   578 D ChiX    : [oplusAON:AddFeatureResult] Translate to FaceFeature Event Info
03-01 01:41:11.851  6360 19066 D AONLog  : SensorHubAonManager: [notify] clientHandle:-5476376604616891840,isStopped:false, callback:k.g@c04312
03-01 01:41:11.852  6360 19066 D AONLog  : SensorHubAonManager: aonCallBackInfo-> serviceType:11, results:[Lvendor.oplus.hardware.camera.aon.AONResult;@340362a
03-01 01:41:11.852  6360 19066 D AONLog  : AONResultsClassify: convertToResult
03-01 01:41:11.852  6360 19066 D AONLog  : AONResultsClassify: have FusionResult
03-01 01:41:11.852  6360 19066 D AONLog  : sensorhub_engine: engineSwitchOn = true runningCmds.size()=1 stopRunningCmds.size()=0
03-01 01:41:11.852  2183   578 I ChiX    : [oplusAON:ProcessAONServiceEvent] AON Event notify: Success callback:0xb400007dbe03b080 for hClientHandle= 0xb400007e418ce240
03-01 01:41:11.853  6360  7217 D AONLog  : OSensorHubResultProcess: transform inParams：com.aon.service.aonsensorhublib.p@1540c1b
03-01 01:41:11.853  6360  7217 D AONLog  : OSensorHubResultProcess: transform fusionResult getDataCount：2 rotateAngle = 90
03-01 01:41:11.853  6360  7217 D AONLog  : OSensorHubResultProcess: recogResult[0]:FusionData{mCls=2, mScore=0.7749204, mBboxX1=56.716652, mBboxY1=113.12721, mBboxX2=121.54747, mBboxY2=168.73605, landmarks=[0.0, 0.0, 0.0, 0.0, 0.0, 0.0, 0.0, 0.0, 0.0, 0.0, 0.0, 0.0, 0.0, 0.0]}
03-01 01:41:11.853  6360  7217 D AONLog  : OSensorHubResultProcess: bboxType:2
03-01 01:41:11.853  6360  7217 D AONLog  : OSensorHubResultProcess: recogResult[1]:FusionData{mCls=3, mScore=0.5, mBboxX1=88.45568, mBboxY1=123.87506, mBboxX2=108.69304, mBboxY2=166.18855, landmarks=[0.0, 0.0, 0.0, 0.0, 0.0, 0.0, 0.0, 0.0, 0.0, 0.0, 0.0, 0.0, 0.0, 0.0]}
03-01 01:41:11.853  6360  7217 D AONLog  : OSensorHubResultProcess: bboxType:3
03-01 01:41:11.853  6360  7217 D AONLog  : OSensorHubResultProcess:  set face:v.b@45b91b8 angle: {.pitch = 0.0, .yaw = 25.565891, .roll = 6.024516, .masked = -11.777479, .lmk_left_eye_x = 34.04503, .lmk_left_eye_y = 24.595991, .lmk_right_eye_x = 56.853043, .lmk_right_eye_y = 22.966848, .lmk_nose_x = 55.2239, .lmk_nose_y = 36.0, .lmk_left_mouth_x = 41.21326, .lmk_left_mouth_y = 50.662292, .lmk_right_mouth_x = 60.11133, .lmk_right_mouth_y = 47.729836}
03-01 01:41:11.853  6360  7217 I AONLog  : i: detect->faces num = 1, gesture num = 0
03-01 01:41:11.854  6360  7217 I AONLog  : AntiPeepingSMachine: AntiPeeping faceSize:1, facesSuitableSize:1
03-01 01:41:11.854  6360  7217 I AONLog  : AntiPeepingSMachine: compareRes pass (skip), sendMessage show
03-01 01:41:11.854  6360  7217 D AONLog  : EngineContext: clear engine Context
03-01 01:41:11.854  6360  7217 D AONLog  : FramePackage: clear framePackage:0
03-01 01:41:11.854  6360  7217 D AONLog  : EngineContext: clear human Detected List
03-01 01:41:11.854  6360  6585 I AONLog  : ListenerManager: type = 4  eventInfo = 196610
03-01 01:41:11.854  6360  6585 I AONLog  : ListenerManager: notifySpecialObserver lock. AonCmdType:393219
03-01 01:41:11.856  5371 13564 I AONLog  : AntiPeeping: event=196610
03-01 01:41:11.875  2451  3854 E AudioFlingerExtImpl: updateAudioDetectState pid : 5371, get null buffer
03-01 01:41:11.895  2451  3854 D AudioFlinger: prepareTracks_l: track 5236 sid 38753 s=0001600f [NOT READY] on thread 13, framesReady=0, minFrames=1, isReady=1, isTerminated=0, isShare=1, state=2, Ignor=2, desirFs=962
03-01 01:41:11.944  2937   581 D AudioTrack: pause(5430): prior state:STATE_STOPPED output 13 stream 5 session 38753
03-01 01:41:11.950  5371   565 D RingtonePlayer: onCompletion() abandoning AudioFocus
03-01 01:41:11.954  3799  5939 I MediaFocusControl: abandonAudioFocus() from uid/pid 10234/5371 clientId=android.media.AudioManager@e7c1b6 callingPack=com.android.systemui
03-01 01:41:11.955  2183   578 I ChiX    : [oplusAON:QSEEAON_ServiceCallback oplusSrvType:11] Receive QSEEAON Callback
03-01 01:41:11.955  5371   565 D RingtonePlayer: onCompletion queue size=0
03-01 01:41:11.955  2183   578 I ChiX    : [oplusAON:ProcessAONServiceEvent] AON Event notify for hClientHandle= 0xb400007e418ce240
03-01 01:41:11.955  5371   565 D RingtonePlayer: in onCompletion quitting looper Looper (Thread-10693, tid 14489) {e4316bf}
03-01 01:41:11.955  2183   578 I ChiX    : [oplusAON:ClientEventCallBack] AON Event notify srvType=11, clientHandle:0xb400007e418ce240
