03-01 01:39:06.485  3799  5899 D DisplayPowerController[display=0]: requestPowerState: policy=DOZE, useProximitySensor=false, screenBrightnessOverride=-1.0, useAutoBrightness=false, screenAutoBrightnessAdjustmentOverride=NaN, screenLowPowerBrightnessFactor=1.0, blockScreenOn=false, lowPowerMode=false, boostScreenBrightness=false, dozeScreenBrightness=NaN, dozeScreenState=UNKNOWN, dozeScreenStateReason=DREAM_MANAGER, useNormalBrightnessForDoze=false, waitForNegativeProximity=false displayReady=false pendingRequest=true
03-01 01:39:06.485  3799  3946 D OplusFeatureAntiDizzy:  animateLongTakeStateChange, policy 1
03-01 01:39:06.485  3799  5899 D DisplayManagerServiceExtImpl: request size(1,1),dpc=com.android.server.display.DisplayPowerController@10b6f27 size(0,1),flags=0X200F,id(0,0,local:4630946652107814787),enable=true,ready=false,waitForNegativeProximity=false policy=DOZE,useProximitySensor=false,dozeState=UNKNOWN,screenBrightnessOverride=-1.000000,useAuto=false,lowPower=false,lowPowerFactor=1.000000
03-01 01:39:06.485  3799  3946 D OplusBiometricsDisplayHelper: isFold: false, isUnblockByFp: null
03-01 01:39:06.486  3799  5794 D SystemServerTiming: getUserSwitchability-0
03-01 01:39:06.486  3799  5929 D DeviceStateProviderImpl: keyguard show or sleep: true mLastReportedState 0
03-01 01:39:06.486  3799  5794 D SystemServerTiming: TM.isInCall
03-01 01:39:06.486  3799  3946 D DisplayPowerController[display=0]: updatePowerStateInternal policy:OFF->DOZE,state:OFF->OFF policy=DOZE, useProximitySensor=false, screenBrightnessOverride=-1.0, useAutoBrightness=false, screenAutoBrightnessAdjustmentOverride=NaN, screenLowPowerBrightnessFactor=1.0, blockScreenOn=false, lowPowerMode=false, boostScreenBrightness=false, dozeScreenBrightness=NaN, dozeScreenState=UNKNOWN, dozeScreenStateReason=DREAM_MANAGER, useNormalBrightnessForDoze=false
03-01 01:39:06.487  3799  3871 V UsbDeviceManager: onKeyguardStateChanged: isShowing:true secure:true user:0
03-01 01:39:06.487  3799  5794 D SystemServerTiming: hasUserRestriction-DISALLOW_USER_SWITCH
03-01 01:39:06.487  3799  5794 D SystemServerTiming: getInt-ALLOW_USER_SWITCHING_WHEN_SYSTEM_USER_LOCKED
03-01 01:39:06.487  3799  3871 D OplusAccessControlManagerService: onKeyguardStateChanged : true
03-01 01:39:06.487  3799  5794 D SystemServerTiming: isUserUnlocked-USER_SYSTEM
03-01 01:39:06.487  3799  5929 D OplusPowerManagerHelper: [onGoToSleep]
03-01 01:39:06.487  3799  5929 E OplusCustomizeRestrictionManagerService: isBiometricDisabled start
03-01 01:39:06.487  3799  5929 D OplusPowerManagerHelper: [requestKeyguard]
03-01 01:39:06.487  3799  5929 D OplusFeatureAOD: notifySfUnBlockScreenOn
03-01 01:39:06.488  3799  3947 D NotifierExtImpl: notifyScreenOnOff: on = false
03-01 01:39:06.488  3799  3947 D OplusPowerManagerServiceEnhance: notifyScreenOnOff on=false
03-01 01:39:06.490  3799  5794 D LockSettingsService: [getSeparateProfileChallengeEnabled] userId = 999
03-01 01:39:06.492  3799  5794 D OplusBatteryServiceFeature: setSmartCoolDown: coolDown = 0, normalCoolDown = 0, pkgName = com.skidorider
03-01 01:39:06.496  5371  5371 W VRI[NotificationShade]: updateBlastSurfaceIfNeeded, surfaceSize:Point(1264, 2780), lastSurfaceSize:Point(1264, 2780), format:-3, blastBufferQueue:android.graphics.BLASTBufferQueue@7433bad
03-01 01:39:06.499  3799  5905 V WindowManager: Relayout Window{fa4bbce u0 NotificationShade}: viewVisibility=0, oldvis=0, req=1264x2780 , apr = 0, vsysui=, x=0, y=0
03-01 01:39:06.499  5371  5371 D KeyguardService: Finish IRemoteAnimationRunner.
03-01 01:39:06.500  5371  5405 V WindowManagerShell: Transition animation finished (aborted=false), notifying core (#3196) android.os.BinderProxy@a794c5@0
03-01 01:39:06.500  5371  5405 D SplitScreen-->AppLockManager: setStartFromSafeControl mStartFromSafeControl=false
03-01 01:39:06.500  5371  5371 W VRI[StatusBar]: handleResized abandoned!
03-01 01:39:06.500  5371  5371 W VRI[NotificationShade]: handleResized abandoned!
03-01 01:39:06.503  5371  5567 W VRI[ScreenDecorOverlay]: handleResized abandoned!
03-01 01:39:06.501  3799  5931 D Transition: finishTransition ar ActivityRecord{205533736 u0 com.skidorider/.MainActivity t324}, isVisibleRequested=false, state=PAUSED, visibleAtTransitionEndTokens={}, this=TransitionRecord{add9006 id=3196 track=0 type=TO_FRONT flags=0x840 state=2 c=[
03-01 01:39:06.501  3799  5931 D Transition:    ChangeInfo{ad90a70 container=Task{2c4fe27 #324 type=standard A=10547:com.skidorider} flags=0x10}
03-01 01:39:06.501  3799  5931 D Transition:    ChangeInfo{b9d94b3 container=DefaultTaskDisplayArea@165361358 flags=0x10}
03-01 01:39:06.501  3799  5931 D Transition:    ChangeInfo{cdc56c7 container=Display{#0 state=OFF size=1264x2780 ROTATION_0} flags=0x0}
03-01 01:39:06.501  3799  5931 D Transition:    ChangeInfo{12bc4f4 container=ActivityRecord{205533736 u0 com.skidorider/.MainActivity t324} flags=0x0}
03-01 01:39:06.501  3799  5931 D Transition: ]
03-01 01:39:06.501  3799  5931 D Transition: }
03-01 01:39:06.503  3799  5930 D Transition: finishTransaction-onCommitted syncId=3196
03-01 01:39:06.503  5371  5567 W VRI[ScreenDecorOverlayBottom]: handleResized abandoned!
03-01 01:39:06.503  3799  5931 D ActivityTaskManager: commitVisibility: ActivityRecord{205533736 u0 com.skidorider/.MainActivity t324}: visible=false visibleRequested=false, isInTransition=false 
03-01 01:39:06.503  3799  5931 D WindowManager: NFW_setClientVisible:ActivityRecord{205533736 u0 com.skidorider/.MainActivity t324} clientVisible:false
03-01 01:39:06.503  3799  3799 D OplusCustomizeAIStatistics: onReceive android.intent.action.SCREEN_OFF
03-01 01:39:06.504  3799  5931 D OplusTransitionController: finishTransition, transition: TransitionRecord{add9006 id=3196 track=0 type=TO_FRONT flags=0x840 state=4 c=[
03-01 01:39:06.504  3799  5931 D OplusTransitionController:    ChangeInfo{ad90a70 container=Task{2c4fe27 #324 type=standard A=10547:com.skidorider} flags=0x10}
03-01 01:39:06.504  3799  5931 D OplusTransitionController:    ChangeInfo{b9d94b3 container=DefaultTaskDisplayArea@165361358 flags=0x10}
03-01 01:39:06.504  3799  5931 D OplusTransitionController:    ChangeInfo{cdc56c7 container=Display{#0 state=OFF size=1264x2780 ROTATION_0} flags=0x0}
03-01 01:39:06.504  3799  5931 D OplusTransitionController:    ChangeInfo{12bc4f4 container=ActivityRecord{205533736 u0 com.skidorider/.MainActivity t324} flags=0x0}
03-01 01:39:06.504  3799  5931 D OplusTransitionController: ]
03-01 01:39:06.504  3799  5931 D OplusTransitionController: }
03-01 01:39:06.504  3799  5931 I OplusRecentsAnimationController: finishTransition transition.mType=3,task=null
03-01 01:39:06.504  3799  5931 D FlexibleTaskTransitionController:  finishTransition pendingRecentToFlexibleTask:null,isRotationTransition:false ,pendingRecentToFlexible:null ,transition:TransitionRecord{add9006 id=3196 track=0 type=TO_FRONT flags=0x840 state=4 c=[
03-01 01:39:06.504  3799  5931 D FlexibleTaskTransitionController:    ChangeInfo{ad90a70 container=Task{2c4fe27 #324 type=standard A=10547:com.skidorider} flags=0x10}
03-01 01:39:06.504  3799  5931 D FlexibleTaskTransitionController:    ChangeInfo{b9d94b3 container=DefaultTaskDisplayArea@165361358 flags=0x10}
03-01 01:39:06.504  3799  5931 D FlexibleTaskTransitionController:    ChangeInfo{cdc56c7 container=Display{#0 state=OFF size=1264x2780 ROTATION_0} flags=0x0}
03-01 01:39:06.504  3799  5931 D FlexibleTaskTransitionController:    ChangeInfo{12bc4f4 container=ActivityRecord{205533736 u0 com.skidorider/.MainActivity t324} flags=0x0}
03-01 01:39:06.504  3799  5931 D FlexibleTaskTransitionController: ]
03-01 01:39:06.504  3799  5931 D FlexibleTaskTransitionController: }
03-01 01:39:06.504  3799  5931 D KEYLOG_PhoneWindowManager: setKeyguardOccludedLw occluded=false,false,false
03-01 01:39:06.505  3799  5931 D RefreshRate: ***** request traversal for refresh rate change, reason is highTempRefreshRateChanged: false, windowRefreshRateChanged: true, flexibleWindowStateChanged: false, has float/zoom window *****
03-01 01:39:06.505  3799  5931 D TransitionControllerExtImpl: NFW_send RECOMPUTE_FOCUS in finishTransition
03-01 01:39:06.505  5371  5405 D ShellTaskOrganizer: onTransitionFinish, isRecent:false
03-01 01:39:06.505  5371  5405 V WindowManagerShell: Track 0 became idle
03-01 01:39:06.505  5371  5405 V WindowManagerShell: All active transition animations finished
03-01 01:39:06.505  3799  3872 I TaskOrganizerController: onTaskInfoChanged taskid 324 config { mBounds=Rect(0, 0 - 1264, 2780) mAppBounds=Rect(0, 0 - 1264, 2780) mMaxBounds=Rect(0, 0 - 1264, 2780) mDisplayRotation=ROTATION_0 mWindowingMode=fullscreen mActivityType=standard mAlwaysOnTop=undefined mRotation=ROTATION_0}
03-01 01:39:06.505  3799  3872 D OplusFlexibleDragToSplitAnimController: visibleFlexibleTaskInfos delete:324
03-01 01:39:06.506  3799  3872 E FlexibleWindowManagerService: notifyTaskObserverToAttachController not need to notify!
03-01 01:39:06.506  3799  3872 I FlexibleWindowManagerService: onFlexibleWindowTaskInfoChanged, return for cur task not embedded
03-01 01:39:06.507  3799  3871 D WindowManager: NFW_findFocusedWindowIfNeeded:Window{fa4bbce u0 NotificationShade} mCurrentFocus:Window{fa4bbce u0 NotificationShade}
03-01 01:39:06.515  3799  5916 D OplusDisplayManagerServiceEnhance: setSpecBrightness gear = 0 reason = com.skidorider@temperature@34@normal rate = -1
03-01 01:39:06.515  3799  3951 I OplusDisplayFeatureManager: handleMessage MSG_TEMPERATURE_LIMIT_BRIGHTNESS_CHANGED.
03-01 01:39:06.515  3799  3951 D OplusFeatureTemperatureLimitBrightness: new parameter!ControlInfo:[ gear = 0 reason = com.skidorider@temperature@34@normal gearNit = 9999.0 package = com.skidorider type = temperature temperature = 34 priority = normal rate = -1] HadDragPoint = false mode = 0
03-01 01:39:06.515  3799  3951 D OplusFeatureTemperatureLimitBrightness: isResetUpdate = false isNormalUpdate = false isSafetyRegulationsForceUpdate = false mLastLimitNit = 500.0
03-01 01:39:06.516  3799  3886 I PowerManagerService: onFlip(): Face up.
03-01 01:39:06.516  3799  3886 D PowerManagerService: onFlip: isFaceDown=false
03-01 01:39:06.516  3799  3886 D PowerManagerService: userActivityNoUpdateLocked: groupId=0, eventTime=132247311, event=other, flags=0x0, uid=1000
03-01 01:39:06.517  3799  3946 D OplusBiometricsDisplayHelper: isFold: false, isUnblockByFp: null
03-01 01:39:06.522  3799  3951 D OplusFeatureColorMode: +updateUserDreaming
03-01 01:39:06.522  3799  3951 D OplusDisplayBrightnessBroadcastReceiver: onReceive action = android.intent.action.SCREEN_OFF , listeners = [com.android.server.display.color.OplusFeatureColorMode$UserSwitchedReceiver@a496ca5]
03-01 01:39:06.527  3799  5780 V WindowManager: Relayout Window{131c990 u0 com.skidorider/com.skidorider.MainActivity}: viewVisibility=8, oldvis=0, req=1264x2780 , apr = 0, vsysui=
03-01 01:39:06.527  3799  5780 D WindowManager: tryStartExitingAnimation surface saved scuress, win:Window{131c990 u0 com.skidorider/com.skidorider.MainActivity} for fast unLock!
03-01 01:39:06.528  3799  5780 D WindowManager: NFW_findFocusedWindowIfNeeded:Window{fa4bbce u0 NotificationShade} mCurrentFocus:Window{fa4bbce u0 NotificationShade}
03-01 01:39:06.531 25217 25217 D VRI[MainActivity]: relayoutWindow result, sizeChanged:false, surfaceControlChanged:true, transformHintChanged:false, mSurfaceSize:Point(1264, 2780), mLastSurfaceSize:Point(1264, 2780), mWidth:1264, mHeight:2780, requestedWidth:1264, requestedHeight:2780, transformHint:0, installOrientation:0, displayRotation:0, isSurfaceValid:false, attr.flag:-2122249984, tmpFrames:ClientWindowFrames{frame=[0,0][1264,2780] display=[0,0][1264,2780] parentFrame=[0,0][0,0]}, relayoutAsync:false, mSyncSeqId:0
03-01 01:39:06.535  3799  3799 D OIM_OplusInputGestureMonitorUtils: mScreenReceiver action= android.intent.action.SCREEN_OFF KeyguardLockedState =true
03-01 01:39:06.540  3799  3872 D CoreBackPreview:  return markWindowHasDrawn mComposed: false  mWaitTransition: false
03-01 01:39:06.547  3799  4674 D OplusAlarmAdjustment: MSG_SCREEN_OFF,  adjustInterval =300000 ms, mDefaultAlignInterval=300000 ms, mScreenOffElapsed=176676494 ms
03-01 01:39:06.551  5371  5371 V DreamService[DozeService]: UpdateDoze mDozeScreenState=3 mDozeScreenBrightness=-1 mDozeScreenBrightnessFloat=NaN
03-01 01:39:06.552  3799  5780 D DreamManagerService: Dream requested to start dozing: android.os.Binder@ff5ffa9, screenState=DOZE, reason=UNKNOWN, screenBrightnessFloat=NaN, screenBrightnessInt=-1, useNormalBrightnessForDoze=false
03-01 01:39:06.552  3799  5780 D OplusFeatureAOD: key:3799 tmp:3
03-01 01:39:06.552  3799  5780 D DisplayPowerController[display=0]: requestPowerState: policy=DOZE, useProximitySensor=false, screenBrightnessOverride=-1.0, useAutoBrightness=false, screenAutoBrightnessAdjustmentOverride=NaN, screenLowPowerBrightnessFactor=1.0, blockScreenOn=false, lowPowerMode=false, boostScreenBrightness=false, dozeScreenBrightness=NaN, dozeScreenState=DOZE, dozeScreenStateReason=UNKNOWN, useNormalBrightnessForDoze=false, waitForNegativeProximity=false displayReady=false pendingRequest=true
03-01 01:39:06.552  3799  5780 D DisplayManagerServiceExtImpl: request size(1,1),dpc=com.android.server.display.DisplayPowerController@10b6f27 size(0,1),flags=0X200F,id(0,0,local:4630946652107814787),enable=true,ready=false,waitForNegativeProximity=false policy=DOZE,useProximitySensor=false,dozeState=DOZE,screenBrightnessOverride=-1.000000,useAuto=false,lowPower=false,lowPowerFactor=1.000000
03-01 01:39:06.559  3799  5939 D OplusStartingWindowManager: skip remove starting window for activity = ActivityRecord{205533736 u0 com.skidorider/.MainActivity t324} ,ar != topActivityContainsStartingWindow on activityStopped
03-01 01:39:06.561  3799  5916 W AlarmManager: Alarms must either supply a PendingIntent or an AlarmReceiver
03-01 01:39:06.561  3799  3956 D VRR [OPlusRefreshRateService]: handleScreenStateChange id: 0physicalId: 4630946652107814787, state: 3
03-01 01:39:06.561  3799  3956 D VRR [OPlusGameStatusManager]: screenStateChange state: 3
03-01 01:39:06.561  3799  3956 D DisplayManagerServiceExtImpl: scheduleTraversalLocked intraversal=false
03-01 01:39:06.562  3799  3871 D DisplayManagerService: MSG_REQUEST_TRAVERSAL pendingCompleted=false
03-01 01:39:06.562  3799  3946 D OplusDisplayState: setScreenState = 3 isPrimary = true
03-01 01:39:06.562  3799  3946 D DisplayPowerState[display=0]: setScreenState changed:OFF->DOZE
03-01 01:39:06.563  3799  3946 D DisplayPowerState[display=0]: setColorFadeLevel: level=1.0
03-01 01:39:06.563  3799  3872 D DisplayManagerService: performTraversalInternal pendingTraversal
03-01 01:39:06.563  3799  3872 D DisplayDevice: setLayerStackLocked id=local:4630946652107814787 token=android.os.BinderProxy@e4e952b stack=-1->-1
03-01 01:39:06.564  3799  4922 D BackgroundInstallControlService: Package event received: 0
03-01 01:39:06.566  3799  3946 D AutomaticController[display=0]: Change the enable setting from false to true while dozing
03-01 01:39:06.566  3799  3946 D AutomaticController[display=0]: setAutoStrategyEnabled: enable=true, mAutoStrategyEnable=false
03-01 01:39:06.568  3799  3946 I DisplayBrightnessStrategySelector: Changing the DisplayBrightnessStrategy from ScreenOffBrightnessStrategy to FallbackBrightnessStrategy for display 0
03-01 01:39:06.568  3799  3946 D OplusFeatureReduceBrightness: setAnimating : animating = true
03-01 01:39:06.568  3799  3946 D OplusBrightnessAmbientAdapter: setAnimating: from false to true
03-01 01:39:06.569  3799  3946 D DpcExtImpl[display=0]: Animating brightness: hdrBrightness target=2.0->1170.442,sdrBrightness target=2.0->1170.442,rate=3200->3200,rate type = dim->manual,byUser=false local:4630946652107814787 , brightness from dpc = 1786.0
03-01 01:39:06.569  3799  3946 D OplusBiometricsDisplayHelper: isFold: false, isUnblockByFp: null
03-01 01:39:06.569  3799  3946 D DpcExtImpl[display=0]: add for debug Aod brightness set 1170.442
03-01 01:39:06.570  3799  4976 D DisplayPowerState[display=0]: Updating screen state: id=0, state=DOZE, backlight=1170.442, sdrBacklight=1170.442
03-01 01:39:06.570  3799  4976 D DisplayAdapterExt: sendDisplayDeviceEventLocked event=2,now=176676517,timestamp=176676517 device:[id=local:4630946652107814787,stack=-1],isFirst=true,activeMode=3,state=DOZE,commitState=OFF,devInfo:null
03-01 01:39:06.571  3799  3871 I DisplayDeviceRepository: Display device changed state: "Built-in Screen", DOZE
03-01 01:39:06.571  3799  3871 D LogicalDisplayMapper: Display device changed diff=2
03-01 01:39:06.571  3799  3871 D LogicalDisplayExt: set displayInfo flag FLAG_ROTATES_WITH_CONTENT
03-01 01:39:06.571  3799  3871 D DisplayManagerServiceExtImpl: scheduleTraversalLocked intraversal=false
03-01 01:39:06.571  3799  3871 I DisplayManagerServiceExtImpl: handle logical display changed logicalDisplay=id=0,stack=0,content=true,displayInfo{stack=0,type=1,id=0,uId=local:4630946652107814787,state=DOZE,pkg=null}
03-01 01:39:06.571  3799  3871 D DisplayManagerService: Delivering display event: displayId=0, event=BASIC_CHANGED
03-01 01:39:06.572  3799  3869 D WindowManager: DeferredDisplayUpdater: partially applying DisplayInfo(1264 x 2780) immediately
03-01 01:39:06.572  3799  3869 D OplusVFXScreenEffectFeature: notifySFCompatWindowStateChange entered false
03-01 01:39:06.572  3799  3869 D DisplayManagerService: performTraversalInternal pendingTraversal
03-01 01:39:06.573  3799  3869 D DisplayDevice: setLayerStackLocked id=local:4630946652107814787 token=android.os.BinderProxy@e4e952b stack=-1->0
03-01 01:39:06.573  3799  3869 I DisplayDevice: [0] Layerstack set to 0 for local:4630946652107814787
03-01 01:39:06.573  3799  3871 D DisplayManagerService: MSG_REQUEST_TRAVERSAL pendingCompleted=false
03-01 01:39:06.586  3799  3946 D DpcExtImpl[display=0]: add for debug Aod brightness set 1170.442
03-01 01:39:06.586  5127  5127 D CastManagerService: onDisplayChanged.
03-01 01:39:06.586  3799  3871 D DisplayManagerService: Delivering display event: displayId=0, event=EVENT_DISPLAY_STATE_CHANGED
03-01 01:39:06.591  3799  4914 I MR2ServiceImpl: Updating composite discovery preference | preference: RouteDiscoveryRequest{ preferredFeatures={}, activeScan=false }, active routers: []
03-01 01:39:06.593  3799  3946 D DpcExtImpl[display=0]: add for debug Aod brightness set 1170.442
03-01 01:39:06.600  3799  5129 D CommSceneService: notify screen off changed state=1
03-01 01:39:06.600  3799  5129 D OSysNetControlService: handle comm scene=1001 state=1 phoneId=-1
03-01 01:39:06.602  3799  5899 D OplusWallpaperAnimationManager: cancelSurfaceAnimation reason: move_animation, isAnimating: false, by window: Window{fa4bbce u0 NotificationShade}
03-01 01:39:06.602  3799  5899 D OplusWallpaperAnimationManager: setWallpaperScale, onAnimationStopped
03-01 01:39:06.602  3799  5899 D OplusWallpaperAnimationManager: setWallpaperScale scale no change, return
03-01 01:39:06.603  3799  3946 D DpcExtImpl[display=0]: add for debug Aod brightness set 1170.442
03-01 01:39:06.607  5371  5371 V DreamService[DozeService]: UpdateDoze mDozeScreenState=3 mDozeScreenBrightness=72 mDozeScreenBrightnessFloat=NaN
03-01 01:39:06.608  3799  5930 D DreamManagerService: Dream requested to start dozing: android.os.Binder@ff5ffa9, screenState=DOZE, reason=UNKNOWN, screenBrightnessFloat=NaN, screenBrightnessInt=72, useNormalBrightnessForDoze=false
03-01 01:39:06.608  3799  5930 D OplusFeatureAOD: key:3799 tmp:3
03-01 01:39:06.608  3799  5930 D DisplayPowerController[display=0]: requestPowerState: policy=DOZE, useProximitySensor=false, screenBrightnessOverride=-1.0, useAutoBrightness=false, screenAutoBrightnessAdjustmentOverride=NaN, screenLowPowerBrightnessFactor=1.0, blockScreenOn=false, lowPowerMode=false, boostScreenBrightness=false, dozeScreenBrightness=0.27952754, dozeScreenState=DOZE, dozeScreenStateReason=UNKNOWN, useNormalBrightnessForDoze=false, waitForNegativeProximity=false displayReady=false pendingRequest=true
03-01 01:39:06.608  3799  5930 D DisplayManagerServiceExtImpl: request size(1,1),dpc=com.android.server.display.DisplayPowerController@10b6f27 size(0,1),flags=0X200F,id(0,0,local:4630946652107814787),enable=true,ready=false,waitForNegativeProximity=false policy=DOZE,useProximitySensor=false,dozeState=DOZE,screenBrightnessOverride=-1.000000,useAuto=false,lowPower=false,lowPowerFactor=1.000000
03-01 01:39:06.609  3799  3946 D AutomaticController[display=0]: Change the enable setting from false to true while dozing
03-01 01:39:06.609  3799  3946 I DisplayBrightnessStrategySelector: Changing the DisplayBrightnessStrategy from FallbackBrightnessStrategy to DozeBrightnessStrategy for display 0
03-01 01:39:06.609  3799  3946 D OplusBiometricsDisplayHelper: isFold: false, isUnblockByFp: null
03-01 01:39:06.610  3799  5121 I GameManagerServiceExt-GameManagerServiceExt: top change IS NOT GAME [com.skidorider]-[com.android.launcher]
03-01 01:39:06.616  3799  3946 D DpcExtImpl[display=0]: add for debug Aod brightness set 1170.442
03-01 01:39:06.618  3799  4724 W OplusStorageManagerFeature: mScreenReceiver action:android.intent.action.SCREEN_OFF
03-01 01:39:06.619  3799  4724 W OplusStorageManagerFeature: turn screenOff, maintPrepared:false
03-01 01:39:06.619  3799  4724 W OplusStorageManagerFeature: sendToTarget over,paramStr:5
03-01 01:39:06.620  3799  4724 W OplusStorageManagerFeature: Ready to deal actionParam:5
03-01 01:39:06.621  1205 31866 D vold    : ufshid started
03-01 01:39:06.621  1205 31866 W vold    : sys/class/power_supply/usb/online charge state:1
03-01 01:39:06.625  1205 31866 W vold    : o-hid: charge-clean: Success
03-01 01:39:06.625  1205 31866 W vold    : o-hid:trigger path not exist in /sys/devices/platform/soc/1d84000.ufshc/ufshid/: No such file or directory
03-01 01:39:06.625  1205 31866 D vold    : ufshid end
03-01 01:39:06.626  3799  3946 D DpcExtImpl[display=0]: add for debug Aod brightness set 1170.442
03-01 01:39:06.636  3799  3946 D DpcExtImpl[display=0]: add for debug Aod brightness set 1170.442
03-01 01:39:06.648  3799  3946 D DpcExtImpl[display=0]: add for debug Aod brightness set 1170.442
03-01 01:39:06.662  3799  3946 D DpcExtImpl[display=0]: add for debug Aod brightness set 1170.442
03-01 01:39:06.670  3799  3946 D DpcExtImpl[display=0]: add for debug Aod brightness set 1170.442
03-01 01:39:06.681  3799  3946 D DpcExtImpl[display=0]: add for debug Aod brightness set 1170.442
03-01 01:39:06.692  3799  3946 D DpcExtImpl[display=0]: add for debug Aod brightness set 1170.442
03-01 01:39:06.704  3799  3946 D DpcExtImpl[display=0]: add for debug Aod brightness set 1170.442
03-01 01:39:06.715  3799  3946 D DpcExtImpl[display=0]: add for debug Aod brightness set 1170.442
03-01 01:39:06.726  3799  3946 D DpcExtImpl[display=0]: add for debug Aod brightness set 1170.442
03-01 01:39:06.737  3799  3946 D DpcExtImpl[display=0]: add for debug Aod brightness set 1170.442
03-01 01:39:06.748  3799  3946 D DpcExtImpl[display=0]: add for debug Aod brightness set 1170.442
03-01 01:39:06.759  3799  3946 D DpcExtImpl[display=0]: add for debug Aod brightness set 1170.442
03-01 01:39:06.770  3799  3946 D DpcExtImpl[display=0]: add for debug Aod brightness set 1170.442
03-01 01:39:06.782  3799  3946 D DpcExtImpl[display=0]: add for debug Aod brightness set 1170.442
03-01 01:39:06.792  3799  3946 D DpcExtImpl[display=0]: add for debug Aod brightness set 1170.442
03-01 01:39:06.804  3799  3946 D DpcExtImpl[display=0]: add for debug Aod brightness set 1170.442
03-01 01:39:06.811  3799  4976 D DisplayAdapterExt: sendDisplayDeviceEventLocked event=2,now=176676758,timestamp=176676758 device:[id=local:4630946652107814787,stack=0],isFirst=true,activeMode=3,state=DOZE,commitState=DOZE,devInfo:null
03-01 01:39:06.815  3799  3946 D DpcExtImpl[display=0]: add for debug Aod brightness set 1170.442
03-01 01:39:06.816  3799  3871 I DisplayDeviceRepositoryExtImpl: Display device changed committed state: "Built-in Screen", DOZE
03-01 01:39:06.816  3799  3871 D LogicalDisplayMapper: Display device changed diff=4
03-01 01:39:06.816  3799  3871 D LogicalDisplayExt: set displayInfo flag FLAG_ROTATES_WITH_CONTENT
03-01 01:39:06.817  3799  3871 D DisplayManagerService: Delivering display event: displayId=0, event=EVENT_DISPLAY_COMMITTED_STATE_CHANGED
03-01 01:39:06.827  3799  3956 D VRR [OPlusSAManager]: isAutoReady return false. display 4630946652107814787 wtih screenState: 3, isSAType: true, isSMType: false
03-01 01:39:06.831  3799  3946 D DpcExtImpl[display=0]: add for debug Aod brightness set 1170.442
03-01 01:39:06.831  3799  3946 D AutomaticController[display=0]: Change the enable setting from false to true while dozing
03-01 01:39:06.832  3799  3946 D OplusBiometricsDisplayHelper: isFold: false, isUnblockByFp: null
03-01 01:39:06.839  3799  3946 D DpcExtImpl[display=0]: add for debug Aod brightness set 1170.442
03-01 01:39:06.848  3799  3946 D DpcExtImpl[display=0]: add for debug Aod brightness set 1170.442
03-01 01:39:06.861  3799  3946 D DpcExtImpl[display=0]: add for debug Aod brightness set 1170.442
03-01 01:39:06.873  3799  3946 D DpcExtImpl[display=0]: add for debug Aod brightness set 1170.442
03-01 01:39:06.883  3799  3946 D DpcExtImpl[display=0]: add for debug Aod brightness set 1170.442
03-01 01:39:06.893  3799  4968 D OplusBatteryManager: getPsyBatteryRm: 4982
03-01 01:39:06.894  3799  4968 D OplusBatteryManager: getPsyBatteryRm: 4982
03-01 01:39:06.894  3799  3946 D DpcExtImpl[display=0]: add for debug Aod brightness set 1170.442
03-01 01:39:06.906  3799  3946 D DpcExtImpl[display=0]: add for debug Aod brightness set 1170.442
03-01 01:39:06.917  3799  3946 D DpcExtImpl[display=0]: add for debug Aod brightness set 1170.442
03-01 01:39:06.928  3799  3946 D DpcExtImpl[display=0]: add for debug Aod brightness set 1170.442
03-01 01:39:06.939  3799  3946 D OplusFeatureReduceBrightness: setAnimating : animating = false
03-01 01:39:06.939  3799  3946 D OplusBrightnessAmbientAdapter: setAnimating: from true to false
03-01 01:39:06.939  3799  3946 D RampAnimatorExtImpl[display=0][Primary]: onAnimationEnd id[0]=[true],changed=[2->2->1170],duration:371,phaseCounts=[0, 0, 0]
03-01 01:39:06.939  3799  3946 D DpcExtImpl[display=0]: add for debug Aod brightness set 1170.442
03-01 01:39:06.939  3799  3946 D AutomaticController[display=0]: Change the enable setting from false to true while dozing
03-01 01:39:06.940  3799  3946 D OplusBiometricsDisplayHelper: isFold: false, isUnblockByFp: null
03-01 01:39:06.995  3799  5794 V WindowManager: Relayout Window{8e45b3e u0 OnScreenFingerprintIcon}: viewVisibility=0, oldvis=8, req=1264x1264 , apr = 0, vsysui=
03-01 01:39:06.996  3799  5794 I WindowManager: Window{8e45b3e u0 OnScreenFingerprintIcon} state from NO_SURFACE to DRAW_PENDING; reason: resetDrawState
03-01 01:39:06.999  3799  5794 D WindowManager: NFW_findFocusedWindowIfNeeded:Window{fa4bbce u0 NotificationShade} mCurrentFocus:Window{fa4bbce u0 NotificationShade}
03-01 01:39:06.999  3799  5794 D DisplayContentExtImpl: target is same with the last, remove the ime snapshot immediately.
03-01 01:39:07.049  5371  5405 V WindowManagerShell: Transition requested (#3197): android.os.BinderProxy@3d63208 TransitionRequestInfo { type = SLEEP, triggerTask = null, pipChange = null, remoteTransition = null, displayChange = null, flags = 0, debugId = 3197 }
03-01 01:39:07.051  3799  3871 E OplusAppQuickStart_AppQuickStartController: not start from launcher transition:3197
03-01 01:39:07.052  3799  3871 D OplusFlexibleActivityTransitionManager: fixTransitType type result:12, targets: []
03-01 01:39:07.052  3799  3871 D OplusTransitionController: onTransactionReady, transition: 3197, info: {id=3197 t=SLEEP f=0x40 trk=0 r=[] c=[] 
03-01 01:39:07.052  3799  3871 D OplusTransitionController: extendInfo=[
03-01 01:39:07.052  3799  3871 D OplusTransitionController:  OplusTransitionExtendedInfo{mTmpFinishT=null, mInOplusCompatMode=false, mIsProcessRunning=false, mHasMismatchBoundsTarget=false, mRecentsController=null, mRemoteTransition=null, mIsTranslucentActivityToHome=false, mAvoidInterceptKeyEventToHome=false, mIsFromHome=false, mParentLeash=null, mBackAnimClosingLeash=null, mIsOplusAnimRes=false, mKeepBgForContinuous=false, mIsBalAllow=false, mTaskNotInRecent=false, mIsPredictiveBackAnim=false, mIsMergedWithPredictive=false, mIsLaunchFromSpruce=false, mIsLaunchFromDrive=false, mGlobalSearchPageSwitch=false, mNeedNoAlphaGlobalSearchScene=false, mAssistScreenShowing=false, mSwipeUpBrowserScreenShowing=false, mUserIdTransition=-1
03-01 01:39:07.052  3799  3871 D OplusTransitionController: , mInRemoteScene=false, mInPreReady=false, mPreStart=false, mToken=null, mAbortByRemoteFromHome=false, mShellApplyToken=null, mRequestTransitionTaskId=-1, mAbortTransitionOnShell=0, mStartFromShortcut=false, mRemovedTaskId=-1, mTransitionInterruptType=0, mMergeSecondTaskId=-1, mTaskIdStartFromRecents=0, mTransitionId=3197, mCanUseSpringSlideAnim=false, mTransitionLaunchFrom=0, mFoldChangeType=-1, mAnimStartingPosition=[0, 0, 0, 0], mIsOpeningStkDialogActivity=false, mSecondaryHomeToFrontWhenUnFolding=false, mIsNeedApplyStartTForEmbedded=false
03-01 01:39:07.052  3799  3871 D OplusTransitionController: , mNeedCanvasExitAnim=false, mMergeSecondTaskAnimation=false, mIsLaunchUnityStart=false, mIsLaunchFromAssistantByDefault=false, mSkipRemoteTransitionfalse, mIsStartFromKeyguard=false flags=0x0, mWCT=null, mIsOpenMergeToInValidPredictive=false}]}, targets : [], participants: {}
03-01 01:39:07.053  5371 24375 V WindowManagerShell: onTransitionReady(transaction=16316581045172)
03-01 01:39:07.054  3799  5794 W Transition: Transition already started id=3197 state=2
03-01 01:39:07.054  3799  3868 V WindowManager: Sent Transition (#3197) createdAt=03-01 01:39:07.047 via request=TransitionRequestInfo { type = SLEEP, triggerTask = null, pipChange = null, remoteTransition = null, displayChange = null, flags = 0, debugId = 3197 }
03-01 01:39:07.054  3799  3868 V WindowManager:     startWCT=WindowContainerTransaction { changes= {} hops= [] errorCallbackToken=null taskFragmentOrganizer=null }
03-01 01:39:07.054  3799  3868 V WindowManager:     info={id=3197 t=SLEEP f=0x40 trk=0 r=[] c=[] 
03-01 01:39:07.054  3799  3868 V WindowManager: extendInfo=[
03-01 01:39:07.054  3799  3868 V WindowManager:  OplusTransitionExtendedInfo{mTmpFinishT=null, mInOplusCompatMode=false, mIsProcessRunning=false, mHasMismatchBoundsTarget=false, mRecentsController=null, mRemoteTransition=null, mIsTranslucentActivityToHome=false, mAvoidInterceptKeyEventToHome=false, mIsFromHome=false, mParentLeash=null, mBackAnimClosingLeash=null, mIsOplusAnimRes=false, mKeepBgForContinuous=false, mIsBalAllow=false, mTaskNotInRecent=false, mIsPredictiveBackAnim=false, mIsMergedWithPredictive=false, mIsLaunchFromSpruce=false, mIsLaunchFromDrive=false, mGlobalSearchPageSwitch=false, mNeedNoAlphaGlobalSearchScene=false, mAssistScreenShowing=false, mSwipeUpBrowserScreenShowing=false, mUserIdTransition=-1
03-01 01:39:07.054  3799  3868 V WindowManager: , mInRemoteScene=false, mInPreReady=false, mPreStart=false, mToken=null, mAbortByRemoteFromHome=false, mShellApplyToken=null, mRequestTransitionTaskId=-1, mAbortTransitionOnShell=0, mStartFromShortcut=false, mRemovedTaskId=-1, mTransitionInterruptType=0, mMergeSecondTaskId=-1, mTaskIdStartFromRecents=0, mTransitionId=3197, mCanUseSpringSlideAnim=false, mTransitionLaunchFrom=0, mFoldChangeType=-1, mAnimStartingPosition=[0, 0, 0, 0], mIsOpeningStkDialogActivity=false, mSecondaryHomeToFrontWhenUnFolding=false, mIsNeedApplyStartTForEmbedded=false
03-01 01:39:07.054  3799  3868 V WindowManager: , mNeedCanvasExitAnim=false, mMergeSecondTaskAnimation=false, mIsLaunchUnityStart=false, mIsLaunchFromAssistantByDefault=false, mSkipRemoteTransitionfalse, mIsStartFromKeyguard=false flags=0x0, mWCT=null, mIsOpenMergeToInValidPredictive=false}]}
03-01 01:39:07.054  5371  5405 V WindowManagerShell: onTransitionReady (#3197) android.os.BinderProxy@3d63208: {id=3197 t=SLEEP f=0x40 trk=0 r=[] c=[] 
03-01 01:39:07.054  5371  5405 V WindowManagerShell: extendInfo=[
03-01 01:39:07.054  5371  5405 V WindowManagerShell:  OplusTransitionExtendedInfo{mTmpFinishT=null, mInOplusCompatMode=false, mIsProcessRunning=false, mHasMismatchBoundsTarget=false, mRecentsController=null, mRemoteTransition=null, mIsTranslucentActivityToHome=false, mAvoidInterceptKeyEventToHome=false, mIsFromHome=false, mParentLeash=null, mBackAnimClosingLeash=null, mIsOplusAnimRes=false, mKeepBgForContinuous=false, mIsBalAllow=false, mTaskNotInRecent=false, mIsPredictiveBackAnim=false, mIsMergedWithPredictive=false, mIsLaunchFromSpruce=false, mIsLaunchFromDrive=false, mGlobalSearchPageSwitch=false, mNeedNoAlphaGlobalSearchScene=false, mAssistScreenShowing=false, mSwipeUpBrowserScreenShowing=false, mUserIdTransition=-1
03-01 01:39:07.054  5371  5405 V WindowManagerShell: , mInRemoteScene=false, mInPreReady=false, mPreStart=false, mToken=null, mAbortByRemoteFromHome=false, mShellApplyToken=null, mRequestTransitionTaskId=-1, mAbortTransitionOnShell=0, mStartFromShortcut=false, mRemovedTaskId=-1, mTransitionInterruptType=0, mMergeSecondTaskId=-1, mTaskIdStartFromRecents=0, mTransitionId=3197, mCanUseSpringSlideAnim=false, mTransitionLaunchFrom=0, mFoldChangeType=-1, mAnimStartingPosition=[0, 0, 0, 0], mIsOpeningStkDialogActivity=false, mSecondaryHomeToFrontWhenUnFolding=false, mIsNeedApplyStartTForEmbedded=false
03-01 01:39:07.054  5371  5405 V WindowManagerShell: , mNeedCanvasExitAnim=false, mMergeSecondTaskAnimation=false, mIsLaunchUnityStart=false, mIsLaunchFromAssistantByDefault=false, mSkipRemoteTransitionfalse, mIsStartFromKeyguard=false flags=0x0, mWCT=null, mIsOpenMergeToInValidPredictive=false}]}
03-01 01:39:07.054  5371  5405 V WindowManagerShell: No transition roots in (#3197) android.os.BinderProxy@3d63208@0 so abort
03-01 01:39:07.055  5371  5405 V WindowManagerShell: Transition animation finished (aborted=true), notifying core (#3197) android.os.BinderProxy@3d63208@0
03-01 01:39:07.055  5371  5405 D SplitScreen-->AppLockManager: setStartFromSafeControl mStartFromSafeControl=false
03-01 01:39:07.058  3799  5794 D OplusTransitionController: finishTransition, transition: TransitionRecord{d2d7d67 id=3197 track=0 type=SLEEP flags=0x40 state=4}
03-01 01:39:07.058  3799  5794 D FlexibleTaskTransitionController:  finishTransition pendingRecentToFlexibleTask:null,isRotationTransition:false ,pendingRecentToFlexible:null ,transition:TransitionRecord{d2d7d67 id=3197 track=0 type=SLEEP flags=0x40 state=4}
03-01 01:39:07.059  3799  5794 D RefreshRate: ***** request traversal for refresh rate change, reason is highTempRefreshRateChanged: false, windowRefreshRateChanged: true, flexibleWindowStateChanged: false, has float/zoom window *****
03-01 01:39:07.059  3799  5794 D TransitionControllerExtImpl: NFW_send RECOMPUTE_FOCUS in finishTransition
03-01 01:39:07.060  5371  5405 D ShellTaskOrganizer: onTransitionFinish, isRecent:false
03-01 01:39:07.060  5371  5405 V WindowManagerShell: Track 0 became idle
03-01 01:39:07.060  5371  5405 V WindowManagerShell: All active transition animations finished
03-01 01:39:07.066  3799  3871 D WindowManager: NFW_findFocusedWindowIfNeeded:Window{fa4bbce u0 NotificationShade} mCurrentFocus:Window{fa4bbce u0 NotificationShade}
03-01 01:39:07.076  3799  5794 I BLASTSyncEngine: onCommitted syncId: 3197, timeout: false ran: false
03-01 01:39:07.077  3799  5794 D Transition: finishTransaction-onCommitted syncId=3197
03-01 01:39:07.155  3799  5784 I WindowManager: Window{8e45b3e u0 OnScreenFingerprintIcon} state from DRAW_PENDING to COMMIT_DRAW_PENDING; reason: finishDrawingLocked
03-01 01:39:07.157  3799  5922 V WindowManager: Relayout Window{a076969 u0 OnScreenFingerprintPressedIcon}: viewVisibility=0, oldvis=8, req=195x195 , apr = 0, vsysui=
03-01 01:39:07.158  3799  5922 I WindowManager: Window{a076969 u0 OnScreenFingerprintPressedIcon} state from NO_SURFACE to DRAW_PENDING; reason: resetDrawState
03-01 01:39:07.161  3799  5922 I WindowManager: Window{8e45b3e u0 OnScreenFingerprintIcon} state from COMMIT_DRAW_PENDING to READY_TO_SHOW; reason: commitFinishDrawingLocked
03-01 01:39:07.161  3799  5922 I WindowManager: Window{8e45b3e u0 OnScreenFingerprintIcon} state from READY_TO_SHOW to HAS_DRAWN; reason: performShowLocked
03-01 01:39:07.161  3799  5922 D VRR [OPlusRefreshRatePolicy]: setRefreshRatePolicy policy=POLICY_SYSTEM, refreshRate=120, statusOn=false
03-01 01:39:07.162  3799  5922 D VRR [OPlusRefreshRatePolicy]: setRefreshRatePolicy policy=POLICY_FOD, refreshRate=120, statusOn=true
03-01 01:39:07.164  3799  5922 D WindowManager: NFW_findFocusedWindowIfNeeded:Window{fa4bbce u0 NotificationShade} mCurrentFocus:Window{fa4bbce u0 NotificationShade}
03-01 01:39:07.165  3799  3871 D DisplayManagerServiceExtImpl: scheduleTraversalLocked intraversal=false
03-01 01:39:07.165  3799  3871 D DisplayManagerService: MSG_REQUEST_TRAVERSAL pendingCompleted=false
03-01 01:39:07.165  3799  3872 D DisplayManagerService: performTraversalInternal pendingTraversal
03-01 01:39:07.165  3799  3872 D DisplayDevice: setLayerStackLocked id=local:4630946652107814787 token=android.os.BinderProxy@e4e952b stack=0->0
03-01 01:39:07.166  3799  3956 D VRR [OPlusRefreshRateService]: handlePolicyChange policy: 4
03-01 01:39:07.166  3799  3956 D LocalDisplayAdapter: setDesiredDisplayModeSpecsAsync: display unique id = local:4630946652107814787, display mode specs = defaultMode=0 allowGroupSwitching=false primaryRanges=physical: (0.0 120.0) render:  (0.0 120.0) appRequestRanges=physical: (0.0 120.0) render:  (0.0 120.0) idleScreenRefreshRate=null
03-01 01:39:07.214  3799  3956 D VRR [OPlusExternalRefreshRateManager]:  [OTI] handleTouchIdlePauseState: policy
03-01 01:39:07.316  3799  3956 D VRR [OPlusSAManager]: isAutoReady return false. display 4630946652107814787 wtih screenState: 3, isSAType: true, isSMType: false
03-01 01:39:07.317  3799  3956 D VRR [OPlusSAManager]: isAutoReady return false. display 4630946652107814787 wtih screenState: 3, isSAType: true, isSMType: false
03-01 01:39:07.322  3799  5922 I WindowManager: Window{a076969 u0 OnScreenFingerprintPressedIcon} state from DRAW_PENDING to COMMIT_DRAW_PENDING; reason: finishDrawingLocked
03-01 01:39:07.325  3799  3872 I WindowManager: Window{a076969 u0 OnScreenFingerprintPressedIcon} state from COMMIT_DRAW_PENDING to READY_TO_SHOW; reason: commitFinishDrawingLocked
03-01 01:39:07.325  3799  3872 I WindowManager: Window{a076969 u0 OnScreenFingerprintPressedIcon} state from READY_TO_SHOW to HAS_DRAWN; reason: performShowLocked
03-01 01:39:07.494  3799  4545 D osense.compress: com.myairtelapp do shrink, target ratio = 82, final ratio = 90, cur ratio = 75
03-01 01:39:07.817  3799  3956 D VRR [OPlusSAManager]: isAutoReady return false. display 4630946652107814787 wtih screenState: 3, isSAType: true, isSMType: false
03-01 01:39:07.925  3799  4914 I MR2ServiceImpl: Updating composite discovery preference | preference: RouteDiscoveryRequest{ preferredFeatures={}, activeScan=false }, active routers: []
03-01 01:39:08.762  5371  5371 V DreamService[DozeService]: UpdateDoze mDozeScreenState=4 mDozeScreenBrightness=72 mDozeScreenBrightnessFloat=NaN
03-01 01:39:08.766  3799  5922 D DreamManagerService: Dream requested to start dozing: android.os.Binder@ff5ffa9, screenState=DOZE_SUSPEND, reason=UNKNOWN, screenBrightnessFloat=NaN, screenBrightnessInt=72, useNormalBrightnessForDoze=false
03-01 01:39:08.767  3799  5922 D OplusFeatureAOD: key:3799 tmp:1
03-01 01:39:08.767  3799  5922 D DisplayPowerController[display=0]: requestPowerState: policy=DOZE, useProximitySensor=false, screenBrightnessOverride=-1.0, useAutoBrightness=false, screenAutoBrightnessAdjustmentOverride=NaN, screenLowPowerBrightnessFactor=1.0, blockScreenOn=false, lowPowerMode=false, boostScreenBrightness=false, dozeScreenBrightness=0.27952754, dozeScreenState=DOZE_SUSPEND, dozeScreenStateReason=UNKNOWN, useNormalBrightnessForDoze=false, waitForNegativeProximity=false displayReady=false pendingRequest=true
03-01 01:39:08.767  3799  5922 D DisplayManagerServiceExtImpl: request size(1,1),dpc=com.android.server.display.DisplayPowerController@10b6f27 size(0,1),flags=0X200F,id(0,0,local:4630946652107814787),enable=true,ready=false,waitForNegativeProximity=false policy=DOZE,useProximitySensor=false,dozeState=DOZE_SUSPEND,screenBrightnessOverride=-1.000000,useAuto=false,lowPower=false,lowPowerFactor=1.000000
03-01 01:39:08.780  3799  3946 D OplusDisplayState: setScreenState = 4 isPrimary = true
03-01 01:39:08.780  3799  3946 D DisplayPowerState[display=0]: setScreenState changed:DOZE->DOZE_SUSPEND
03-01 01:39:08.780  3799  3956 D VRR [OPlusRefreshRateService]: handleScreenStateChange id: 0physicalId: 4630946652107814787, state: 4
03-01 01:39:08.780  3799  3956 D VRR [OPlusGameStatusManager]: screenStateChange state: 4
03-01 01:39:08.781  3799  3946 D AutomaticController[display=0]: Change the enable setting from false to true while dozing
03-01 01:39:08.781  3799  3946 D OplusBiometricsDisplayHelper: isFold: false, isUnblockByFp: null
03-01 01:39:08.782  3799  3946 D DpcExtImpl[display=0]: add for debug Aod brightness set 1170.442
03-01 01:39:08.782  3799  4976 D DisplayPowerState[display=0]: Updating screen state: id=0, state=DOZE_SUSPEND, backlight=1170.442, sdrBacklight=1170.442
03-01 01:39:08.783  3799  4976 D DisplayAdapterExt: sendDisplayDeviceEventLocked event=2,now=176678729,timestamp=176678729 device:[id=local:4630946652107814787,stack=0],isFirst=true,activeMode=3,state=DOZE_SUSPEND,commitState=DOZE,devInfo:null
03-01 01:39:08.784  3799  3871 I DisplayDeviceRepository: Display device changed state: "Built-in Screen", DOZE_SUSPEND
03-01 01:39:08.784  3799  3871 D LogicalDisplayMapper: Display device changed diff=2
03-01 01:39:08.784  3799  3871 D LogicalDisplayExt: set displayInfo flag FLAG_ROTATES_WITH_CONTENT
03-01 01:39:08.785  3799  3871 D DisplayManagerServiceExtImpl: scheduleTraversalLocked intraversal=false
03-01 01:39:08.785  3799  3871 I DisplayManagerServiceExtImpl: handle logical display changed logicalDisplay=id=0,stack=0,content=true,displayInfo{stack=0,type=1,id=0,uId=local:4630946652107814787,state=DOZE_SUSPEND,pkg=null}
03-01 01:39:08.785  3799  3871 D DisplayManagerService: Delivering display event: displayId=0, event=BASIC_CHANGED
03-01 01:39:08.786  3799  3869 D WindowManager: DeferredDisplayUpdater: partially applying DisplayInfo(1264 x 2780) immediately
03-01 01:39:08.787  3799  3869 D OplusVFXScreenEffectFeature: notifySFCompatWindowStateChange entered false
03-01 01:39:08.789  3799  3869 D DisplayManagerService: performTraversalInternal pendingTraversal
03-01 01:39:08.790  3799  3871 D DisplayManagerService: MSG_REQUEST_TRAVERSAL pendingCompleted=false
03-01 01:39:08.790  3799  3869 D DisplayDevice: setLayerStackLocked id=local:4630946652107814787 token=android.os.BinderProxy@e4e952b stack=0->0
03-01 01:39:08.793  3799  3871 D DisplayManagerService: Delivering display event: displayId=0, event=EVENT_DISPLAY_STATE_CHANGED
03-01 01:39:08.797  3799  4976 D DisplayAdapterExt: sendDisplayDeviceEventLocked event=2,now=176678744,timestamp=176678744 device:[id=local:4630946652107814787,stack=0],isFirst=true,activeMode=3,state=DOZE_SUSPEND,commitState=DOZE_SUSPEND,devInfo:null
03-01 01:39:08.797  3799  3946 D DpcExtImpl[display=0]: add for debug Aod brightness set 1170.442
03-01 01:39:08.797  3799  3946 D AutomaticController[display=0]: Change the enable setting from false to true while dozing
03-01 01:39:08.797  3799  3946 D OplusBiometricsDisplayHelper: isFold: false, isUnblockByFp: null
03-01 01:39:08.797  3799  3871 I DisplayDeviceRepositoryExtImpl: Display device changed committed state: "Built-in Screen", DOZE_SUSPEND
03-01 01:39:08.797  3799  3871 D LogicalDisplayMapper: Display device changed diff=4
03-01 01:39:08.797  3799  3871 D LogicalDisplayExt: set displayInfo flag FLAG_ROTATES_WITH_CONTENT
03-01 01:39:08.797  3799  3871 D DisplayManagerService: Delivering display event: displayId=0, event=EVENT_DISPLAY_COMMITTED_STATE_CHANGED
03-01 01:39:08.798  5127  5127 D CastManagerService: onDisplayChanged.
03-01 01:39:09.179  3799  4836 V NetworkPolicy: updateNetworkEnabledNL() return
03-01 01:39:09.180  3799  4836 V NetworkPolicy: updateNotificationsNL not process
03-01 01:39:09.828  3799  3956 D VRR [OPlusGameStatusManager]: handleMessage: 7004
03-01 01:39:09.828  3799  3956 D VRR [OPlusGameStatusManager]: handleBrightnessDone
03-01 01:39:11.283  3799  4545 D osense.compress: com.rupicard.score do shrink, target ratio = 45, final ratio = 90, cur ratio = 0
03-01 01:39:11.469  3799  4545 D osense.compress: com.truecaller do shrink, target ratio = 62, final ratio = 70, cur ratio = 54
03-01 01:39:11.960  3799  4545 D osense.compress: try do inactive compress task
03-01 01:39:12.000  3799  4676 V AlarmManager: sending alarm Alarm{5f72029 type 1 origWhen 1772309348212 whenElapsed 176678158 android} uid 1000 whenElapsed 176678158 windowLength 0 maxWhenElapsed 176678158 repeatInterval 0 action null component null tag StorgaeBandInfoAlarmTag flags 0x9 procName system_server
03-01 01:39:12.010  3799  4676 V AlarmManager: sending alarm Alarm{ebb5fae type 2 origWhen 176681944 whenElapsed 176681945 com.android.systemui} uid 10234 whenElapsed 176681945 windowLength 0 maxWhenElapsed 176681945 repeatInterval 0 action com.android.systemui.aod.HIDE_TIME component null flags 0x9 procName com.android.systemui
03-01 01:39:12.060  5371  5371 V DreamService[DozeService]: UpdateDoze mDozeScreenState=3 mDozeScreenBrightness=72 mDozeScreenBrightnessFloat=NaN
03-01 01:39:12.062  3799  5784 D DreamManagerService: Dream requested to start dozing: android.os.Binder@ff5ffa9, screenState=DOZE, reason=UNKNOWN, screenBrightnessFloat=NaN, screenBrightnessInt=72, useNormalBrightnessForDoze=false
03-01 01:39:12.062  3799  5784 D OplusFeatureAOD: key:3799 tmp:3
03-01 01:39:12.062  3799  5784 D DisplayPowerController[display=0]: requestPowerState: policy=DOZE, useProximitySensor=false, screenBrightnessOverride=-1.0, useAutoBrightness=false, screenAutoBrightnessAdjustmentOverride=NaN, screenLowPowerBrightnessFactor=1.0, blockScreenOn=false, lowPowerMode=false, boostScreenBrightness=false, dozeScreenBrightness=0.27952754, dozeScreenState=DOZE, dozeScreenStateReason=UNKNOWN, useNormalBrightnessForDoze=false, waitForNegativeProximity=false displayReady=false pendingRequest=true
03-01 01:39:12.062  3799  5784 D DisplayManagerServiceExtImpl: request size(1,1),dpc=com.android.server.display.DisplayPowerController@10b6f27 size(0,1),flags=0X200F,id(0,0,local:4630946652107814787),enable=true,ready=false,waitForNegativeProximity=false policy=DOZE,useProximitySensor=false,dozeState=DOZE,screenBrightnessOverride=-1.000000,useAuto=false,lowPower=false,lowPowerFactor=1.000000
03-01 01:39:12.073  3799  3956 D VRR [OPlusRefreshRateService]: handleScreenStateChange id: 0physicalId: 4630946652107814787, state: 3
03-01 01:39:12.073  3799  3956 D VRR [OPlusGameStatusManager]: screenStateChange state: 3
03-01 01:39:12.073  3799  3956 D DisplayManagerServiceExtImpl: scheduleTraversalLocked intraversal=false
03-01 01:39:12.073  3799  3946 D OplusDisplayState: setScreenState = 3 isPrimary = true
03-01 01:39:12.073  3799  3946 D DisplayPowerState[display=0]: setScreenState changed:DOZE_SUSPEND->DOZE
03-01 01:39:12.073  3799  3871 D DisplayManagerService: MSG_REQUEST_TRAVERSAL pendingCompleted=false
03-01 01:39:12.074  3799  3946 D AutomaticController[display=0]: Change the enable setting from false to true while dozing
03-01 01:39:12.076  3799  3872 D DisplayManagerService: performTraversalInternal pendingTraversal
03-01 01:39:12.076  3799  3872 D DisplayDevice: setLayerStackLocked id=local:4630946652107814787 token=android.os.BinderProxy@e4e952b stack=0->0
03-01 01:39:12.077  3799  3946 D OplusBiometricsDisplayHelper: isFold: false, isUnblockByFp: null
03-01 01:39:12.077  3799  3946 D DpcExtImpl[display=0]: add for debug Aod brightness set 1170.442
03-01 01:39:12.078  3799  4976 D DisplayPowerState[display=0]: Updating screen state: id=0, state=DOZE, backlight=1170.442, sdrBacklight=1170.442
03-01 01:39:12.078  3799  4976 D DisplayAdapterExt: sendDisplayDeviceEventLocked event=2,now=176682025,timestamp=176682025 device:[id=local:4630946652107814787,stack=0],isFirst=true,activeMode=3,state=DOZE,commitState=DOZE_SUSPEND,devInfo:null
03-01 01:39:12.080  3799  3871 I DisplayDeviceRepository: Display device changed state: "Built-in Screen", DOZE
03-01 01:39:12.080  3799  3871 D LogicalDisplayMapper: Display device changed diff=2
03-01 01:39:12.080  3799  3871 D LogicalDisplayExt: set displayInfo flag FLAG_ROTATES_WITH_CONTENT
03-01 01:39:12.080  3799  3871 D DisplayManagerServiceExtImpl: scheduleTraversalLocked intraversal=false
03-01 01:39:12.080  3799  3871 I DisplayManagerServiceExtImpl: handle logical display changed logicalDisplay=id=0,stack=0,content=true,displayInfo{stack=0,type=1,id=0,uId=local:4630946652107814787,state=DOZE,pkg=null}
03-01 01:39:12.080  3799  3871 D DisplayManagerService: Delivering display event: displayId=0, event=BASIC_CHANGED
03-01 01:39:12.083  3799  3869 D WindowManager: DeferredDisplayUpdater: partially applying DisplayInfo(1264 x 2780) immediately
03-01 01:39:12.085  3799  3869 D OplusVFXScreenEffectFeature: notifySFCompatWindowStateChange entered false
03-01 01:39:12.086  3799  4976 D DisplayAdapterExt: sendDisplayDeviceEventLocked event=2,now=176682032,timestamp=176682032 device:[id=local:4630946652107814787,stack=0],isFirst=true,activeMode=3,state=DOZE,commitState=DOZE,devInfo:null
03-01 01:39:12.087  3799  3869 D DisplayManagerService: performTraversalInternal pendingTraversal
03-01 01:39:12.087  3799  3869 D DisplayDevice: setLayerStackLocked id=local:4630946652107814787 token=android.os.BinderProxy@e4e952b stack=0->0
03-01 01:39:12.088  3799  3871 D DisplayManagerService: MSG_REQUEST_TRAVERSAL pendingCompleted=false
