03-01 10:05:02.232  3799  5772 D OplusTransitionController:    ChangeInfo{b817447 container=Task{7118ee6 #336 type=standard A=10344:com.whatsapp} flags=0x0}
03-01 10:05:02.232  3799  5772 D OplusTransitionController:    ChangeInfo{d765474 container=DefaultTaskDisplayArea@165361358 flags=0x0}
03-01 10:05:02.232  3799  5772 D OplusTransitionController:    ChangeInfo{bcc7720 container=ActivityRecord{174817516 u0 com.whatsapp/.status.playback.StatusPlaybackActivity t336} flags=0x0}
03-01 10:05:02.232  3799  5772 D OplusTransitionController:    ChangeInfo{ed57d9d container=Display{#0 state=ON size=1264x2780 ROTATION_0} flags=0x0}
03-01 10:05:02.232  3799  5772 D OplusTransitionController: ]
03-01 10:05:02.232  3799  5772 D OplusTransitionController: }
03-01 10:05:02.232  3799  5772 D FlexibleTaskTransitionController:  finishTransition pendingRecentToFlexibleTask:null,isRotationTransition:false ,pendingRecentToFlexible:null ,transition:TransitionRecord{596b386 id=3424 track=0 type=OPEN flags=0x0 state=4 c=[
03-01 10:05:02.232  3799  5772 D FlexibleTaskTransitionController:    ChangeInfo{b817447 container=Task{7118ee6 #336 type=standard A=10344:com.whatsapp} flags=0x0}
03-01 10:05:02.232  3799  5772 D FlexibleTaskTransitionController:    ChangeInfo{d765474 container=DefaultTaskDisplayArea@165361358 flags=0x0}
03-01 10:05:02.232  3799  5772 D FlexibleTaskTransitionController:    ChangeInfo{bcc7720 container=ActivityRecord{174817516 u0 com.whatsapp/.status.playback.StatusPlaybackActivity t336} flags=0x0}
03-01 10:05:02.232  3799  5772 D FlexibleTaskTransitionController:    ChangeInfo{ed57d9d container=Display{#0 state=ON size=1264x2780 ROTATION_0} flags=0x0}
03-01 10:05:02.232  3799  5772 D FlexibleTaskTransitionController: ]
03-01 10:05:02.232  3799  5772 D FlexibleTaskTransitionController: }
03-01 10:05:02.233  3799  5772 D TransitionControllerExtImpl: NFW_send RECOMPUTE_FOCUS in finishTransition
03-01 10:05:02.233  5371  5405 D ShellTaskOrganizer: onTransitionFinish, isRecent:false
03-01 10:05:02.233  3799  3885 W UserAwareMgr: event can not be released, id: 5005, count: 2, releasePid: 3799
03-01 10:05:02.233  3799  3871 D WindowManager: NFW_findFocusedWindowIfNeeded:Window{5807d25 u0 com.whatsapp/com.whatsapp.status.playback.StatusPlaybackActivity} mCurrentFocus:Window{5807d25 u0 com.whatsapp/com.whatsapp.status.playback.StatusPlaybackActivity}
03-01 10:05:02.234  5371  5405 V WindowManagerShell: Track 0 became idle
03-01 10:05:02.234  5371  5405 V WindowManagerShell: All active transition animations finished
03-01 10:05:02.239  3799  3799 D RefreshRate: app switch boost timeout,transition isPlaying:false isInInterruptScene:false
03-01 10:05:02.240  3799  3956 D VRR [OPlusRefreshRateService]:  setDirectorStates [flag: 1, state: 0, directorStateOff: 0]
03-01 10:05:02.244  3799  5772 D Transition: finishTransaction-onCommitted syncId=3424
03-01 10:05:02.376  3799  3885 W QosScheduler: executeSceneQosStrategy failed! qos feature no enable
03-01 10:05:02.397  3799  4545 D osense.compress: com.google.android.youtube do shrink, target ratio = 64, final ratio = 90, cur ratio = 39
03-01 10:05:02.497  3799 19513 E TaskPersister: File error accessing recents directory (directory doesn't exist?).
03-01 10:05:02.521  3799  3885 I UserAwareMgr: fg app status not changed, beforeVisible: true, currentVisible: true
03-01 10:05:02.542  3799  3885 I UserAwareMgr: fg app status not changed, beforeVisible: true, currentVisible: true
03-01 10:05:02.933  3799  3947 D PowerManagerService: userActivityNoUpdateLocked: groupId=0, eventTime=149880356, event=touch, flags=0x0, uid=1000
03-01 10:05:02.934  3799  3947 D PowerManagerService: userActivityNoUpdateLocked: groupId=0, eventTime=149880356, event=touch, flags=0x0, uid=1000
03-01 10:05:02.935  3799  4676 V AlarmManager: sending alarm Alarm{f481809 type 1 origWhen 1772339702935 whenElapsed 207032882 android} uid 1000 whenElapsed 207032882 windowLength 0 maxWhenElapsed 207032882 repeatInterval 0 action null component null tag StorgaeBandInfoAlarmTag flags 0x9 procName system_server
03-01 10:05:02.935  3799  5930 D QuickBackInputPolicy: isInMultiWindowMode and isInSplitScreen is: false isZoomMode is: false isMultiWindowModeInPocketStudio is: false isEmbeddedInLauncherActivity is: false
03-01 10:05:02.937  3799  5930 D QuickBackInputPolicy: hasMultiChildrenInTask: true
03-01 10:05:02.937  3799  5930 D QuickBackInputPolicy: canInterceptKeyEventToHome Window:Window{5807d25 u0 com.whatsapp/com.whatsapp.status.playback.StatusPlaybackActivity}, do nothing!
03-01 10:05:02.941  3799  5930 D QuickBackInputPolicy: isInMultiWindowMode and isInSplitScreen is: false isZoomMode is: false isMultiWindowModeInPocketStudio is: false isEmbeddedInLauncherActivity is: false
03-01 10:05:02.941  3799  5930 D QuickBackInputPolicy: hasMultiChildrenInTask: true
03-01 10:05:02.941  3799  5930 D CoreBackPreview: startBackNavigation currentTask=Task{7118ee6 #336 type=standard A=10344:com.whatsapp}, topRunningActivity=ActivityRecord{174817516 u0 com.whatsapp/.status.playback.StatusPlaybackActivity t336}, callbackInfo=OnBackInvokedCallbackInfo{mCallback=android.window.IOnBackInvokedCallback$Stub$Proxy@c41acab, mPriority=0, mIsAnimationCallback=false, mOverrideBehavior=0}, currentFocus=Window{5807d25 u0 com.whatsapp/com.whatsapp.status.playback.StatusPlaybackActivity}
03-01 10:05:02.941  5371  5405 D ShellBackPreview: Received backNavigationInfo:BackNavigationInfo{mType=TYPE_CALLBACK (4), mOnBackNavigationDone=android.os.RemoteCallback@73ca089, mOnBackInvokedCallback=android.window.IOnBackInvokedCallback$Stub$Proxy@b0488e, mPrepareRemoteAnimation=false, mAnimationCallback=false, mCustomizeAnimationInfo=null}
03-01 10:05:02.946  3799  5930 V WindowManager: Relayout Window{d24701a u0 ColorSideGestureRight_displayId_0}: viewVisibility=0, oldvis=8, req=192x3145 , apr = 0, vsysui=
03-01 10:05:02.946  3799  5930 I WindowManager: Window{d24701a u0 ColorSideGestureRight_displayId_0} state from NO_SURFACE to DRAW_PENDING; reason: resetDrawState
03-01 10:05:02.948  3799  5930 D WindowManager: NFW_findFocusedWindowIfNeeded:Window{5807d25 u0 com.whatsapp/com.whatsapp.status.playback.StatusPlaybackActivity} mCurrentFocus:Window{5807d25 u0 com.whatsapp/com.whatsapp.status.playback.StatusPlaybackActivity}
03-01 10:05:02.958  5371  5692 D LinearmotorVibrator: vibrate: effect=WaveformEffect { 93aaea7, effectType=1, effectStrength=-1, effectLoop=false, ringtoneVibrateType=-1, isRingtoneCustomized=false, ringtoneFilePath=, strengthSettingEnabled=true, asynchronous=false, usageHint=0 }
03-01 10:05:02.958  3799  5930 I WindowManager: Window{d24701a u0 ColorSideGestureRight_displayId_0} state from DRAW_PENDING to COMMIT_DRAW_PENDING; reason: finishDrawingLocked
03-01 10:05:02.959  3799  5772 I VibratorManagerServiceExtImpl: vibrate is uid=10234, pid=5371, opPkg=com.android.systemui, effect=Mono{mEffect=Composed{segments=[OplusVibrationEffectSegment{mEffectId=1, mEffectStrength=-1, mRingtonePath=''}], repeat=-1}}, attributes=VibrationAttributes{mUsage=UNKNOWN, mAudioUsage= USAGE_UNKNOWN, mFlags=0}, reason=null, token=28164210
03-01 10:05:02.960  3799  4673 W VibrationScaler: Got unexpected vibration intensity: 2000
03-01 10:05:02.961  3799  4673 D VibrationThread: Perform OplusPrebakedSegment{mWaveformId=2, mDuration=45, mEffectStrength=2000, mDefaultUsage=TOUCH} on vibrator 0
03-01 10:05:02.961  3799  3872 I WindowManager: Window{d24701a u0 ColorSideGestureRight_displayId_0} state from COMMIT_DRAW_PENDING to READY_TO_SHOW; reason: commitFinishDrawingLocked
03-01 10:05:02.961  3799  3872 I WindowManager: Window{d24701a u0 ColorSideGestureRight_displayId_0} state from READY_TO_SHOW to HAS_DRAWN; reason: performShowLocked
03-01 10:05:03.036  3799  3947 D PowerManagerService: userActivityNoUpdateLocked: groupId=0, eventTime=149880461, event=touch, flags=0x0, uid=1000
03-01 10:05:03.038  3799  3947 D PowerManagerService: userActivityNoUpdateLocked: groupId=0, eventTime=149880461, event=touch, flags=0x0, uid=1000
03-01 10:05:03.053  5371  5405 D ShellBackPreview: Finishing gesture with event action: 1
03-01 10:05:03.053  5371  5405 D ShellBackPreview: onGestureFinished() mTriggerBack == true
03-01 10:05:03.054  5371  5405 D ShellBackPreview: Trigger back without dispatching to animator.
03-01 10:05:03.055  5371  5405 D ShellBackPreview: BackAnimationController: finishBackNavigation()
03-01 10:05:03.057  3799  5939 D CoreBackPreview: onBackNavigationDone backType=4, triggerBack=true
03-01 10:05:03.057 23885 23885 D OplusPredictiveBackController: should not HookOnBackInvokedCallbackEnabled for application com.whatsapp.status.playback.StatusPlaybackActivity@dde8c7c hasOnBackInvokedCallBackEnabled
03-01 10:05:03.058 23885 23885 D OplusPredictiveBackController: should not HookOnBackInvokedCallbackEnabled for application com.whatsapp.status.playback.StatusPlaybackActivity@dde8c7c hasOnBackInvokedCallBackEnabled
03-01 10:05:03.065  3799  5939 D ActivityTaskManager: setAppVisibility(Token{aef9ebb ActivityRecord{174817516 u0 com.whatsapp/.status.playback.StatusPlaybackActivity t336 f}}}, visible=false):  visible=true mVisibleRequested=true
03-01 10:05:03.065  3799  5939 D ActivityTaskManager: setVisibility(Token{aef9ebb ActivityRecord{174817516 u0 com.whatsapp/.status.playback.StatusPlaybackActivity t336 f}}}, visible=false) defer commitVisibility for transition collecting
03-01 10:05:03.065  5371  5405 V WindowManagerShell: Transition requested (#3425): android.os.BinderProxy@e3f90ab TransitionRequestInfo { type = CLOSE, triggerTask = null, pipChange = null, remoteTransition = null, displayChange = null, flags = 0, debugId = 3425 }
03-01 10:05:03.074  3799  5939 D OplusWindowAnimationManager: applyNoAnimationForResumed resumed: null
03-01 10:05:03.074  3799  5939 I OplusAccessController: enter isIgnoreAppSwitchActivity
03-01 10:05:03.074  3799  5939 I OplusAccessController: enter isIgnoreAppSwitchActivity and intent != null
03-01 10:05:03.074  3799  5939 I OplusAccessController: enter isIgnoreAppSwitchActivity and componentName != null
03-01 10:05:03.074  3799  5939 I OplusAccessController: enter isIgnoreAppSwitchActivity and packageName&activity is not Empty
03-01 10:05:03.074  3799  5939 D RefreshRate: Trigger app switch boost, ar=ActivityRecord{88827467 u0 com.whatsapp/.home.ui.HomeActivity t336},currDisplayRate=120.00001,boostId=3
03-01 10:05:03.075  3799  3956 D RefreshRate: do setDisplayConfigSpecs  
03-01 10:05:03.075  3799  5939 D RefreshRate: setDisplayConfigSpecs complete: targetMode={id=1, width=1264, height=2780, fps=120.00001, vsync=120.00001, synthetic=false, alternativeRefreshRates=[60.000004, 90.0], supportedHdrTypes=[1, 2, 3, 4]},srcMode={id=1, width=1264, height=2780, fps=120.00001, vsync=120.00001, synthetic=false, alternativeRefreshRates=[60.000004, 90.0], supportedHdrTypes=[1, 2, 3, 4]},sfModId=0,rate=120.00001
03-01 10:05:03.075  3799  5939 D RefreshRate: startAppSwitchBoost targetMode={id=1, width=1264, height=2780, fps=120.00001, vsync=120.00001, synthetic=false, alternativeRefreshRates=[60.000004, 90.0], supportedHdrTypes=[1, 2, 3, 4]} record=ActivityRecord{88827467 u0 com.whatsapp/.home.ui.HomeActivity t336}: votes=PRIORITY_START_ANIMATION_BOOST -> Vote{mRefreshRate=120.0, mMinRefreshRate=120.0, mRequestSource=null};PRIORITY_WINDOW_REQUEST -> Vote{mRefreshRate=120.0, mMinRefreshRate=120.0, mRequestSource=null};
03-01 10:05:03.075  3799  5939 D ActivityTaskManager: NFW_setLastResumedActivityUncheckLocked:true r:ActivityRecord{88827467 u0 com.whatsapp/.home.ui.HomeActivity t336} currentFocus:Window{5807d25 u0 com.whatsapp/com.whatsapp.status.playback.StatusPlaybackActivity}
03-01 10:05:03.075  3799  5939 D WindowManager: NFW_findFocusedWindowIfNeeded:Window{2524a88 u0 com.whatsapp/com.whatsapp.home.ui.HomeActivity} mCurrentFocus:Window{5807d25 u0 com.whatsapp/com.whatsapp.status.playback.StatusPlaybackActivity}
03-01 10:05:03.075  3799  5939 V WindowManager: Changing focus from Window{5807d25 u0 com.whatsapp/com.whatsapp.status.playback.StatusPlaybackActivity} to Window{2524a88 u0 com.whatsapp/com.whatsapp.home.ui.HomeActivity},diplayid=0
03-01 10:05:03.075  3799  3956 D DisplayModeDirector: setAppRequest displayId : 0  modeId: 1  requestedRefreshRate: 120.00001  requestedMinRefreshRateRange: 120.00001  requestedMaxRefreshRateRange: 120.00001
03-01 10:05:03.076  3799  4922 D BackgroundInstallControlService: Package event received: 0
03-01 10:05:03.077  3799  5939 D WindowManager: BarWindow--setVisible: id=1, oldState=2, state=0, mFocuseWindow= Window{2524a88 u0 com.whatsapp/com.whatsapp.home.ui.HomeActivity} call: 
03-01 10:05:03.077  3799  5939 I OplusStatusBarManagerServiceEnhance:  topIsFullscreen fullscreen: false
03-01 10:05:03.078  3799  5939 D FlexibleTaskController: isFullToFlexibleAnimating: false
03-01 10:05:03.078  3799  5930 E AppOps  : attributionTag  not declared in manifest of com.whatsapp
03-01 10:05:03.078  3799  5939 D WindowManager: rotation(ROTATION_0) no changed  displayId = 0, lastOrientation = -1
03-01 10:05:03.079  3799  5939 I TaskOrganizerController: onTaskInfoChanged taskid 336 config { mBounds=Rect(0, 0 - 1264, 2780) mAppBounds=Rect(0, 0 - 1264, 2780) mMaxBounds=Rect(0, 0 - 1264, 2780) mDisplayRotation=ROTATION_0 mWindowingMode=fullscreen mActivityType=standard mAlwaysOnTop=undefined mRotation=ROTATION_0}
03-01 10:05:03.079  3799  5930 E AppOps  : attributionTag  not declared in manifest of com.whatsapp
03-01 10:05:03.079  3799  5634 D OplusAppSwitchRuleInfo: generateActivityEnterInfo - launch_source_type =  , launch_source_traceid = 
03-01 10:05:03.079  3799  5939 D OplusFlexibleDragToSplitAnimController: visibleFlexibleTaskInfos delete:336
03-01 10:05:03.079  3799  5939 E FlexibleWindowManagerService: notifyTaskObserverToAttachController not need to notify!
03-01 10:05:03.079  3799  5939 I FlexibleWindowManagerService: onFlexibleWindowTaskInfoChanged, return for cur task not embedded
03-01 10:05:03.080  3799  5939 D OplusFeatureColorMode: ColorMode getColorMode =0
03-01 10:05:03.080  3799  5939 D ColorDisplayServiceExtImpl: getWCGVersion1App, packageName=com.whatsapp, sSupportWCG1 = true, sSupportWCG3 = false, nRet = 0
03-01 10:05:03.080  3799  5939 D DisplayModeDirector: setAppRequest displayId : 0  modeId: 1  requestedRefreshRate: 0.0  requestedMinRefreshRateRange: 0.0  requestedMaxRefreshRateRange: 120.00001
03-01 10:05:03.081  3799  5939 E OplusAppQuickStart_AppQuickStartController: not start from launcher transition:3425
03-01 10:05:03.081  3799  5939 D Transition: collectOrderChanges onTopTasksEnd: [Task{7118ee6 #336 type=standard A=10344:com.whatsapp}], reportedOnTop:null, mOnTopTasksStart: [Task{7118ee6 #336 type=standard A=10344:com.whatsapp}], TDA child: [Task{d378858 #2 type=undefined}, Task{9857966 #1 type=home}, Task{8f5840 #331 type=standard A=10564:com.instagram.android}, Task{7118ee6 #336 type=standard A=10344:com.whatsapp}]
03-01 10:05:03.081  3799  3956 D VRR [OPlusRefreshRateService]:  setDirectorStates [flag: 1, state: 1, directorStateOff: 1]
03-01 10:05:03.081  3799  5939 D OplusFlexibleActivityTransitionManager: fixTransitType type result:2, targets: [ChangeInfo{4e3f0a5 container=ActivityRecord{174817516 u0 com.whatsapp/.status.playback.StatusPlaybackActivity t336 f}} flags=0x0}]
03-01 10:05:03.082  3799  5939 D OplusTransitionAnimationManager: activityRecordCount0fullScreenArBeHindStartingWindow null
03-01 10:05:03.082  3799  5939 D QuickBackInputPolicy: resetInputInterceptState for remoteTransition: false
03-01 10:05:03.082  3799  5939 D OplusTransitionController: onTransactionReady, transition: 3425, info: {id=3425 t=CLOSE f=0x0 trk=0 r=[0@Point(0, 0)] c=[{m=CLOSE f=TRANSLUCENT|FILLS_TASK leash=Surface(name=ActivityRecord{174817516 u0 com.whatsapp/.status.playback.StatusPlaybackActivity t336})/@0xca2329e sb=Rect(0, 0 - 1264, 2780) eb=Rect(0, 0 - 1264, 2780) epz=Point(1264, 2780) d=0 bc=ff303030 component=com.whatsapp/.status.playback.StatusPlaybackActivity opt={t=FROM_STYLE mUserId=0}}] 
03-01 10:05:03.082  3799  5939 D OplusTransitionController: extendInfo=[
03-01 10:05:03.082  3799  5939 D OplusTransitionController:  OplusTransitionExtendedInfo{mTmpFinishT=null, mInOplusCompatMode=false, mIsProcessRunning=false, mHasMismatchBoundsTarget=false, mRecentsController=null, mRemoteTransition=null, mIsTranslucentActivityToHome=false, mAvoidInterceptKeyEventToHome=false, mIsFromHome=false, mParentLeash=null, mBackAnimClosingLeash=null, mIsOplusAnimRes=false, mKeepBgForContinuous=false, mIsBalAllow=false, mTaskNotInRecent=false, mIsPredictiveBackAnim=false, mIsMergedWithPredictive=false, mIsLaunchFromSpruce=false, mIsLaunchFromDrive=false, mGlobalSearchPageSwitch=false, mNeedNoAlphaGlobalSearchScene=false, mAssistScreenShowing=false, mSwipeUpBrowserScreenShowing=false, mUserIdTransition=-1
03-01 10:05:03.082  3799  5939 D OplusTransitionController: , mInRemoteScene=false, mInPreReady=false, mPreStart=false, mToken=null, mAbortByRemoteFromHome=false, mShellApplyToken=null, mRequestTransitionTaskId=-1, mAbortTransitionOnShell=0, mStartFromShortcut=false, mRemovedTaskId=-1, mTransitionInterruptType=0, mMergeSecondTaskId=-1, mTaskIdStartFromRecents=0, mTransitionId=3425, mCanUseSpringSlideAnim=false, mTransitionLaunchFrom=0, mFoldChangeType=-1, mAnimStartingPosition=[0, 0, 0, 0], mIsOpeningStkDialogActivity=false, mSecondaryHomeToFrontWhenUnFolding=false, mIsNeedApplyStartTForEmbedded=false
03-01 10:05:03.082  3799  5939 D OplusTransitionController: , mNeedCanvasExitAnim=false, mMergeSecondTaskAnimation=false, mIsLaunchUnityStart=false, mIsLaunchFromAssistantByDefault=false, mSkipRemoteTransitionfalse, mIsStartFromKeyguard=false flags=0x0, mWCT=null, mIsOpenMergeToInValidPredictive=false}]}, targets : [ChangeInfo{4e3f0a5 container=ActivityRecord{174817516 u0 com.whatsapp/.status.playback.StatusPlaybackActivity t336 f}} flags=0x0}], participants: {ActivityRecord{174817516 u0 com.whatsapp/.status.playback.StatusPlaybackActivity t336 f}}}
03-01 10:05:03.083  5371  6207 V WindowManagerShell: onTransitionReady(transaction=16316581070751)
03-01 10:05:03.083  5371  5405 V WindowManagerShell: onTransitionReady (#3425) android.os.BinderProxy@e3f90ab: {id=3425 t=CLOSE f=0x0 trk=0 r=[0@Point(0, 0)] c=[
03-01 10:05:03.083  5371  5405 V WindowManagerShell:         {m=CLOSE f=TRANSLUCENT|FILLS_TASK leash=Surface(name=ActivityRecord{174817516 u0 com.whatsapp/.status.playback.StatusPlaybackActivity t336})/@0xe66e308 sb=Rect(0, 0 - 1264, 2780) eb=Rect(0, 0 - 1264, 2780) epz=Point(1264, 2780) d=0 bc=ff303030 component=com.whatsapp/.status.playback.StatusPlaybackActivity opt={t=FROM_STYLE mUserId=0}}
03-01 10:05:03.083  5371  5405 V WindowManagerShell:     ] 
03-01 10:05:03.083  5371  5405 V WindowManagerShell: extendInfo=[
03-01 10:05:03.083  5371  5405 V WindowManagerShell:  OplusTransitionExtendedInfo{mTmpFinishT=null, mInOplusCompatMode=false, mIsProcessRunning=false, mHasMismatchBoundsTarget=false, mRecentsController=null, mRemoteTransition=null, mIsTranslucentActivityToHome=false, mAvoidInterceptKeyEventToHome=false, mIsFromHome=false, mParentLeash=null, mBackAnimClosingLeash=null, mIsOplusAnimRes=false, mKeepBgForContinuous=false, mIsBalAllow=false, mTaskNotInRecent=false, mIsPredictiveBackAnim=false, mIsMergedWithPredictive=false, mIsLaunchFromSpruce=false, mIsLaunchFromDrive=false, mGlobalSearchPageSwitch=false, mNeedNoAlphaGlobalSearchScene=false, mAssistScreenShowing=false, mSwipeUpBrowserScreenShowing=false, mUserIdTransition=-1
03-01 10:05:03.083  5371  5405 V WindowManagerShell: , mInRemoteScene=false, mInPreReady=false, mPreStart=false, mToken=null, mAbortByRemoteFromHome=false, mShellApplyToken=null, mRequestTransitionTaskId=-1, mAbortTransitionOnShell=0, mStartFromShortcut=false, mRemovedTaskId=-1, mTransitionInterruptType=0, mMergeSecondTaskId=-1, mTaskIdStartFromRecents=0, mTransitionId=3425, mCanUseSpringSlideAnim=false, mTransitionLaunchFrom=0, mFoldChangeType=-1, mAnimStartingPosition=[0, 0, 0, 0], mIsOpeningStkDialogActivity=false, mSecondaryHomeToFrontWhenUnFolding=false, mIsNeedApplyStartTForEmbedded=false
03-01 10:05:03.083  5371  5405 V WindowManagerShell: , mNeedCanvasExitAnim=false, mMergeSecondTaskAnimation=false, mIsLaunchUnityStart=false, mIsLaunchFromAssistantByDefault=false, mSkipRemoteTransitionfalse, mIsStartFromKeyguard=false flags=0x0, mWCT=null, mIsOpenMergeToInValidPredictive=false}]}
03-01 10:05:03.083 23885 23885 D ActivityThread: ComponentInfo{com.whatsapp/com.whatsapp.home.ui.HomeActivity} checkFinished=false 4
03-01 10:05:03.084  5371  5405 V WindowManagerShell: Playing animation for (#3425) android.os.BinderProxy@e3f90ab@0
03-01 10:05:03.084 23885 23885 D ResourcesManagerExtImpl: applyConfigurationToAppResourcesLocked app.getDisplayId() return callback.displayId:0
03-01 10:05:03.084  5371  5405 V ShellRecents: RecentsTransitionHandler.startAnimation: no controller found
03-01 10:05:03.084  5371  5405 V WindowManagerShell: start OnePuttTransition animation, info = {id=3425 t=CLOSE f=0x0 trk=0 r=[0@Point(0, 0)] c=[{m=CLOSE f=TRANSLUCENT|FILLS_TASK leash=Surface(name=ActivityRecord{174817516 u0 com.whatsapp/.status.playback.StatusPlaybackActivity t336})/@0xe66e308 sb=Rect(0, 0 - 1264, 2780) eb=Rect(0, 0 - 1264, 2780) epz=Point(1264, 2780) d=0 bc=ff303030 component=com.whatsapp/.status.playback.StatusPlaybackActivity opt={t=FROM_STYLE mUserId=0}}] 
03-01 10:05:03.084  5371  5405 V WindowManagerShell: extendInfo=[
03-01 10:05:03.084  5371  5405 V WindowManagerShell:  OplusTransitionExtendedInfo{mTmpFinishT=null, mInOplusCompatMode=false, mIsProcessRunning=false, mHasMismatchBoundsTarget=false, mRecentsController=null, mRemoteTransition=null, mIsTranslucentActivityToHome=false, mAvoidInterceptKeyEventToHome=false, mIsFromHome=false, mParentLeash=null, mBackAnimClosingLeash=null, mIsOplusAnimRes=false, mKeepBgForContinuous=false, mIsBalAllow=false, mTaskNotInRecent=false, mIsPredictiveBackAnim=false, mIsMergedWithPredictive=false, mIsLaunchFromSpruce=false, mIsLaunchFromDrive=false, mGlobalSearchPageSwitch=false, mNeedNoAlphaGlobalSearchScene=false, mAssistScreenShowing=false, mSwipeUpBrowserScreenShowing=false, mUserIdTransition=-1
03-01 10:05:03.084  5371  5405 V WindowManagerShell: , mInRemoteScene=false, mInPreReady=false, mPreStart=false, mToken=null, mAbortByRemoteFromHome=false, mShellApplyToken=null, mRequestTransitionTaskId=-1, mAbortTransitionOnShell=0, mStartFromShortcut=false, mRemovedTaskId=-1, mTransitionInterruptType=0, mMergeSecondTaskId=-1, mTaskIdStartFromRecents=0, mTransitionId=3425, mCanUseSpringSlideAnim=false, mTransitionLaunchFrom=0, mFoldChangeType=-1, mAnimStartingPosition=[0, 0, 0, 0], mIsOpeningStkDialogActivity=false, mSecondaryHomeToFrontWhenUnFolding=false, mIsNeedApplyStartTForEmbedded=false
03-01 10:05:03.084  5371  5405 V WindowManagerShell: , mNeedCanvasExitAnim=false, mMergeSecondTaskAnimation=false, mIsLaunchUnityStart=false, mIsLaunchFromAssistantByDefault=false, mSkipRemoteTransitionfalse, mIsStartFromKeyguard=false flags=0x0, mWCT=null, mIsOpenMergeToInValidPredictive=false}]}
03-01 10:05:03.085  5371  5405 V WindowManagerShell: Transition doesn't have explicit remote, search filters for match for {id=3425 t=CLOSE f=0x0 trk=0 r=[0@Point(0, 0)] c=[{m=CLOSE f=TRANSLUCENT|FILLS_TASK leash=Surface(name=ActivityRecord{174817516 u0 com.whatsapp/.status.playback.StatusPlaybackActivity t336})/@0xe66e308 sb=Rect(0, 0 - 1264, 2780) eb=Rect(0, 0 - 1264, 2780) epz=Point(1264, 2780) d=0 bc=ff303030 component=com.whatsapp/.status.playback.StatusPlaybackActivity opt={t=FROM_STYLE mUserId=0}}] 
03-01 10:05:03.085  5371  5405 V WindowManagerShell: extendInfo=[
03-01 10:05:03.085  5371  5405 V WindowManagerShell:  OplusTransitionExtendedInfo{mTmpFinishT=null, mInOplusCompatMode=false, mIsProcessRunning=false, mHasMismatchBoundsTarget=false, mRecentsController=null, mRemoteTransition=null, mIsTranslucentActivityToHome=false, mAvoidInterceptKeyEventToHome=false, mIsFromHome=false, mParentLeash=null, mBackAnimClosingLeash=null, mIsOplusAnimRes=false, mKeepBgForContinuous=false, mIsBalAllow=false, mTaskNotInRecent=false, mIsPredictiveBackAnim=false, mIsMergedWithPredictive=false, mIsLaunchFromSpruce=false, mIsLaunchFromDrive=false, mGlobalSearchPageSwitch=false, mNeedNoAlphaGlobalSearchScene=false, mAssistScreenShowing=false, mSwipeUpBrowserScreenShowing=false, mUserIdTransition=-1
03-01 10:05:03.085  5371  5405 V WindowManagerShell: , mInRemoteScene=false, mInPreReady=false, mPreStart=false, mToken=null, mAbortByRemoteFromHome=false, mShellApplyToken=null, mRequestTransitionTaskId=-1, mAbortTransitionOnShell=0, mStartFromShortcut=false, mRemovedTaskId=-1, mTransitionInterruptType=0, mMergeSecondTaskId=-1, mTaskIdStartFromRecents=0, mTransitionId=3425, mCanUseSpringSlideAnim=false, mTransitionLaunchFrom=0, mFoldChangeType=-1, mAnimStartingPosition=[0, 0, 0, 0], mIsOpeningStkDialogActivity=false, mSecondaryHomeToFrontWhenUnFolding=false, mIsNeedApplyStartTForEmbedded=false
03-01 10:05:03.085  5371  5405 V WindowManagerShell: , mNeedCanvasExitAnim=false, mMergeSecondTaskAnimation=false, mIsLaunchUnityStart=false, mIsLaunchFromAssistantByDefault=false, mSkipRemoteTransitionfalse, mIsStartFromKeyguard=false flags=0x0, mWCT=null, mIsOpenMergeToInValidPredictive=false}]}
03-01 10:05:03.085  5371  5405 V WindowManagerShell:  Checking filter Pair{{types=[] flags=0x0] notFlags=0x100 checks=[{atype=home independent=true modes=[OPEN,TO_FRONT] flags=NONE mustBeTask=false order=TOP topActivity=ComponentInfo{com.android.launcher/com.android.launcher.Launcher} launchCookie=null windowingMode=undefined},{atype=standard independent=true modes=[CLOSE,TO_BACK] flags=NONE mustBeTask=false order=ANY topActivity=null launchCookie=null windowingMode=undefined}]} RemoteTransition { remoteTransition = android.window.IRemoteTransition$Stub$Proxy@aa9224d, appThread = android.app.IApplicationThread$Stub$Proxy@7054102, debugName = QuickstepLaunchHome }}
03-01 10:05:03.085  5371  5405 V WindowManagerShell:  Delegate animation for (#3425) to null
03-01 10:05:03.085  5371  5405 V WindowManagerShell: start default transition animation, info = {id=3425 t=CLOSE f=0x0 trk=0 r=[0@Point(0, 0)] c=[{m=CLOSE f=TRANSLUCENT|FILLS_TASK leash=Surface(name=ActivityRecord{174817516 u0 com.whatsapp/.status.playback.StatusPlaybackActivity t336})/@0xe66e308 sb=Rect(0, 0 - 1264, 2780) eb=Rect(0, 0 - 1264, 2780) epz=Point(1264, 2780) d=0 bc=ff303030 component=com.whatsapp/.status.playback.StatusPlaybackActivity opt={t=FROM_STYLE mUserId=0}}] 
03-01 10:05:03.085  5371  5405 V WindowManagerShell: extendInfo=[
03-01 10:05:03.085  5371  5405 V WindowManagerShell:  OplusTransitionExtendedInfo{mTmpFinishT=null, mInOplusCompatMode=false, mIsProcessRunning=false, mHasMismatchBoundsTarget=false, mRecentsController=null, mRemoteTransition=null, mIsTranslucentActivityToHome=false, mAvoidInterceptKeyEventToHome=false, mIsFromHome=false, mParentLeash=null, mBackAnimClosingLeash=null, mIsOplusAnimRes=false, mKeepBgForContinuous=false, mIsBalAllow=false, mTaskNotInRecent=false, mIsPredictiveBackAnim=false, mIsMergedWithPredictive=false, mIsLaunchFromSpruce=false, mIsLaunchFromDrive=false, mGlobalSearchPageSwitch=false, mNeedNoAlphaGlobalSearchScene=false, mAssistScreenShowing=false, mSwipeUpBrowserScreenShowing=false, mUserIdTransition=-1
03-01 10:05:03.085  5371  5405 V WindowManagerShell: , mInRemoteScene=false, mInPreReady=false, mPreStart=false, mToken=null, mAbortByRemoteFromHome=false, mShellApplyToken=null, mRequestTransitionTaskId=-1, mAbortTransitionOnShell=0, mStartFromShortcut=false, mRemovedTaskId=-1, mTransitionInterruptType=0, mMergeSecondTaskId=-1, mTaskIdStartFromRecents=0, mTransitionId=3425, mCanUseSpringSlideAnim=false, mTransitionLaunchFrom=0, mFoldChangeType=-1, mAnimStartingPosition=[0, 0, 0, 0], mIsOpeningStkDialogActivity=false, mSecondaryHomeToFrontWhenUnFolding=false, mIsNeedApplyStartTForEmbedded=false
03-01 10:05:03.085  5371  5405 V WindowManagerShell: , mNeedCanvasExitAnim=false, mMergeSecondTaskAnimation=false, mIsLaunchUnityStart=false, mIsLaunchFromAssistantByDefault=false, mSkipRemoteTransitionfalse, mIsStartFromKeyguard=false flags=0x0, mWCT=null, mIsOpenMergeToInValidPredictive=false}]}
03-01 10:05:03.086  5371  5405 V WindowManagerShell: loadAnimation: anim=android.view.animation.AnimationSet@f648c87 animAttr=0x7 type=CLOSE isEntrance=false
03-01 10:05:03.087  3799  3868 V WindowManager: Sent Transition (#3425) createdAt=03-01 10:05:03.064 via request=TransitionRequestInfo { type = CLOSE, triggerTask = null, pipChange = null, remoteTransition = null, displayChange = null, flags = 0, debugId = 3425 }
03-01 10:05:03.088  5371  5405 V WindowManagerShell:  animated by com.android.wm.shell.transition.DefaultTransitionHandler@2e2ef32
03-01 10:05:03.088  3799  3871 D FlexibleTaskController: check task which not have enough child, isInSingleWhiteList:false isCloneTask:false
03-01 10:05:03.089  3799  4922 D BackgroundInstallControlService: Package event received: 0
03-01 10:05:03.089  3799  3868 V WindowManager:     startWCT=WindowContainerTransaction { changes= {} hops= [] errorCallbackToken=null taskFragmentOrganizer=null }
03-01 10:05:03.089  3799  3868 V WindowManager:     info={id=3425 t=CLOSE f=0x0 trk=0 r=[0@Point(0, 0)] c=[
03-01 10:05:03.089  3799  3868 V WindowManager:         {m=CLOSE f=TRANSLUCENT|FILLS_TASK leash=Surface(name=ActivityRecord{174817516 u0 com.whatsapp/.status.playback.StatusPlaybackActivity t336})/@0xca2329e sb=Rect(0, 0 - 1264, 2780) eb=Rect(0, 0 - 1264, 2780) epz=Point(1264, 2780) d=0 bc=ff303030 component=com.whatsapp/.status.playback.StatusPlaybackActivity opt={t=FROM_STYLE mUserId=0}}
03-01 10:05:03.089  3799  3868 V WindowManager:     ] 
03-01 10:05:03.089  3799  3868 V WindowManager: extendInfo=[
03-01 10:05:03.089  3799  3868 V WindowManager:  OplusTransitionExtendedInfo{mTmpFinishT=null, mInOplusCompatMode=false, mIsProcessRunning=false, mHasMismatchBoundsTarget=false, mRecentsController=null, mRemoteTransition=null, mIsTranslucentActivityToHome=false, mAvoidInterceptKeyEventToHome=false, mIsFromHome=false, mParentLeash=null, mBackAnimClosingLeash=null, mIsOplusAnimRes=false, mKeepBgForContinuous=false, mIsBalAllow=false, mTaskNotInRecent=false, mIsPredictiveBackAnim=false, mIsMergedWithPredictive=false, mIsLaunchFromSpruce=false, mIsLaunchFromDrive=false, mGlobalSearchPageSwitch=false, mNeedNoAlphaGlobalSearchScene=false, mAssistScreenShowing=false, mSwipeUpBrowserScreenShowing=false, mUserIdTransition=-1
03-01 10:05:03.089  3799  3868 V WindowManager: , mInRemoteScene=false, mInPreReady=false, mPreStart=false, mToken=null, mAbortByRemoteFromHome=false, mShellApplyToken=null, mRequestTransitionTaskId=-1, mAbortTransitionOnShell=0, mStartFromShortcut=false, mRemovedTaskId=-1, mTransitionInterruptType=0, mMergeSecondTaskId=-1, mTaskIdStartFromRecents=0, mTransitionId=3425, mCanUseSpringSlideAnim=false, mTransitionLaunchFrom=0, mFoldChangeType=-1, mAnimStartingPosition=[0, 0, 0, 0], mIsOpeningStkDialogActivity=false, mSecondaryHomeToFrontWhenUnFolding=false, mIsNeedApplyStartTForEmbedded=false
03-01 10:05:03.089  3799  3868 V WindowManager: , mNeedCanvasExitAnim=false, mMergeSecondTaskAnimation=false, mIsLaunchUnityStart=false, mIsLaunchFromAssistantByDefault=false, mSkipRemoteTransitionfalse, mIsStartFromKeyguard=false flags=0x0, mWCT=null, mIsOpenMergeToInValidPredictive=false}]}
03-01 10:05:03.089  3799  3871 W ProcessStats: Tracking association SourceState{99e87a4 com.google.android.googlequicksearchbox:googleapp/10132 BFgs #467491} whose proc state 4 is better than process ProcessState{1ac8d93 com.google.android.adservices.api/10319 pkg=com.google.android.adservices.api} proc state 5 (132 skipped)
03-01 10:05:03.092  3799  3885 W QosScheduler: executeSceneQosStrategy failed! qos feature no enable
03-01 10:05:03.096  5371  5371 W VRI[StatusBar]: handleResized abandoned!
03-01 10:05:03.096  5371  5371 W VRI[NavigationBar_displayId_0]: handleResized abandoned!
03-01 10:05:03.096  3799  5772 I BLASTSyncEngine: onCommitted syncId: 3425, timeout: false ran: false
03-01 10:05:03.096  5371  5692 W VRI[ColorSideGestureRight_displayId_0]: handleResized abandoned!
03-01 10:05:03.096  5371  5567 W VRI[ScreenDecorOverlay]: handleResized abandoned!
03-01 10:05:03.096  5371  5567 W VRI[ScreenDecorOverlayBottom]: handleResized abandoned!
03-01 10:05:03.104  3799  4710 D InputMethodManagerService: isSecurity: attribute.packageName = com.whatsapp mCurMethodId = com.google.android.inputmethod.latin/com.android.inputmethod.latin.LatinIME isSecurity = false ( enable = false needShow = false inBlackList = false isExist = true )
03-01 10:05:03.106 23885 23885 W VRI[HomeActivity]: handleResized abandoned!
03-01 10:05:03.107  3799  3885 I UserAwareMgr: fg app status not changed, beforeVisible: true, currentVisible: true
03-01 10:05:03.111  3799  5772 W PackageConfigPersister: App-specific configuration not found for packageName: com.whatsapp and userId: 0
03-01 10:05:03.173  3799  5772 V WindowManager: Relayout Window{d24701a u0 ColorSideGestureRight_displayId_0}: viewVisibility=8, oldvis=0, req=192x3145 , apr = 0, vsysui=
03-01 10:05:03.174  3799  5772 I WindowManager: Window{d24701a u0 ColorSideGestureRight_displayId_0} state from HAS_DRAWN to NO_SURFACE; reason: destroySurface
03-01 10:05:03.176  3799  5772 D WindowManager: NFW_findFocusedWindowIfNeeded:Window{2524a88 u0 com.whatsapp/com.whatsapp.home.ui.HomeActivity} mCurrentFocus:Window{2524a88 u0 com.whatsapp/com.whatsapp.home.ui.HomeActivity}
03-01 10:05:03.196  5371  5405 V WindowManagerShell: Transition animation finished (aborted=false), notifying core (#3425) android.os.BinderProxy@e3f90ab@0
03-01 10:05:03.196  5371  5405 D SplitScreen-->AppLockManager: setStartFromSafeControl mStartFromSafeControl=false
03-01 10:05:03.198  3799  5696 D Transition: finishTransition ar ActivityRecord{174817516 u0 com.whatsapp/.status.playback.StatusPlaybackActivity t336 f}}, isVisibleRequested=false, state=STOPPING, visibleAtTransitionEndTokens={}, this=TransitionRecord{49a4fef id=3425 track=0 type=CLOSE flags=0x0 state=2 c=[
03-01 10:05:03.198  3799  5696 D Transition:    ChangeInfo{be90afc container=Task{7118ee6 #336 type=standard A=10344:com.whatsapp} flags=0x0}
03-01 10:05:03.198  3799  5696 D Transition:    ChangeInfo{e7aa585 container=DefaultTaskDisplayArea@165361358 flags=0x0}
03-01 10:05:03.198  3799  5696 D Transition:    ChangeInfo{4e3f0a5 container=ActivityRecord{174817516 u0 com.whatsapp/.status.playback.StatusPlaybackActivity t336 f}} flags=0x0}
03-01 10:05:03.198  3799  5696 D Transition:    ChangeInfo{2852fda container=Display{#0 state=ON size=1264x2780 ROTATION_0} flags=0x0}
03-01 10:05:03.198  3799  5696 D Transition: ]
03-01 10:05:03.198  3799  5696 D Transition: }
03-01 10:05:03.198  3799  5696 D ActivityTaskManager: commitVisibility: ActivityRecord{174817516 u0 com.whatsapp/.status.playback.StatusPlaybackActivity t336 f}}: visible=false visibleRequested=false, isInTransition=false 
03-01 10:05:03.198  3799  5696 D WindowManager: NFW_setClientVisible:ActivityRecord{174817516 u0 com.whatsapp/.status.playback.StatusPlaybackActivity t336 f}} clientVisible:false
03-01 10:05:03.199  3799  5696 I WindowManager: Window{5807d25 u0 com.whatsapp/com.whatsapp.status.playback.StatusPlaybackActivity} state from HAS_DRAWN to DRAW_PENDING; reason: resetDrawState
03-01 10:05:03.199  3799  5696 D OplusTransitionController: finishTransition, transition: TransitionRecord{49a4fef id=3425 track=0 type=CLOSE flags=0x0 state=4 c=[
03-01 10:05:03.199  3799  5696 D OplusTransitionController:    ChangeInfo{be90afc container=Task{7118ee6 #336 type=standard A=10344:com.whatsapp} flags=0x0}
03-01 10:05:03.199  3799  5696 D OplusTransitionController:    ChangeInfo{e7aa585 container=DefaultTaskDisplayArea@165361358 flags=0x0}
03-01 10:05:03.199  3799  5696 D OplusTransitionController:    ChangeInfo{4e3f0a5 container=ActivityRecord{174817516 u0 com.whatsapp/.status.playback.StatusPlaybackActivity t336 f}} flags=0x0}
03-01 10:05:03.199  3799  5696 D OplusTransitionController:    ChangeInfo{2852fda container=Display{#0 state=ON size=1264x2780 ROTATION_0} flags=0x0}
03-01 10:05:03.199  3799  5696 D OplusTransitionController: ]
03-01 10:05:03.199  3799  5696 D OplusTransitionController: }
03-01 10:05:03.199  3799  5696 D FlexibleTaskTransitionController:  finishTransition pendingRecentToFlexibleTask:null,isRotationTransition:false ,pendingRecentToFlexible:null ,transition:TransitionRecord{49a4fef id=3425 track=0 type=CLOSE flags=0x0 state=4 c=[
03-01 10:05:03.199  3799  5696 D FlexibleTaskTransitionController:    ChangeInfo{be90afc container=Task{7118ee6 #336 type=standard A=10344:com.whatsapp} flags=0x0}
03-01 10:05:03.199  3799  5696 D FlexibleTaskTransitionController:    ChangeInfo{e7aa585 container=DefaultTaskDisplayArea@165361358 flags=0x0}
03-01 10:05:03.199  3799  5696 D FlexibleTaskTransitionController:    ChangeInfo{4e3f0a5 container=ActivityRecord{174817516 u0 com.whatsapp/.status.playback.StatusPlaybackActivity t336 f}} flags=0x0}
03-01 10:05:03.199  3799  5696 D FlexibleTaskTransitionController:    ChangeInfo{2852fda container=Display{#0 state=ON size=1264x2780 ROTATION_0} flags=0x0}
03-01 10:05:03.199  3799  5696 D FlexibleTaskTransitionController: ]
03-01 10:05:03.199  3799  5696 D FlexibleTaskTransitionController: }
03-01 10:05:03.200  3799  5696 D TransitionControllerExtImpl: NFW_send RECOMPUTE_FOCUS in finishTransition
03-01 10:05:03.200  5371  5405 D ShellTaskOrganizer: onTransitionFinish, isRecent:false
03-01 10:05:03.201  5371  5405 V WindowManagerShell: Track 0 became idle
03-01 10:05:03.201  5371  5405 V WindowManagerShell: All active transition animations finished
03-01 10:05:03.201  3799  3885 W UserAwareMgr: event can not be released, id: 5005, count: 3, releasePid: 3799
03-01 10:05:03.201  3799  3871 D WindowManager: NFW_findFocusedWindowIfNeeded:Window{2524a88 u0 com.whatsapp/com.whatsapp.home.ui.HomeActivity} mCurrentFocus:Window{2524a88 u0 com.whatsapp/com.whatsapp.home.ui.HomeActivity}
03-01 10:05:03.210  3799  5772 D Transition: finishTransaction-onCommitted syncId=3425
03-01 10:05:03.212  3799  5696 D CoreBackPreview: Window{5807d25 u0 com.whatsapp/com.whatsapp.status.playback.StatusPlaybackActivity}: Setting back callback null
03-01 10:05:03.213  3799  5772 I WindowManager: Window{5807d25 u0 com.whatsapp/com.whatsapp.status.playback.StatusPlaybackActivity} state from DRAW_PENDING to NO_SURFACE; reason: destroySurface
03-01 10:05:03.215  3799  5772 D OplusAONSmartDim: onWakeLockReleaseLocked: lock=190181267, flags=0x2000000a, packageName=android, tag="WindowManager/displayId:0", ws=WorkSource{10344 com.whatsapp}, uid=1000, pid=3799
03-01 10:05:03.215  3799  5772 D PowerManagerService: userActivityNoUpdateLocked: groupId=0, eventTime=149880643, event=other, flags=0x1, uid=1000
03-01 10:05:03.215  3799  5772 D WindowManager: NFW_findFocusedWindowIfNeeded:Window{2524a88 u0 com.whatsapp/com.whatsapp.home.ui.HomeActivity} mCurrentFocus:Window{2524a88 u0 com.whatsapp/com.whatsapp.home.ui.HomeActivity}
03-01 10:05:03.216  3799  5696 D ActivityTaskManager: removeAppToken: ActivityRecord{174817516 u0 com.whatsapp/.status.playback.StatusPlaybackActivity t336 f}} delayed=false parent=Task{7118ee6 #336 type=standard A=10344:com.whatsapp} animating=false Callers=com.android.server.wm.DisplayContent.removeAppToken:1759 com.android.server.wm.ActivityRecord.removeFromHistory:4989 com.android.server.wm.ActivityRecord.destroyed:5079 com.android.server.wm.ActivityClientController.activityDestroyed:339 
03-01 10:05:03.216  3799  4922 D BackgroundInstallControlService: Package event received: 0
03-01 10:05:03.218  3799  3872 I TaskOrganizerController: onTaskInfoChanged taskid 336 config { mBounds=Rect(0, 0 - 1264, 2780) mAppBounds=Rect(0, 0 - 1264, 2780) mMaxBounds=Rect(0, 0 - 1264, 2780) mDisplayRotation=ROTATION_0 mWindowingMode=fullscreen mActivityType=standard mAlwaysOnTop=undefined mRotation=ROTATION_0}
03-01 10:05:03.218  3799  3872 D OplusFlexibleDragToSplitAnimController: visibleFlexibleTaskInfos delete:336
03-01 10:05:03.218  3799  3872 E FlexibleWindowManagerService: notifyTaskObserverToAttachController not need to notify!
03-01 10:05:03.218  3799  3872 I FlexibleWindowManagerService: onFlexibleWindowTaskInfoChanged, return for cur task not embedded
03-01 10:05:03.257  3799  3885 W QosScheduler: executeSceneQosStrategy failed! qos feature no enable
03-01 10:05:03.257  3799  3885 W QosScheduler: executeSceneQosStrategy failed! qos feature no enable
03-01 10:05:03.369  3799  3885 W QosScheduler: executeSceneQosStrategy failed! qos feature no enable
03-01 10:05:03.379  3799  3799 D RefreshRate: app switch boost timeout,transition isPlaying:false isInInterruptScene:false
03-01 10:05:03.382  3799  3956 D VRR [OPlusRefreshRateService]:  setDirectorStates [flag: 1, state: 0, directorStateOff: 0]
03-01 10:05:03.614  3799  3885 I UserAwareMgr: fg app status not changed, beforeVisible: true, currentVisible: true
03-01 10:05:03.627  3799  3885 I UserAwareMgr: fg app status not changed, beforeVisible: true, currentVisible: true
03-01 10:05:03.839  3799  4545 D osense.compress: net.oneplus.weather do shrink, target ratio = 48, final ratio = 90, cur ratio = 7
03-01 10:05:03.882  5684  6484 W ContextImpl: Calling a method in the system process without a qualified user: android.app.ContextImpl.sendBroadcast:1296 android.content.ContextWrapper.sendBroadcast:521 com.oplus.coex.CoexRfService.sendRrcStatusToWlan:437 com.oplus.coex.CoexRfService.-$$Nest$msendRrcStatusToWlan:0 com.oplus.coex.CoexRfService$CoexRfHandler.handleMessage:327 
03-01 10:05:04.224  3799  4969 D NotificationService--OplusNotificationFixHelper: fixAppIcon: pkg=android
03-01 10:05:04.224  3799  4969 D NotificationService--OplusNotificationFixHelper: fixAppIcon: appIcon = null, pkg = android
03-01 10:05:04.225  3799  4969 I OplusStatusBarManagerServiceEnhance:  getTopIsFullscreen mTopIsFullscreen: false
03-01 10:05:04.226  3799  3799 D NotificationService--OplusNotificationManagerServiceExtImpl: isForwardToAssistants: false, case : Is in mMcsNotInterceptPkgList or is isSystemApp
03-01 10:05:04.226  3799  3799 D NotificationService: This application enqueue notifications is not need postDelayed
03-01 10:05:04.288  3799  5696 W SettingsStatsUtil: Can not parse value to float: +network
03-01 10:05:04.293  3799  5696 W SettingsStatsUtil: Can not parse value to float: +network
03-01 10:05:04.383  3799  3947 D PowerManagerService: userActivityNoUpdateLocked: groupId=0, eventTime=149881806, event=touch, flags=0x0, uid=1000
03-01 10:05:04.385  3799  3947 D PowerManagerService: userActivityNoUpdateLocked: groupId=0, eventTime=149881806, event=touch, flags=0x0, uid=1000
03-01 10:05:04.461  3799  5696 D WindowManager: NFW_setClientVisible:ActivityRecord{194088105 u0 com.whatsapp/.status.playback.StatusPlaybackActivity clientVisible:true
03-01 10:05:04.462  3799  5696 D FlexibleTaskController: isSupportFlexibleWindow target = com.whatsapp/.status.playback.StatusPlaybackActivity callPkg = FlexibleTaskController support = true ,caller = 3799
03-01 10:05:04.463  3799  5696 D ActivityStarterExtImpl: checkOpMode: 0
03-01 10:05:04.463  3799  3885 W QosScheduler: executeSceneQosStrategy failed! qos feature no enable
03-01 10:05:04.464  3799  5696 D FlexibleWindowManagerService: isIgnoreAppearedAcrossTask:false
03-01 10:05:04.464  3799  5696 D ActivityStarterExtImpl: setForceUpdateWindow, targetTask = Task{7118ee6 #336 type=standard A=10344:com.whatsapp} r = ActivityRecord{194088105 u0 com.whatsapp/.status.playback.StatusPlaybackActivity t-1} notFinish =false
03-01 10:05:04.464  3799  5696 D FlexibleWindowManagerService: isIgnoreAppearedAcrossTask:false
03-01 10:05:04.464  3799  5696 D FlexibleTaskController: findSourceTaskForFreeForm: sourceRecord = ActivityRecord{88827467 u0 com.whatsapp/.home.ui.HomeActivity t336} ,realCallingPid:23885 ,launchFromZoomMode:false ,prevTopTask:Task{7118ee6 #336 type=standard A=10344:com.whatsapp}
03-01 10:05:04.464  3799  5696 D FlexibleTaskController: adjustOptionsForFlexibleTask not allow options follow process task's options, reason:8 ,reusedOptions:null
03-01 10:05:04.464  3799  5696 I InsensibleTaskController: adjustOptionsForInsensibleTask targetTask is resuse so not pureInsensibleOptions
03-01 10:05:04.464  3799  5696 D FlexibleTaskController: isSupportFlexibleWindow target = com.whatsapp/.status.playback.StatusPlaybackActivity callPkg = FlexibleTaskController support = true ,caller = 3799
03-01 10:05:04.464  3799  5696 D FlexibleWindowManagerService: no reused task found for ActivityRecord{194088105 u0 com.whatsapp/.status.playback.StatusPlaybackActivity t-1}
03-01 10:05:04.464  3799  5696 D ActivityStarterExtImpl: isLaunchingRootActivity = false
03-01 10:05:04.465  3799  5696 D ActivityStarterExtImpl: resume targetTask isVisibleRequested is true or in SkipCheckedList, need resume:targetTask=Task{7118ee6 #336 type=standard A=10344:com.whatsapp}
03-01 10:05:04.467  3799  5696 D SecondaryPageStartupPolicy: checkSecondaryPageStartupStatus not support sourcePackage=com.whatsapp
03-01 10:05:04.468  3799  5696 D OplusStartingWindowManager: we don't revise window flags for third app
03-01 10:05:04.468  3799  5696 D ActivityTaskManager: validateStartingWindowTheme:  Pkg=com.whatsapp, Translucent=true, Floating=false, ShowWallpaper=false, Disable=false, LaunchSource=4, Prev=null, LaunchedFromPackage=com.whatsapp
03-01 10:05:04.468  3799  5696 D ActivityTaskManager: addStartingWindow for ActivityRecord{194088105 u0 com.whatsapp/.status.playback.StatusPlaybackActivity t336}, mainWin=null, state=INITIALIZING, isKeyguardLocked=false, isKeyguardGoingAway=false
03-01 10:05:04.468  3799  5696 D ActivityTaskManager: getStartingWindowType: , newTask=false, taskSwitch=false, processRunning=true, allowTaskSnapshot=true, activityCreated=false, activityAllDrawn=false, snapshot exist: false
03-01 10:05:04.468  3799  5696 D ActivityRecordExtImpl: handleStartingWindowForCompactWindow origin type:0, adjustType : 0
03-01 10:05:04.468  3799  5696 D ActivityTaskManager: skip addStartingWindow due to resolvedTheme: 0, theme: 2132083844
03-01 10:05:04.468  3799  5696 D OplusWindowAnimationManager: applyNoAnimationForResumed resumed: ActivityRecord{88827467 u0 com.whatsapp/.home.ui.HomeActivity t336}
03-01 10:05:04.470  3799  5696 I ActivityTaskManager: START u0 {xflg=0x4 cmp=com.whatsapp/.status.playback.StatusPlaybackActivity (has extras) mCallingUid=10344} with LAUNCH_MULTIPLE from uid 10344 (sr=88827467) (BAL_ALLOW_VISIBLE_WINDOW (callingUid has visible window)) result code=0
03-01 10:05:04.470  5371  5405 V WindowManagerShell: Transition requested (#3426): android.os.BinderProxy@3441898 TransitionRequestInfo { type = OPEN, triggerTask = TaskInfo{userId=0 taskId=336 effectiveUid=10344 displayId=0 isRunning=true baseIntent=Intent { flg=0x10000000 cmp=com.whatsapp/.home.ui.HomeActivity mCallingUid=10344 } baseActivity=ComponentInfo{com.whatsapp/com.whatsapp.home.ui.HomeActivity} topActivity=ComponentInfo{com.whatsapp/com.whatsapp.status.playback.StatusPlaybackActivity} origActivity=null realActivity=ComponentInfo{com.whatsapp/com.whatsapp.home.ui.HomeActivity}
03-01 10:05:04.470  5371  5405 V WindowManagerShell:  numActivities=2 lastActiveTime=207034415 supportsSplitScreenMultiWindow=true supportsMultiWindow=true supportsPocketStudioMultiWindow=true isInFlexibleEmbedded = false uid = 10344 pid = 0 resizeMode=1 isResizeable=true minWidth=-1 minHeight=-1 defaultMinSize=220 token=WCT{android.window.IWindowContainerToken$Stub$Proxy@10cf8f1} topActivityType=1 pictureInPictureParams=null shouldDockBigOverlays=false launchIntoPipHostTaskId=-1 lastParentTaskIdBeforePip=-1 displayCutoutSafeInsets=Rect(0, 0 - 0, 0)
03-01 10:05:04.470  5371  5405 V WindowManagerShell:  topActivityInfo=ActivityInfo{1c59cd6 com.whatsapp.status.playback.StatusPlaybackActivity} launchCookies=[] positionInParent=Point(0, 0) parentTaskId=-1 isFocused=true isVisible=true isVisibleRequested=true isTopActivityNoDisplay=false isSleeping=false locusId=null displayAreaFeatureId=1 isTopActivityTransparent=true isActivityStackTransparent=false lastNonFullscreenBounds=Rect(323, 800 - 941, 2064) capturedLink=null capturedLinkTimestamp=0 requestedVisibleTypes=-9 topActivityRequestOpenInBrowserEducationTimestamp=0
03-01 10:05:04.470  5371  5405 V WindowManagerShell:  appCompatTaskInfo=AppCompatTaskInfo { topActivityInSizeCompat=false topActivityInOplusCompatMode=false eligibleForLetterboxEducation= false isLetterboxEducationEnabled= false isLetterboxDoubleTapEnabled= false eligibleForUserAspectRatioButton= false topActivityBoundsLetterboxed= false isFromLetterboxDoubleTap= false topActivityLetterboxVerticalPosition= -1 topActivityLetterboxHorizontalPosition= -1 topActivityLetterboxWidth=-1 topActivityLetterboxHeight=-1 topActivityAppBounds=Rect(0, 0 - 1264, 2780) isUserFullscreenOverrideEnabled=false isSystemFullscreenOverrideEnabled=false hasMinAspectRatioOverride=false topActivityLetterboxBounds=null cameraCompatTaskInfo=CameraCompatTaskInfo { freeformCameraCompatMode=inactive}} topActivityMainWindowFrame=null topActivityLetterboxInsets=Rect(0, 0 - 0, 0)
03-01 10:05:04.470  5371  5405 V WindowManagerShell:  mOplusExtraBundle = Bundle[mParcelledData.dataSize=1528]}, pipChange = null, remoteTransition = null, displayChange = null, flags = 0, debugId = 3426 }
03-01 10:05:04.470  5371  5405 D ShellSplitScreen: logExit: no-op, mLoggerSessionId is null
03-01 10:05:04.473  3799  5696 I OplusAccessController: enter isIgnoreAppSwitchActivity
03-01 10:05:04.473  3799  5696 I OplusAccessController: enter isIgnoreAppSwitchActivity and intent != null
03-01 10:05:04.473  3799  5696 I OplusAccessController: enter isIgnoreAppSwitchActivity and componentName != null
