03-01 10:05:07.848  3799  4941 I WindowManager: finishDrawing skipLayout:false,syncSeqId=0,mPrepareSyncSeqId=0 Window{760a27a u0 com.whatsapp/com.whatsapp.status.playback.StatusPlaybackActivity} com.android.server.wm.WindowManagerService.finishDrawingWindow:3192 com.android.server.wm.Session.finishDrawing:369 android.view.IWindowSession$Stub.onTransact:793 
03-01 10:05:07.848  3799  4941 I WindowManager: Window{760a27a u0 com.whatsapp/com.whatsapp.status.playback.StatusPlaybackActivity} state from DRAW_PENDING to COMMIT_DRAW_PENDING; reason: finishDrawingLocked
03-01 10:05:07.849  3799  3872 I WindowManager: Window{760a27a u0 com.whatsapp/com.whatsapp.status.playback.StatusPlaybackActivity} state from COMMIT_DRAW_PENDING to READY_TO_SHOW; reason: commitFinishDrawingLocked
03-01 10:05:07.849  3799  3872 D CoreBackPreview:  return markWindowHasDrawn mComposed: false  mWaitTransition: false
03-01 10:05:07.849  3799  3872 D ActivityTaskManager: Clearing startingData for activity=ActivityRecord{226614837 u0 com.whatsapp/.status.playback.StatusPlaybackActivity t336} mStartingData=null mStartingSurface=null
03-01 10:05:07.850  3799  3872 D QuickBackInputPolicy: setAppLaunchEndTime update timePair=Pair{ActivityRecord{226614837 u0 com.whatsapp/.status.playback.StatusPlaybackActivity t336} 149885278}
03-01 10:05:07.850  3799  3872 D OplusAONSmartDim: onWakeLockAcquireLocked: lock=190181267, flags=0x2000000a, packageName=android, tag="WindowManager/displayId:0", ws=WorkSource{10344 com.whatsapp}, uid=1000, pid=3799
03-01 10:05:07.851  3799  3872 D ActivityTaskManager: commitVisibility: ActivityRecord{226614837 u0 com.whatsapp/.status.playback.StatusPlaybackActivity t336}: visible=true visibleRequested=true, isInTransition=true 
03-01 10:05:07.851  3799  3872 D CoreBackPreview:  return markWindowHasDrawn mComposed: false  mWaitTransition: false
03-01 10:05:07.851  3799  3872 D ActivityTaskManager: Clearing startingData for activity=ActivityRecord{226614837 u0 com.whatsapp/.status.playback.StatusPlaybackActivity t336} mStartingData=null mStartingSurface=null
03-01 10:05:07.851  3799  3872 I WindowManager: Window{760a27a u0 com.whatsapp/com.whatsapp.status.playback.StatusPlaybackActivity} state from READY_TO_SHOW to HAS_DRAWN; reason: performShowLocked
03-01 10:05:07.851  3799  3872 D CoreBackPreview:  return markWindowHasDrawn mComposed: false  mWaitTransition: false
03-01 10:05:07.851  3799  3872 E OplusAppQuickStart_AppQuickStartController: not start from launcher transition:3428
03-01 10:05:07.851  3799  3872 D Transition: collectOrderChanges onTopTasksEnd: [Task{7118ee6 #336 type=standard A=10344:com.whatsapp}], reportedOnTop:null, mOnTopTasksStart: [Task{7118ee6 #336 type=standard A=10344:com.whatsapp}], TDA child: [Task{d378858 #2 type=undefined}, Task{9857966 #1 type=home}, Task{8f5840 #331 type=standard A=10564:com.instagram.android}, Task{7118ee6 #336 type=standard A=10344:com.whatsapp}]
03-01 10:05:07.852  3799  3872 D OplusFlexibleActivityTransitionManager: fixTransitType type result:1, targets: [ChangeInfo{ca63259 container=ActivityRecord{226614837 u0 com.whatsapp/.status.playback.StatusPlaybackActivity t336} flags=0x0}]
03-01 10:05:07.852  3799  3872 D OplusTransitionAnimationManager: activityRecordCount0fullScreenArBeHindStartingWindow null
03-01 10:05:07.853  3799  3872 D QuickBackInputPolicy: resetInputInterceptState for remoteTransition: false
03-01 10:05:07.853  3799  3872 D OplusTransitionController: onTransactionReady, transition: 3428, info: {id=3428 t=OPEN f=0x0 trk=0 r=[0@Point(0, 0)] c=[{m=OPEN f=TRANSLUCENT|FILLS_TASK leash=Surface(name=ActivityRecord{226614837 u0 com.whatsapp/.status.playback.StatusPlaybackActivity t336})/@0xca246ff sb=Rect(0, 0 - 0, 0) eb=Rect(0, 0 - 1264, 2780) epz=Point(1264, 2780) d=-1->0 r=-1->0:-1 bc=ff303030 component=com.whatsapp/.status.playback.StatusPlaybackActivity opt={t=FROM_STYLE mUserId=0}}] 
03-01 10:05:07.853  3799  3872 D OplusTransitionController: extendInfo=[
03-01 10:05:07.853  3799  3872 D OplusTransitionController:  OplusTransitionExtendedInfo{mTmpFinishT=null, mInOplusCompatMode=false, mIsProcessRunning=false, mHasMismatchBoundsTarget=false, mRecentsController=null, mRemoteTransition=null, mIsTranslucentActivityToHome=false, mAvoidInterceptKeyEventToHome=false, mIsFromHome=false, mParentLeash=null, mBackAnimClosingLeash=null, mIsOplusAnimRes=false, mKeepBgForContinuous=false, mIsBalAllow=false, mTaskNotInRecent=false, mIsPredictiveBackAnim=false, mIsMergedWithPredictive=false, mIsLaunchFromSpruce=false, mIsLaunchFromDrive=false, mGlobalSearchPageSwitch=false, mNeedNoAlphaGlobalSearchScene=false, mAssistScreenShowing=false, mSwipeUpBrowserScreenShowing=false, mUserIdTransition=-1
03-01 10:05:07.853  3799  3872 D OplusTransitionController: , mInRemoteScene=false, mInPreReady=false, mPreStart=false, mToken=null, mAbortByRemoteFromHome=false, mShellApplyToken=null, mRequestTransitionTaskId=336, mAbortTransitionOnShell=0, mStartFromShortcut=false, mRemovedTaskId=-1, mTransitionInterruptType=0, mMergeSecondTaskId=-1, mTaskIdStartFromRecents=0, mTransitionId=3428, mCanUseSpringSlideAnim=false, mTransitionLaunchFrom=0, mFoldChangeType=-1, mAnimStartingPosition=[0, 0, 0, 0], mIsOpeningStkDialogActivity=false, mSecondaryHomeToFrontWhenUnFolding=false, mIsNeedApplyStartTForEmbedded=false
03-01 10:05:07.853  3799  3872 D OplusTransitionController: , mNeedCanvasExitAnim=false, mMergeSecondTaskAnimation=false, mIsLaunchUnityStart=false, mIsLaunchFromAssistantByDefault=false, mSkipRemoteTransitionfalse, mIsStartFromKeyguard=false flags=0x0, mWCT=null, mIsOpenMergeToInValidPredictive=false}]}, targets : [ChangeInfo{ca63259 container=ActivityRecord{226614837 u0 com.whatsapp/.status.playback.StatusPlaybackActivity t336} flags=0x0}], participants: {ActivityRecord{226614837 u0 com.whatsapp/.status.playback.StatusPlaybackActivity t336}}
03-01 10:05:07.854  5371  6207 V WindowManagerShell: onTransitionReady(transaction=16316581070834)
03-01 10:05:07.854  5371  5405 V WindowManagerShell: onTransitionReady (#3428) android.os.BinderProxy@24b0148: {id=3428 t=OPEN f=0x0 trk=0 r=[0@Point(0, 0)] c=[
03-01 10:05:07.854  5371  5405 V WindowManagerShell:         {m=OPEN f=TRANSLUCENT|FILLS_TASK leash=Surface(name=ActivityRecord{226614837 u0 com.whatsapp/.status.playback.StatusPlaybackActivity t336})/@0xb24efc7 sb=Rect(0, 0 - 0, 0) eb=Rect(0, 0 - 1264, 2780) epz=Point(1264, 2780) d=-1->0 r=-1->0:-1 bc=ff303030 component=com.whatsapp/.status.playback.StatusPlaybackActivity opt={t=FROM_STYLE mUserId=0}}
03-01 10:05:07.854  5371  5405 V WindowManagerShell:     ] 
03-01 10:05:07.854  5371  5405 V WindowManagerShell: extendInfo=[
03-01 10:05:07.854  5371  5405 V WindowManagerShell:  OplusTransitionExtendedInfo{mTmpFinishT=null, mInOplusCompatMode=false, mIsProcessRunning=false, mHasMismatchBoundsTarget=false, mRecentsController=null, mRemoteTransition=null, mIsTranslucentActivityToHome=false, mAvoidInterceptKeyEventToHome=false, mIsFromHome=false, mParentLeash=null, mBackAnimClosingLeash=null, mIsOplusAnimRes=false, mKeepBgForContinuous=false, mIsBalAllow=false, mTaskNotInRecent=false, mIsPredictiveBackAnim=false, mIsMergedWithPredictive=false, mIsLaunchFromSpruce=false, mIsLaunchFromDrive=false, mGlobalSearchPageSwitch=false, mNeedNoAlphaGlobalSearchScene=false, mAssistScreenShowing=false, mSwipeUpBrowserScreenShowing=false, mUserIdTransition=-1
03-01 10:05:07.854  5371  5405 V WindowManagerShell: , mInRemoteScene=false, mInPreReady=false, mPreStart=false, mToken=null, mAbortByRemoteFromHome=false, mShellApplyToken=null, mRequestTransitionTaskId=336, mAbortTransitionOnShell=0, mStartFromShortcut=false, mRemovedTaskId=-1, mTransitionInterruptType=0, mMergeSecondTaskId=-1, mTaskIdStartFromRecents=0, mTransitionId=3428, mCanUseSpringSlideAnim=false, mTransitionLaunchFrom=0, mFoldChangeType=-1, mAnimStartingPosition=[0, 0, 0, 0], mIsOpeningStkDialogActivity=false, mSecondaryHomeToFrontWhenUnFolding=false, mIsNeedApplyStartTForEmbedded=false
03-01 10:05:07.854  5371  5405 V WindowManagerShell: , mNeedCanvasExitAnim=false, mMergeSecondTaskAnimation=false, mIsLaunchUnityStart=false, mIsLaunchFromAssistantByDefault=false, mSkipRemoteTransitionfalse, mIsStartFromKeyguard=false flags=0x0, mWCT=null, mIsOpenMergeToInValidPredictive=false}]}
03-01 10:05:07.854  5371  5405 V WindowManagerShell: Playing animation for (#3428) android.os.BinderProxy@24b0148@0
03-01 10:05:07.855  5371  5405 V ShellRecents: RecentsTransitionHandler.startAnimation: no controller found
03-01 10:05:07.855  5371  5405 V WindowManagerShell: start OnePuttTransition animation, info = {id=3428 t=OPEN f=0x0 trk=0 r=[0@Point(0, 0)] c=[{m=OPEN f=TRANSLUCENT|FILLS_TASK leash=Surface(name=ActivityRecord{226614837 u0 com.whatsapp/.status.playback.StatusPlaybackActivity t336})/@0xb24efc7 sb=Rect(0, 0 - 0, 0) eb=Rect(0, 0 - 1264, 2780) epz=Point(1264, 2780) d=-1->0 r=-1->0:-1 bc=ff303030 component=com.whatsapp/.status.playback.StatusPlaybackActivity opt={t=FROM_STYLE mUserId=0}}] 
03-01 10:05:07.855  5371  5405 V WindowManagerShell: extendInfo=[
03-01 10:05:07.855  5371  5405 V WindowManagerShell:  OplusTransitionExtendedInfo{mTmpFinishT=null, mInOplusCompatMode=false, mIsProcessRunning=false, mHasMismatchBoundsTarget=false, mRecentsController=null, mRemoteTransition=null, mIsTranslucentActivityToHome=false, mAvoidInterceptKeyEventToHome=false, mIsFromHome=false, mParentLeash=null, mBackAnimClosingLeash=null, mIsOplusAnimRes=false, mKeepBgForContinuous=false, mIsBalAllow=false, mTaskNotInRecent=false, mIsPredictiveBackAnim=false, mIsMergedWithPredictive=false, mIsLaunchFromSpruce=false, mIsLaunchFromDrive=false, mGlobalSearchPageSwitch=false, mNeedNoAlphaGlobalSearchScene=false, mAssistScreenShowing=false, mSwipeUpBrowserScreenShowing=false, mUserIdTransition=-1
03-01 10:05:07.855  5371  5405 V WindowManagerShell: , mInRemoteScene=false, mInPreReady=false, mPreStart=false, mToken=null, mAbortByRemoteFromHome=false, mShellApplyToken=null, mRequestTransitionTaskId=336, mAbortTransitionOnShell=0, mStartFromShortcut=false, mRemovedTaskId=-1, mTransitionInterruptType=0, mMergeSecondTaskId=-1, mTaskIdStartFromRecents=0, mTransitionId=3428, mCanUseSpringSlideAnim=false, mTransitionLaunchFrom=0, mFoldChangeType=-1, mAnimStartingPosition=[0, 0, 0, 0], mIsOpeningStkDialogActivity=false, mSecondaryHomeToFrontWhenUnFolding=false, mIsNeedApplyStartTForEmbedded=false
03-01 10:05:07.855  5371  5405 V WindowManagerShell: , mNeedCanvasExitAnim=false, mMergeSecondTaskAnimation=false, mIsLaunchUnityStart=false, mIsLaunchFromAssistantByDefault=false, mSkipRemoteTransitionfalse, mIsStartFromKeyguard=false flags=0x0, mWCT=null, mIsOpenMergeToInValidPredictive=false}]}
03-01 10:05:07.855  5371  5405 V WindowManagerShell: Transition doesn't have explicit remote, search filters for match for {id=3428 t=OPEN f=0x0 trk=0 r=[0@Point(0, 0)] c=[{m=OPEN f=TRANSLUCENT|FILLS_TASK leash=Surface(name=ActivityRecord{226614837 u0 com.whatsapp/.status.playback.StatusPlaybackActivity t336})/@0xb24efc7 sb=Rect(0, 0 - 0, 0) eb=Rect(0, 0 - 1264, 2780) epz=Point(1264, 2780) d=-1->0 r=-1->0:-1 bc=ff303030 component=com.whatsapp/.status.playback.StatusPlaybackActivity opt={t=FROM_STYLE mUserId=0}}] 
03-01 10:05:07.855  5371  5405 V WindowManagerShell: extendInfo=[
03-01 10:05:07.855  5371  5405 V WindowManagerShell:  OplusTransitionExtendedInfo{mTmpFinishT=null, mInOplusCompatMode=false, mIsProcessRunning=false, mHasMismatchBoundsTarget=false, mRecentsController=null, mRemoteTransition=null, mIsTranslucentActivityToHome=false, mAvoidInterceptKeyEventToHome=false, mIsFromHome=false, mParentLeash=null, mBackAnimClosingLeash=null, mIsOplusAnimRes=false, mKeepBgForContinuous=false, mIsBalAllow=false, mTaskNotInRecent=false, mIsPredictiveBackAnim=false, mIsMergedWithPredictive=false, mIsLaunchFromSpruce=false, mIsLaunchFromDrive=false, mGlobalSearchPageSwitch=false, mNeedNoAlphaGlobalSearchScene=false, mAssistScreenShowing=false, mSwipeUpBrowserScreenShowing=false, mUserIdTransition=-1
03-01 10:05:07.855  5371  5405 V WindowManagerShell: , mInRemoteScene=false, mInPreReady=false, mPreStart=false, mToken=null, mAbortByRemoteFromHome=false, mShellApplyToken=null, mRequestTransitionTaskId=336, mAbortTransitionOnShell=0, mStartFromShortcut=false, mRemovedTaskId=-1, mTransitionInterruptType=0, mMergeSecondTaskId=-1, mTaskIdStartFromRecents=0, mTransitionId=3428, mCanUseSpringSlideAnim=false, mTransitionLaunchFrom=0, mFoldChangeType=-1, mAnimStartingPosition=[0, 0, 0, 0], mIsOpeningStkDialogActivity=false, mSecondaryHomeToFrontWhenUnFolding=false, mIsNeedApplyStartTForEmbedded=false
03-01 10:05:07.855  5371  5405 V WindowManagerShell: , mNeedCanvasExitAnim=false, mMergeSecondTaskAnimation=false, mIsLaunchUnityStart=false, mIsLaunchFromAssistantByDefault=false, mSkipRemoteTransitionfalse, mIsStartFromKeyguard=false flags=0x0, mWCT=null, mIsOpenMergeToInValidPredictive=false}]}
03-01 10:05:07.855  5371  5405 V WindowManagerShell:  Checking filter Pair{{types=[] flags=0x0] notFlags=0x100 checks=[{atype=home independent=true modes=[OPEN,TO_FRONT] flags=NONE mustBeTask=false order=TOP topActivity=ComponentInfo{com.android.launcher/com.android.launcher.Launcher} launchCookie=null windowingMode=undefined},{atype=standard independent=true modes=[CLOSE,TO_BACK] flags=NONE mustBeTask=false order=ANY topActivity=null launchCookie=null windowingMode=undefined}]} RemoteTransition { remoteTransition = android.window.IRemoteTransition$Stub$Proxy@aa9224d, appThread = android.app.IApplicationThread$Stub$Proxy@7054102, debugName = QuickstepLaunchHome }}
03-01 10:05:07.855  5371  5405 V WindowManagerShell:  Delegate animation for (#3428) to null
03-01 10:05:07.855  5371  5405 V WindowManagerShell: start default transition animation, info = {id=3428 t=OPEN f=0x0 trk=0 r=[0@Point(0, 0)] c=[{m=OPEN f=TRANSLUCENT|FILLS_TASK leash=Surface(name=ActivityRecord{226614837 u0 com.whatsapp/.status.playback.StatusPlaybackActivity t336})/@0xb24efc7 sb=Rect(0, 0 - 0, 0) eb=Rect(0, 0 - 1264, 2780) epz=Point(1264, 2780) d=-1->0 r=-1->0:-1 bc=ff303030 component=com.whatsapp/.status.playback.StatusPlaybackActivity opt={t=FROM_STYLE mUserId=0}}] 
03-01 10:05:07.855  5371  5405 V WindowManagerShell: extendInfo=[
03-01 10:05:07.855  5371  5405 V WindowManagerShell:  OplusTransitionExtendedInfo{mTmpFinishT=null, mInOplusCompatMode=false, mIsProcessRunning=false, mHasMismatchBoundsTarget=false, mRecentsController=null, mRemoteTransition=null, mIsTranslucentActivityToHome=false, mAvoidInterceptKeyEventToHome=false, mIsFromHome=false, mParentLeash=null, mBackAnimClosingLeash=null, mIsOplusAnimRes=false, mKeepBgForContinuous=false, mIsBalAllow=false, mTaskNotInRecent=false, mIsPredictiveBackAnim=false, mIsMergedWithPredictive=false, mIsLaunchFromSpruce=false, mIsLaunchFromDrive=false, mGlobalSearchPageSwitch=false, mNeedNoAlphaGlobalSearchScene=false, mAssistScreenShowing=false, mSwipeUpBrowserScreenShowing=false, mUserIdTransition=-1
03-01 10:05:07.855  5371  5405 V WindowManagerShell: , mInRemoteScene=false, mInPreReady=false, mPreStart=false, mToken=null, mAbortByRemoteFromHome=false, mShellApplyToken=null, mRequestTransitionTaskId=336, mAbortTransitionOnShell=0, mStartFromShortcut=false, mRemovedTaskId=-1, mTransitionInterruptType=0, mMergeSecondTaskId=-1, mTaskIdStartFromRecents=0, mTransitionId=3428, mCanUseSpringSlideAnim=false, mTransitionLaunchFrom=0, mFoldChangeType=-1, mAnimStartingPosition=[0, 0, 0, 0], mIsOpeningStkDialogActivity=false, mSecondaryHomeToFrontWhenUnFolding=false, mIsNeedApplyStartTForEmbedded=false
03-01 10:05:07.855  5371  5405 V WindowManagerShell: , mNeedCanvasExitAnim=false, mMergeSecondTaskAnimation=false, mIsLaunchUnityStart=false, mIsLaunchFromAssistantByDefault=false, mSkipRemoteTransitionfalse, mIsStartFromKeyguard=false flags=0x0, mWCT=null, mIsOpenMergeToInValidPredictive=false}]}
03-01 10:05:07.855  5371  5405 V WindowManagerShell: loadAnimation: anim=android.view.animation.AnimationSet@776c163 animAttr=0x4 type=OPEN isEntrance=true
03-01 10:05:07.855  3799  3872 I TaskOrganizerController: onTaskInfoChanged taskid 336 config { mBounds=Rect(0, 0 - 1264, 2780) mAppBounds=Rect(0, 0 - 1264, 2780) mMaxBounds=Rect(0, 0 - 1264, 2780) mDisplayRotation=ROTATION_0 mWindowingMode=fullscreen mActivityType=standard mAlwaysOnTop=undefined mRotation=ROTATION_0}
03-01 10:05:07.856  3799  3872 D OplusFlexibleDragToSplitAnimController: visibleFlexibleTaskInfos delete:336
03-01 10:05:07.856  3799  3872 E FlexibleWindowManagerService: notifyTaskObserverToAttachController not need to notify!
03-01 10:05:07.856  3799  3872 I FlexibleWindowManagerService: onFlexibleWindowTaskInfoChanged, return for cur task not embedded
03-01 10:05:07.856  5371  5405 V WindowManagerShell:  animated by com.android.wm.shell.transition.DefaultTransitionHandler@2e2ef32
03-01 10:05:07.859  3799  3868 V WindowManager: Sent Transition (#3428) createdAt=03-01 10:05:07.766 via request=TransitionRequestInfo { type = OPEN, triggerTask = TaskInfo{userId=0 taskId=336 effectiveUid=10344 displayId=0 isRunning=true baseIntent=Intent { flg=0x10000000 cmp=com.whatsapp/.home.ui.HomeActivity mCallingUid=10344 } baseActivity=ComponentInfo{com.whatsapp/com.whatsapp.home.ui.HomeActivity} topActivity=ComponentInfo{com.whatsapp/com.whatsapp.status.playback.StatusPlaybackActivity} origActivity=null realActivity=ComponentInfo{com.whatsapp/com.whatsapp.home.ui.HomeActivity}
03-01 10:05:07.859  3799  3868 V WindowManager:  numActivities=2 lastActiveTime=207037717 supportsSplitScreenMultiWindow=true supportsMultiWindow=true supportsPocketStudioMultiWindow=true isInFlexibleEmbedded = false uid = 10344 pid = 0 resizeMode=1 isResizeable=true minWidth=-1 minHeight=-1 defaultMinSize=220 token=WCT{RemoteToken{d82a96e Task{7118ee6 #336 type=standard A=10344:com.whatsapp}}} topActivityType=1 pictureInPictureParams=null shouldDockBigOverlays=false launchIntoPipHostTaskId=-1 lastParentTaskIdBeforePip=-1 displayCutoutSafeInsets=Rect(0, 0 - 0, 0)
03-01 10:05:07.859  3799  3868 V WindowManager:  topActivityInfo=ActivityInfo{fac39b8 com.whatsapp.status.playback.StatusPlaybackActivity} launchCookies=[] positionInParent=Point(0, 0) parentTaskId=-1 isFocused=true isVisible=true isVisibleRequested=true isTopActivityNoDisplay=false isSleeping=false locusId=null displayAreaFeatureId=1 isTopActivityTransparent=true isActivityStackTransparent=false lastNonFullscreenBounds=Rect(323, 800 - 941, 2064) capturedLink=null capturedLinkTimestamp=0 requestedVisibleTypes=-9 topActivityRequestOpenInBrowserEducationTimestamp=0
03-01 10:05:07.859  3799  3868 V WindowManager:  appCompatTaskInfo=AppCompatTaskInfo { topActivityInSizeCompat=false topActivityInOplusCompatMode=false eligibleForLetterboxEducation= false isLetterboxEducationEnabled= false isLetterboxDoubleTapEnabled= false eligibleForUserAspectRatioButton= false topActivityBoundsLetterboxed= false isFromLetterboxDoubleTap= false topActivityLetterboxVerticalPosition= -1 topActivityLetterboxHorizontalPosition= -1 topActivityLetterboxWidth=-1 topActivityLetterboxHeight=-1 topActivityAppBounds=Rect(0, 0 - 1264, 2780) isUserFullscreenOverrideEnabled=false isSystemFullscreenOverrideEnabled=false hasMinAspectRatioOverride=false topActivityLetterboxBounds=null cameraCompatTaskInfo=CameraCompatTaskInfo { freeformCameraCompatMode=inactive}} topActivityMainWindowFrame=null topActivityLetterboxInsets=Rect(0, 0 - 0, 0)
03-01 10:05:07.859  3799  3868 V WindowManager:  mOplusExtraBundle = Bundle[{androidx.flexible.taskFrame=Rect(0, 0 - 0, 0), topOpaqueSystemBarsAppearance=0, androidx.flexible.Alpha=1.0, androidx.activity.task.attach.blur=0, androidx.activity.LaunchInsensible=0, androidx.activity.LaunchCornerRadius=0, key_flexible_task_state=0, topActivitySupportAppInnerSplit=false, key_flexible_task_animating_type=-1, key_flexible_task_root_activity_processname=com.whatsapp, androidx.activity.LaunchScenario=0, is_oplus_clone_task=false, flexible_super_mini_state=false, topRunningActivityHash=226614837, androidx.activity.LaunchScale=1.0, androidx.activity.LaunchShadowRadius=0, is_transient_hide_for_task_info=false, key_flexible_task_root_activity_pid=23885, key_flexible_task_root_activity_uid=10344}]}, pipChange = null, remoteTransition = null, displayChange = null, flags = 0, debugId = 3428 }
03-01 10:05:07.859  3799  3868 V WindowManager:     startWCT=WindowContainerTransaction { changes= {} hops= [] errorCallbackToken=null taskFragmentOrganizer=null }
03-01 10:05:07.859  3799  3868 V WindowManager:     info={id=3428 t=OPEN f=0x0 trk=0 r=[0@Point(0, 0)] c=[
03-01 10:05:07.859  3799  3868 V WindowManager:         {m=OPEN f=TRANSLUCENT|FILLS_TASK leash=Surface(name=ActivityRecord{226614837 u0 com.whatsapp/.status.playback.StatusPlaybackActivity t336})/@0xca246ff sb=Rect(0, 0 - 0, 0) eb=Rect(0, 0 - 1264, 2780) epz=Point(1264, 2780) d=-1->0 r=-1->0:-1 bc=ff303030 component=com.whatsapp/.status.playback.StatusPlaybackActivity opt={t=FROM_STYLE mUserId=0}}
03-01 10:05:07.859  3799  3868 V WindowManager:     ] 
03-01 10:05:07.859  3799  3868 V WindowManager: extendInfo=[
03-01 10:05:07.859  3799  3868 V WindowManager:  OplusTransitionExtendedInfo{mTmpFinishT=null, mInOplusCompatMode=false, mIsProcessRunning=false, mHasMismatchBoundsTarget=false, mRecentsController=null, mRemoteTransition=null, mIsTranslucentActivityToHome=false, mAvoidInterceptKeyEventToHome=false, mIsFromHome=false, mParentLeash=null, mBackAnimClosingLeash=null, mIsOplusAnimRes=false, mKeepBgForContinuous=false, mIsBalAllow=false, mTaskNotInRecent=false, mIsPredictiveBackAnim=false, mIsMergedWithPredictive=false, mIsLaunchFromSpruce=false, mIsLaunchFromDrive=false, mGlobalSearchPageSwitch=false, mNeedNoAlphaGlobalSearchScene=false, mAssistScreenShowing=false, mSwipeUpBrowserScreenShowing=false, mUserIdTransition=-1
03-01 10:05:07.859  3799  3868 V WindowManager: , mInRemoteScene=false, mInPreReady=false, mPreStart=false, mToken=null, mAbortByRemoteFromHome=false, mShellApplyToken=null, mRequestTransitionTaskId=336, mAbortTransitionOnShell=0, mStartFromShortcut=false, mRemovedTaskId=-1, mTransitionInterruptType=0, mMergeSecondTaskId=-1, mTaskIdStartFromRecents=0, mTransitionId=3428, mCanUseSpringSlideAnim=false, mTransitionLaunchFrom=0, mFoldChangeType=-1, mAnimStartingPosition=[0, 0, 0, 0], mIsOpeningStkDialogActivity=false, mSecondaryHomeToFrontWhenUnFolding=false, mIsNeedApplyStartTForEmbedded=false
03-01 10:05:07.859  3799  3868 V WindowManager: , mNeedCanvasExitAnim=false, mMergeSecondTaskAnimation=false, mIsLaunchUnityStart=false, mIsLaunchFromAssistantByDefault=false, mSkipRemoteTransitionfalse, mIsStartFromKeyguard=false flags=0x0, mWCT=null, mIsOpenMergeToInValidPredictive=false}]}
03-01 10:05:07.861  3799  5091 I BLASTSyncEngine: onCommitted syncId: 3428, timeout: false ran: false
03-01 10:05:07.862  5371  5371 W VRI[NavigationBar_displayId_0]: handleResized abandoned!
03-01 10:05:07.862  5371  5567 W VRI[ScreenDecorOverlay]: handleResized abandoned!
03-01 10:05:07.862  5371  5567 W VRI[ScreenDecorOverlayBottom]: handleResized abandoned!
03-01 10:05:07.868 23885 23885 W VRI[StatusPlaybackActivity]: handleResized, msg:, frameChanged:false, configChanged:false, displayChanged:false, attachedFrameChanged:false, compatScaleChanged:false, pendingDragResizing=false
03-01 10:05:07.877 23885 23885 W VRI[HomeActivity]: handleResized abandoned!
03-01 10:05:07.877 23885 23885 W VRI[StatusPlaybackActivity]: handleResized abandoned!
03-01 10:05:07.899  3799  4710 D InputMethodManagerService: isSecurity: attribute.packageName = com.whatsapp mCurMethodId = com.google.android.inputmethod.latin/com.android.inputmethod.latin.LatinIME isSecurity = false ( enable = false needShow = false inBlackList = false isExist = true )
03-01 10:05:07.901  3799  3885 I UserAwareMgr: fg app status not changed, beforeVisible: true, currentVisible: true
03-01 10:05:07.904  3799  5091 W PackageConfigPersister: App-specific configuration not found for packageName: com.whatsapp and userId: 0
03-01 10:05:07.927  3799  4941 I OplusAppSwitchManagerService: appswitch unregisterAppSwitchObserver pkgName = com.oplus.onetrace_255224255 config = OplusAppSwitchConfig = {  observerFingerPrint = 119591218}
03-01 10:05:07.927  3799  4941 I OplusAppSwitchStateDispatcher: unregisterAppSwitchObserver ok, pkgName = com.oplus.onetrace info = OplusAppSwitchRuleInfo = {  observer = null observerFingerPrint = 119591218}
03-01 10:05:07.938  3799  4941 E OplusAthenaAm: AthenaAmManagerInternal transact code hello:13,flags:0
03-01 10:05:07.940  3799  5763 D ActivityManager: Async freezing 4474 com.oplus.onetrace
03-01 10:05:08.113  5371  5405 V WindowManagerShell: Transition animation finished (aborted=false), notifying core (#3428) android.os.BinderProxy@24b0148@0
03-01 10:05:08.113  5371  5405 D SplitScreen-->AppLockManager: setStartFromSafeControl mStartFromSafeControl=false
03-01 10:05:08.114  3799  5930 D Transition: finishTransition ar ActivityRecord{226614837 u0 com.whatsapp/.status.playback.StatusPlaybackActivity t336}, isVisibleRequested=true, state=RESUMED, visibleAtTransitionEndTokens={ActivityRecord{226614837 u0 com.whatsapp/.status.playback.StatusPlaybackActivity t336}}, this=TransitionRecord{92f9b63 id=3428 track=0 type=OPEN flags=0x0 state=2 c=[
03-01 10:05:08.114  3799  5930 D Transition:    ChangeInfo{c2f8360 container=Task{7118ee6 #336 type=standard A=10344:com.whatsapp} flags=0x0}
03-01 10:05:08.114  3799  5930 D Transition:    ChangeInfo{6826019 container=DefaultTaskDisplayArea@165361358 flags=0x0}
03-01 10:05:08.114  3799  5930 D Transition:    ChangeInfo{b20b8de container=Display{#0 state=ON size=1264x2780 ROTATION_0} flags=0x0}
03-01 10:05:08.114  3799  5930 D Transition:    ChangeInfo{ca63259 container=ActivityRecord{226614837 u0 com.whatsapp/.status.playback.StatusPlaybackActivity t336} flags=0x0}
03-01 10:05:08.114  3799  5930 D Transition: ]
03-01 10:05:08.114  3799  5930 D Transition: }
03-01 10:05:08.114  3799  5930 I OplusAppSwitchManagerService:  handleAppVisible , r = ActivityRecord{226614837 u0 com.whatsapp/.status.playback.StatusPlaybackActivity t336}
03-01 10:05:08.114  3799  5930 D OplusTransitionController: finishTransition, transition: TransitionRecord{92f9b63 id=3428 track=0 type=OPEN flags=0x0 state=4 c=[
03-01 10:05:08.114  3799  5930 D OplusTransitionController:    ChangeInfo{c2f8360 container=Task{7118ee6 #336 type=standard A=10344:com.whatsapp} flags=0x0}
03-01 10:05:08.114  3799  5930 D OplusTransitionController:    ChangeInfo{6826019 container=DefaultTaskDisplayArea@165361358 flags=0x0}
03-01 10:05:08.114  3799  5930 D OplusTransitionController:    ChangeInfo{b20b8de container=Display{#0 state=ON size=1264x2780 ROTATION_0} flags=0x0}
03-01 10:05:08.114  3799  5930 D OplusTransitionController:    ChangeInfo{ca63259 container=ActivityRecord{226614837 u0 com.whatsapp/.status.playback.StatusPlaybackActivity t336} flags=0x0}
03-01 10:05:08.114  3799  5930 D OplusTransitionController: ]
03-01 10:05:08.114  3799  5930 D OplusTransitionController: }
03-01 10:05:08.114  3799  5930 D FlexibleTaskTransitionController:  finishTransition pendingRecentToFlexibleTask:null,isRotationTransition:false ,pendingRecentToFlexible:null ,transition:TransitionRecord{92f9b63 id=3428 track=0 type=OPEN flags=0x0 state=4 c=[
03-01 10:05:08.114  3799  5930 D FlexibleTaskTransitionController:    ChangeInfo{c2f8360 container=Task{7118ee6 #336 type=standard A=10344:com.whatsapp} flags=0x0}
03-01 10:05:08.114  3799  5930 D FlexibleTaskTransitionController:    ChangeInfo{6826019 container=DefaultTaskDisplayArea@165361358 flags=0x0}
03-01 10:05:08.114  3799  5930 D FlexibleTaskTransitionController:    ChangeInfo{b20b8de container=Display{#0 state=ON size=1264x2780 ROTATION_0} flags=0x0}
03-01 10:05:08.114  3799  5930 D FlexibleTaskTransitionController:    ChangeInfo{ca63259 container=ActivityRecord{226614837 u0 com.whatsapp/.status.playback.StatusPlaybackActivity t336} flags=0x0}
03-01 10:05:08.114  3799  5930 D FlexibleTaskTransitionController: ]
03-01 10:05:08.114  3799  5930 D FlexibleTaskTransitionController: }
03-01 10:05:08.115  3799  5930 D TransitionControllerExtImpl: NFW_send RECOMPUTE_FOCUS in finishTransition
03-01 10:05:08.115  5371  5405 D ShellTaskOrganizer: onTransitionFinish, isRecent:false
03-01 10:05:08.115  5371  5405 V WindowManagerShell: Track 0 became idle
03-01 10:05:08.115  5371  5405 V WindowManagerShell: All active transition animations finished
03-01 10:05:08.115  3799  3956 D VRR [OPlusRefreshRateService]:  setDirectorStates [flag: 1, state: 0, directorStateOff: 0]
03-01 10:05:08.115  3799  3885 W UserAwareMgr: event can not be released, id: 5005, count: 2, releasePid: 3799
03-01 10:05:08.117  3799  3871 D WindowManager: NFW_findFocusedWindowIfNeeded:Window{760a27a u0 com.whatsapp/com.whatsapp.status.playback.StatusPlaybackActivity} mCurrentFocus:Window{760a27a u0 com.whatsapp/com.whatsapp.status.playback.StatusPlaybackActivity}
03-01 10:05:08.121  3799  5763 D ActivityManager: pid 26589 com.google.android.apps.messaging received async transactions while frozen
03-01 10:05:08.124  3799  5763 D ActivityManager: sync unfroze 26589 com.google.android.apps.messaging for 7
03-01 10:05:08.126  3799  5091 D Transition: finishTransaction-onCommitted syncId=3428
03-01 10:05:08.155  3799  5696 D CompatChangeReporter: Compat change id reported: 151861875; UID 10129; state: ENABLED
03-01 10:05:08.157  3799  5930 D CompatChangeReporter: Compat change id reported: 311208629; UID 10129; state: ENABLED
03-01 10:05:08.174  3799  3897 I ActivityManager: Start proc 28909:com.oplus.statistics.rom:cc/u0a129 for content provider {com.oplus.statistics.rom/com.oplus.dcc.cloudctl.CloudCtlContentProvider}
03-01 10:05:08.175  3799  3869 I ActivityManager: ProcessObserver broadcast disabled
03-01 10:05:08.179  3799  4545 I MemoryOperationUtils: add 28909 to inactive
03-01 10:05:08.196  3799  5930 D ActivityTaskManagerServiceExtImpl: preBindApplication record is null
03-01 10:05:08.205 28909 28909 V Configuration: Updating configuration, locales updated from [] to [en_US]
03-01 10:05:08.231 28909 28909 D ResourcesManagerExtImpl: applyConfigurationToAppResourcesLocked app.getDisplayId() return callback.displayId:-1
03-01 10:05:08.243  3799  5772 I ActivityManager: Flag disabled. Ignoring finishAttachApplication from uid: 10129. pid: 28909
03-01 10:05:08.329  3799  5772 W SettingsStatsUtil: Can not parse value to float: +network
03-01 10:05:08.331  3799  5772 W SettingsStatsUtil: Can not parse value to float: +network
03-01 10:05:08.405  3799  3885 I UserAwareMgr: fg app status not changed, beforeVisible: true, currentVisible: true
03-01 10:05:08.426  3799  3885 I UserAwareMgr: fg app status not changed, beforeVisible: true, currentVisible: true
03-01 10:05:08.475  3799  4545 D osense.compress: in.mobility.odishayatri do shrink, target ratio = 46, final ratio = 90, cur ratio = 2
03-01 10:05:08.571  3799  5930 D ActivityManager: Async freezing 9493 com.google.android.gms
03-01 10:05:08.571  3799  5930 D ActivityManager: Async freezing 17948 com.google.android.webview:sandboxed_process0:org.chromium.content.app.SandboxedProcessService0:0
03-01 10:05:08.944  3799  4676 V AlarmManager: sending alarm Alarm{a18bcc type 1 origWhen 1772339708944 whenElapsed 207038890 android} uid 1000 whenElapsed 207038890 windowLength 0 maxWhenElapsed 207038890 repeatInterval 0 action null component null tag StorgaeBandInfoAlarmTag flags 0x9 procName system_server
03-01 10:05:09.072  3799  3885 W QosScheduler: executeSceneQosStrategy failed! qos feature no enable
03-01 10:05:09.698  3799  4545 D osense.compress: com.google.android.apps.nbu.files do shrink, target ratio = 57, final ratio = 90, cur ratio = 25
03-01 10:05:09.699  3799  4545 D osense.compress: com.google.android.apps.photos do shrink, target ratio = 51, final ratio = 90, cur ratio = 12
03-01 10:05:09.749  3799  4545 D osense.compress: com.facebook.orca do shrink, target ratio = 90, final ratio = 90, cur ratio = 87
03-01 10:05:09.876  3799  4545 D osense.compress: in.amazon.mShop.android.shopping do shrink, target ratio = 61, final ratio = 90, cur ratio = 33
03-01 10:05:09.903  3799  4545 D osense.compress: com.flipkart.android do shrink, target ratio = 45, final ratio = 90, cur ratio = 0
03-01 10:05:10.023  3799  4545 D osense.compress: com.jio.myjio do shrink, target ratio = 82, final ratio = 90, cur ratio = 74
03-01 10:05:10.416  3799  4836 V NetworkPolicy: updateNetworkEnabledNL() return
03-01 10:05:10.417  3799  4836 V NetworkPolicy: updateNotificationsNL not process
03-01 10:05:10.422  3799  4969 D NotificationService--OplusNotificationFixHelper: fixAppIcon: pkg=android
03-01 10:05:10.423  3799  4969 D NotificationService--OplusNotificationFixHelper: fixAppIcon: appIcon = null, pkg = android
03-01 10:05:10.423  3799  4969 I OplusStatusBarManagerServiceEnhance:  getTopIsFullscreen mTopIsFullscreen: true
03-01 10:05:10.424  3799  3799 D NotificationService--OplusNotificationManagerServiceExtImpl: isForwardToAssistants: false, case : Is in mMcsNotInterceptPkgList or is isSystemApp
03-01 10:05:10.424  3799  3799 D NotificationService: This application enqueue notifications is not need postDelayed
03-01 10:05:10.720  3799 19513 E TaskPersister: File error accessing recents directory (directory doesn't exist?).
03-01 10:05:10.948  3799  4676 V AlarmManager: sending alarm Alarm{bda7d32 type 1 origWhen 1772339710949 whenElapsed 207040895 android} uid 1000 whenElapsed 207040895 windowLength 0 maxWhenElapsed 207040895 repeatInterval 0 action null component null tag StorgaeBandInfoAlarmTag flags 0x9 procName system_server
03-01 10:05:10.970  3799  3947 D PowerManagerService: userActivityNoUpdateLocked: groupId=0, eventTime=149888391, event=touch, flags=0x0, uid=1000
03-01 10:05:10.971  3799  3947 D PowerManagerService: userActivityNoUpdateLocked: groupId=0, eventTime=149888391, event=touch, flags=0x0, uid=1000
03-01 10:05:11.096  3799  3947 D PowerManagerService: userActivityNoUpdateLocked: groupId=0, eventTime=149888519, event=touch, flags=0x0, uid=1000
03-01 10:05:11.098  3799  3947 D PowerManagerService: userActivityNoUpdateLocked: groupId=0, eventTime=149888519, event=touch, flags=0x0, uid=1000
03-01 10:05:11.200  3799  3947 D PowerManagerService: userActivityNoUpdateLocked: groupId=0, eventTime=149888624, event=touch, flags=0x0, uid=1000
03-01 10:05:11.201  3799  3947 D PowerManagerService: userActivityNoUpdateLocked: groupId=0, eventTime=149888624, event=touch, flags=0x0, uid=1000
03-01 10:05:11.377  3799  3947 D PowerManagerService: userActivityNoUpdateLocked: groupId=0, eventTime=149888801, event=touch, flags=0x0, uid=1000
03-01 10:05:11.378  3799  3947 D PowerManagerService: userActivityNoUpdateLocked: groupId=0, eventTime=149888801, event=touch, flags=0x0, uid=1000
03-01 10:05:11.541  3799  4545 D osense.compress: com.rupicard.score do shrink, target ratio = 64, final ratio = 90, cur ratio = 38
03-01 10:05:11.943  3799  3947 D PowerManagerService: userActivityNoUpdateLocked: groupId=0, eventTime=149889365, event=touch, flags=0x0, uid=1000
03-01 10:05:11.944  3799  3947 D PowerManagerService: userActivityNoUpdateLocked: groupId=0, eventTime=149889365, event=touch, flags=0x0, uid=1000
03-01 10:05:11.971  3799  5129 D OAppNetControlService: Hans update:[10424=true][0|0] blackList:[10334, 10356, 10352, 10348, 10470, 10408, 10359, 10361, 10351, 10539, 10363, 10373, 10162, 10349, 10347, 10346, 10514, 10362, 10424]
03-01 10:05:12.191  3799  3947 D PowerManagerService: userActivityNoUpdateLocked: groupId=0, eventTime=149889615, event=touch, flags=0x0, uid=1000
03-01 10:05:12.193  3799  3947 D PowerManagerService: userActivityNoUpdateLocked: groupId=0, eventTime=149889615, event=touch, flags=0x0, uid=1000
03-01 10:05:12.195  3799  5772 D QuickBackInputPolicy: isInMultiWindowMode and isInSplitScreen is: false isZoomMode is: false isMultiWindowModeInPocketStudio is: false isEmbeddedInLauncherActivity is: false
03-01 10:05:12.195  3799  5772 D QuickBackInputPolicy: hasMultiChildrenInTask: true
03-01 10:05:12.195  3799  5772 D QuickBackInputPolicy: canInterceptKeyEventToHome Window:Window{760a27a u0 com.whatsapp/com.whatsapp.status.playback.StatusPlaybackActivity}, do nothing!
03-01 10:05:12.201  3799  5772 D QuickBackInputPolicy: isInMultiWindowMode and isInSplitScreen is: false isZoomMode is: false isMultiWindowModeInPocketStudio is: false isEmbeddedInLauncherActivity is: false
03-01 10:05:12.201  3799  5772 D QuickBackInputPolicy: hasMultiChildrenInTask: true
03-01 10:05:12.201  3799  5772 D CoreBackPreview: startBackNavigation currentTask=Task{7118ee6 #336 type=standard A=10344:com.whatsapp}, topRunningActivity=ActivityRecord{226614837 u0 com.whatsapp/.status.playback.StatusPlaybackActivity t336}, callbackInfo=OnBackInvokedCallbackInfo{mCallback=android.window.IOnBackInvokedCallback$Stub$Proxy@1701e88, mPriority=0, mIsAnimationCallback=false, mOverrideBehavior=0}, currentFocus=Window{760a27a u0 com.whatsapp/com.whatsapp.status.playback.StatusPlaybackActivity}
03-01 10:05:12.201  3799  3885 W QosScheduler: executeSceneQosStrategy failed! qos feature no enable
03-01 10:05:12.201  5371  5405 D ShellBackPreview: Received backNavigationInfo:BackNavigationInfo{mType=TYPE_CALLBACK (4), mOnBackNavigationDone=android.os.RemoteCallback@543516, mOnBackInvokedCallback=android.window.IOnBackInvokedCallback$Stub$Proxy@10b7e97, mPrepareRemoteAnimation=false, mAnimationCallback=false, mCustomizeAnimationInfo=null}
03-01 10:05:12.206  3799  5772 V WindowManager: Relayout Window{d24701a u0 ColorSideGestureRight_displayId_0}: viewVisibility=0, oldvis=8, req=192x3145 , apr = 0, vsysui=
03-01 10:05:12.206  3799  5772 I WindowManager: Window{d24701a u0 ColorSideGestureRight_displayId_0} state from NO_SURFACE to DRAW_PENDING; reason: resetDrawState
03-01 10:05:12.210  3799  5772 D WindowManager: NFW_findFocusedWindowIfNeeded:Window{760a27a u0 com.whatsapp/com.whatsapp.status.playback.StatusPlaybackActivity} mCurrentFocus:Window{760a27a u0 com.whatsapp/com.whatsapp.status.playback.StatusPlaybackActivity}
03-01 10:05:12.221  3799  5772 I WindowManager: Window{d24701a u0 ColorSideGestureRight_displayId_0} state from DRAW_PENDING to COMMIT_DRAW_PENDING; reason: finishDrawingLocked
03-01 10:05:12.221  5371  5692 D LinearmotorVibrator: vibrate: effect=WaveformEffect { 7210dfa, effectType=1, effectStrength=-1, effectLoop=false, ringtoneVibrateType=-1, isRingtoneCustomized=false, ringtoneFilePath=, strengthSettingEnabled=true, asynchronous=false, usageHint=0 }
03-01 10:05:12.222  3799  5930 I VibratorManagerServiceExtImpl: vibrate is uid=10234, pid=5371, opPkg=com.android.systemui, effect=Mono{mEffect=Composed{segments=[OplusVibrationEffectSegment{mEffectId=1, mEffectStrength=-1, mRingtonePath=''}], repeat=-1}}, attributes=VibrationAttributes{mUsage=UNKNOWN, mAudioUsage= USAGE_UNKNOWN, mFlags=0}, reason=null, token=6490308
03-01 10:05:12.222  3799  3872 I WindowManager: Window{d24701a u0 ColorSideGestureRight_displayId_0} state from COMMIT_DRAW_PENDING to READY_TO_SHOW; reason: commitFinishDrawingLocked
03-01 10:05:12.223  3799  3872 I WindowManager: Window{d24701a u0 ColorSideGestureRight_displayId_0} state from READY_TO_SHOW to HAS_DRAWN; reason: performShowLocked
03-01 10:05:12.223  3799  4673 W VibrationScaler: Got unexpected vibration intensity: 2000
03-01 10:05:12.224  3799  4673 D VibrationThread: Perform OplusPrebakedSegment{mWaveformId=2, mDuration=45, mEffectStrength=2000, mDefaultUsage=TOUCH} on vibrator 0
03-01 10:05:12.235  3799  3885 I QosScheduler[QoSPolicy]: setSceneQoS begin:false sceneId:5
03-01 10:05:12.235  3799  3885 I QosScheduler[QoSPolicy]: setSceneQoS begin:false sceneId:6
03-01 10:05:12.294  3799  3947 D PowerManagerService: userActivityNoUpdateLocked: groupId=0, eventTime=149889719, event=touch, flags=0x0, uid=1000
03-01 10:05:12.295  3799  3947 D PowerManagerService: userActivityNoUpdateLocked: groupId=0, eventTime=149889719, event=touch, flags=0x0, uid=1000
03-01 10:05:12.304  5371  5405 D ShellBackPreview: Finishing gesture with event action: 1
03-01 10:05:12.304  5371  5405 D ShellBackPreview: onGestureFinished() mTriggerBack == true
03-01 10:05:12.305  5371  5405 D ShellBackPreview: Trigger back without dispatching to animator.
03-01 10:05:12.305  5371  5405 D ShellBackPreview: BackAnimationController: finishBackNavigation()
03-01 10:05:12.308  3799  5930 D CoreBackPreview: onBackNavigationDone backType=4, triggerBack=true
03-01 10:05:12.308 23885 23885 D OplusPredictiveBackController: should not HookOnBackInvokedCallbackEnabled for application com.whatsapp.status.playback.StatusPlaybackActivity@9234dc1 hasOnBackInvokedCallBackEnabled
03-01 10:05:12.309 23885 23885 D OplusPredictiveBackController: should not HookOnBackInvokedCallbackEnabled for application com.whatsapp.status.playback.StatusPlaybackActivity@9234dc1 hasOnBackInvokedCallBackEnabled
03-01 10:05:12.325  3799  5930 D ActivityTaskManager: setAppVisibility(Token{2e62f58 ActivityRecord{226614837 u0 com.whatsapp/.status.playback.StatusPlaybackActivity t336 f}}}, visible=false):  visible=true mVisibleRequested=true
03-01 10:05:12.325  5371  5405 V WindowManagerShell: Transition requested (#3429): android.os.BinderProxy@753ef50 TransitionRequestInfo { type = CLOSE, triggerTask = null, pipChange = null, remoteTransition = null, displayChange = null, flags = 0, debugId = 3429 }
03-01 10:05:12.325  3799  5930 D ActivityTaskManager: setVisibility(Token{2e62f58 ActivityRecord{226614837 u0 com.whatsapp/.status.playback.StatusPlaybackActivity t336 f}}}, visible=false) defer commitVisibility for transition collecting
03-01 10:05:12.334  3799  5772 D OplusWindowAnimationManager: applyNoAnimationForResumed resumed: null
03-01 10:05:12.334  3799  5772 I OplusAccessController: enter isIgnoreAppSwitchActivity
03-01 10:05:12.335  3799  5772 I OplusAccessController: enter isIgnoreAppSwitchActivity and intent != null
03-01 10:05:12.335  3799  5772 I OplusAccessController: enter isIgnoreAppSwitchActivity and componentName != null
03-01 10:05:12.335  3799  5772 I OplusAccessController: enter isIgnoreAppSwitchActivity and packageName&activity is not Empty
03-01 10:05:12.335  3799  5772 D RefreshRate: Trigger app switch boost, ar=ActivityRecord{88827467 u0 com.whatsapp/.home.ui.HomeActivity t336},currDisplayRate=120.00001,boostId=3
03-01 10:05:12.335  3799  5772 D RefreshRate: setDisplayConfigSpecs complete: targetMode={id=1, width=1264, height=2780, fps=120.00001, vsync=120.00001, synthetic=false, alternativeRefreshRates=[60.000004, 90.0], supportedHdrTypes=[1, 2, 3, 4]},srcMode={id=1, width=1264, height=2780, fps=120.00001, vsync=120.00001, synthetic=false, alternativeRefreshRates=[60.000004, 90.0], supportedHdrTypes=[1, 2, 3, 4]},sfModId=0,rate=120.00001
03-01 10:05:12.335  3799  5772 D RefreshRate: startAppSwitchBoost targetMode={id=1, width=1264, height=2780, fps=120.00001, vsync=120.00001, synthetic=false, alternativeRefreshRates=[60.000004, 90.0], supportedHdrTypes=[1, 2, 3, 4]} record=ActivityRecord{88827467 u0 com.whatsapp/.home.ui.HomeActivity t336}: votes=PRIORITY_START_ANIMATION_BOOST -> Vote{mRefreshRate=120.0, mMinRefreshRate=120.0, mRequestSource=null};PRIORITY_WINDOW_REQUEST -> Vote{mRefreshRate=120.0, mMinRefreshRate=120.0, mRequestSource=null};
03-01 10:05:12.335  3799  5772 D ActivityTaskManager: NFW_setLastResumedActivityUncheckLocked:true r:ActivityRecord{88827467 u0 com.whatsapp/.home.ui.HomeActivity t336} currentFocus:Window{760a27a u0 com.whatsapp/com.whatsapp.status.playback.StatusPlaybackActivity}
03-01 10:05:12.336  3799  5772 D WindowManager: NFW_findFocusedWindowIfNeeded:Window{2524a88 u0 com.whatsapp/com.whatsapp.home.ui.HomeActivity} mCurrentFocus:Window{760a27a u0 com.whatsapp/com.whatsapp.status.playback.StatusPlaybackActivity}
03-01 10:05:12.336  3799  4922 D BackgroundInstallControlService: Package event received: 0
03-01 10:05:12.336  3799  5772 V WindowManager: Changing focus from Window{760a27a u0 com.whatsapp/com.whatsapp.status.playback.StatusPlaybackActivity} to Window{2524a88 u0 com.whatsapp/com.whatsapp.home.ui.HomeActivity},diplayid=0
03-01 10:05:12.339  3799  5772 D WindowManager: BarWindow--setVisible: id=1, oldState=2, state=0, mFocuseWindow= Window{2524a88 u0 com.whatsapp/com.whatsapp.home.ui.HomeActivity} call: 
03-01 10:05:12.339  3799  5772 I OplusStatusBarManagerServiceEnhance:  topIsFullscreen fullscreen: false
03-01 10:05:12.340  3799  5772 D FlexibleTaskController: isFullToFlexibleAnimating: false
03-01 10:05:12.340  3799  5772 D WindowManager: rotation(ROTATION_0) no changed  displayId = 0, lastOrientation = -1
03-01 10:05:12.340  3799  5772 I TaskOrganizerController: onTaskInfoChanged taskid 336 config { mBounds=Rect(0, 0 - 1264, 2780) mAppBounds=Rect(0, 0 - 1264, 2780) mMaxBounds=Rect(0, 0 - 1264, 2780) mDisplayRotation=ROTATION_0 mWindowingMode=fullscreen mActivityType=standard mAlwaysOnTop=undefined mRotation=ROTATION_0}
03-01 10:05:12.341  3799  5772 D OplusFlexibleDragToSplitAnimController: visibleFlexibleTaskInfos delete:336
03-01 10:05:12.341  3799  5772 E FlexibleWindowManagerService: notifyTaskObserverToAttachController not need to notify!
03-01 10:05:12.341  3799  5772 I FlexibleWindowManagerService: onFlexibleWindowTaskInfoChanged, return for cur task not embedded
03-01 10:05:12.341  3799  5634 D OplusAppSwitchRuleInfo: generateActivityEnterInfo - launch_source_type =  , launch_source_traceid = 
03-01 10:05:12.341  3799  5772 D OplusFeatureColorMode: ColorMode getColorMode =0
03-01 10:05:12.341  3799  5772 D ColorDisplayServiceExtImpl: getWCGVersion1App, packageName=com.whatsapp, sSupportWCG1 = true, sSupportWCG3 = false, nRet = 0
03-01 10:05:12.341  3799  3956 D RefreshRate: do setDisplayConfigSpecs  
03-01 10:05:12.342  3799  3956 D DisplayModeDirector: setAppRequest displayId : 0  modeId: 1  requestedRefreshRate: 120.00001  requestedMinRefreshRateRange: 120.00001  requestedMaxRefreshRateRange: 120.00001
03-01 10:05:12.342  3799  5772 E OplusAppQuickStart_AppQuickStartController: not start from launcher transition:3429
03-01 10:05:12.342  3799  5772 D Transition: collectOrderChanges onTopTasksEnd: [Task{7118ee6 #336 type=standard A=10344:com.whatsapp}], reportedOnTop:null, mOnTopTasksStart: [Task{7118ee6 #336 type=standard A=10344:com.whatsapp}], TDA child: [Task{d378858 #2 type=undefined}, Task{9857966 #1 type=home}, Task{8f5840 #331 type=standard A=10564:com.instagram.android}, Task{7118ee6 #336 type=standard A=10344:com.whatsapp}]
03-01 10:05:12.342  3799  3956 D VRR [OPlusRefreshRateService]:  setDirectorStates [flag: 1, state: 1, directorStateOff: 1]
03-01 10:05:12.342  3799  5772 D OplusFlexibleActivityTransitionManager: fixTransitType type result:2, targets: [ChangeInfo{facd21d container=ActivityRecord{226614837 u0 com.whatsapp/.status.playback.StatusPlaybackActivity t336 f}} flags=0x0}]
03-01 10:05:12.343  3799  5772 D OplusTransitionAnimationManager: activityRecordCount0fullScreenArBeHindStartingWindow null
03-01 10:05:12.343  3799  5772 D QuickBackInputPolicy: resetInputInterceptState for remoteTransition: false
03-01 10:05:12.343  3799  5772 D OplusTransitionController: onTransactionReady, transition: 3429, info: {id=3429 t=CLOSE f=0x0 trk=0 r=[0@Point(0, 0)] c=[{m=CLOSE f=TRANSLUCENT|FILLS_TASK leash=Surface(name=ActivityRecord{226614837 u0 com.whatsapp/.status.playback.StatusPlaybackActivity t336})/@0xca246ff sb=Rect(0, 0 - 1264, 2780) eb=Rect(0, 0 - 1264, 2780) epz=Point(1264, 2780) d=0 bc=ff303030 component=com.whatsapp/.status.playback.StatusPlaybackActivity opt={t=FROM_STYLE mUserId=0}}] 
03-01 10:05:12.343  3799  5772 D OplusTransitionController: extendInfo=[
03-01 10:05:12.343  3799  5772 D OplusTransitionController:  OplusTransitionExtendedInfo{mTmpFinishT=null, mInOplusCompatMode=false, mIsProcessRunning=false, mHasMismatchBoundsTarget=false, mRecentsController=null, mRemoteTransition=null, mIsTranslucentActivityToHome=false, mAvoidInterceptKeyEventToHome=false, mIsFromHome=false, mParentLeash=null, mBackAnimClosingLeash=null, mIsOplusAnimRes=false, mKeepBgForContinuous=false, mIsBalAllow=false, mTaskNotInRecent=false, mIsPredictiveBackAnim=false, mIsMergedWithPredictive=false, mIsLaunchFromSpruce=false, mIsLaunchFromDrive=false, mGlobalSearchPageSwitch=false, mNeedNoAlphaGlobalSearchScene=false, mAssistScreenShowing=false, mSwipeUpBrowserScreenShowing=false, mUserIdTransition=-1
03-01 10:05:12.343  3799  5772 D OplusTransitionController: , mInRemoteScene=false, mInPreReady=false, mPreStart=false, mToken=null, mAbortByRemoteFromHome=false, mShellApplyToken=null, mRequestTransitionTaskId=-1, mAbortTransitionOnShell=0, mStartFromShortcut=false, mRemovedTaskId=-1, mTransitionInterruptType=0, mMergeSecondTaskId=-1, mTaskIdStartFromRecents=0, mTransitionId=3429, mCanUseSpringSlideAnim=false, mTransitionLaunchFrom=0, mFoldChangeType=-1, mAnimStartingPosition=[0, 0, 0, 0], mIsOpeningStkDialogActivity=false, mSecondaryHomeToFrontWhenUnFolding=false, mIsNeedApplyStartTForEmbedded=false
03-01 10:05:12.343  3799  5772 D OplusTransitionController: , mNeedCanvasExitAnim=false, mMergeSecondTaskAnimation=false, mIsLaunchUnityStart=false, mIsLaunchFromAssistantByDefault=false, mSkipRemoteTransitionfalse, mIsStartFromKeyguard=false flags=0x0, mWCT=null, mIsOpenMergeToInValidPredictive=false}]}, targets : [ChangeInfo{facd21d container=ActivityRecord{226614837 u0 com.whatsapp/.status.playback.StatusPlaybackActivity t336 f}} flags=0x0}], participants: {ActivityRecord{226614837 u0 com.whatsapp/.status.playback.StatusPlaybackActivity t336 f}}}
03-01 10:05:12.344  5371   999 V WindowManagerShell: onTransitionReady(transaction=16316581070856)
03-01 10:05:12.345  5371  5405 V WindowManagerShell: onTransitionReady (#3429) android.os.BinderProxy@753ef50: {id=3429 t=CLOSE f=0x0 trk=0 r=[0@Point(0, 0)] c=[
