03-01 10:05:00.941  3799  5939 D Transition:    ChangeInfo{a66bd0b container=Display{#0 state=ON size=1264x2780 ROTATION_0} flags=0x0}
03-01 10:05:00.941  3799  5939 D Transition: ]
03-01 10:05:00.941  3799  5939 D Transition: }
03-01 10:05:00.941  3799  5939 D ActivityTaskManager: commitVisibility: ActivityRecord{88827467 u0 com.whatsapp/.home.ui.HomeActivity t336}: visible=false visibleRequested=false, isInTransition=false 
03-01 10:05:00.941  3799  5939 D WindowManager: NFW_setClientVisible:ActivityRecord{88827467 u0 com.whatsapp/.home.ui.HomeActivity t336} clientVisible:false
03-01 10:05:00.941  3799  5939 I WindowManager: Window{2524a88 u0 com.whatsapp/com.whatsapp.home.ui.HomeActivity} state from HAS_DRAWN to DRAW_PENDING; reason: resetDrawState
03-01 10:05:00.941  3799  5939 I OplusAppSwitchManagerService:  handleAppVisible , r = ActivityRecord{20310081 u0 com.whatsapp/.conversation.conversationslist.ArchivedConversationsActivity t336}
03-01 10:05:00.943  3799  5939 D OplusTransitionController: finishTransition, transition: TransitionRecord{bf067fc id=3422 track=0 type=OPEN flags=0x0 state=4 c=[
03-01 10:05:00.943  3799  5939 D OplusTransitionController:    ChangeInfo{6144b46 container=ActivityRecord{20310081 u0 com.whatsapp/.conversation.conversationslist.ArchivedConversationsActivity t336} flags=0x0}
03-01 10:05:00.943  3799  5939 D OplusTransitionController:    ChangeInfo{3b79107 container=ActivityRecord{88827467 u0 com.whatsapp/.home.ui.HomeActivity t336} flags=0x0}
03-01 10:05:00.943  3799  5939 D OplusTransitionController:    ChangeInfo{df33e85 container=Task{7118ee6 #336 type=standard A=10344:com.whatsapp} flags=0x0}
03-01 10:05:00.943  3799  5939 D OplusTransitionController:    ChangeInfo{d7c54da container=DefaultTaskDisplayArea@165361358 flags=0x0}
03-01 10:05:00.943  3799  5939 D OplusTransitionController:    ChangeInfo{a66bd0b container=Display{#0 state=ON size=1264x2780 ROTATION_0} flags=0x0}
03-01 10:05:00.943  3799  5939 D OplusTransitionController: ]
03-01 10:05:00.943  3799  5939 D OplusTransitionController: }
03-01 10:05:00.943  3799  5939 D FlexibleTaskTransitionController:  finishTransition pendingRecentToFlexibleTask:null,isRotationTransition:false ,pendingRecentToFlexible:null ,transition:TransitionRecord{bf067fc id=3422 track=0 type=OPEN flags=0x0 state=4 c=[
03-01 10:05:00.943  3799  5939 D FlexibleTaskTransitionController:    ChangeInfo{6144b46 container=ActivityRecord{20310081 u0 com.whatsapp/.conversation.conversationslist.ArchivedConversationsActivity t336} flags=0x0}
03-01 10:05:00.943  3799  5939 D FlexibleTaskTransitionController:    ChangeInfo{3b79107 container=ActivityRecord{88827467 u0 com.whatsapp/.home.ui.HomeActivity t336} flags=0x0}
03-01 10:05:00.943  3799  5939 D FlexibleTaskTransitionController:    ChangeInfo{df33e85 container=Task{7118ee6 #336 type=standard A=10344:com.whatsapp} flags=0x0}
03-01 10:05:00.943  3799  5939 D FlexibleTaskTransitionController:    ChangeInfo{d7c54da container=DefaultTaskDisplayArea@165361358 flags=0x0}
03-01 10:05:00.943  3799  5939 D FlexibleTaskTransitionController:    ChangeInfo{a66bd0b container=Display{#0 state=ON size=1264x2780 ROTATION_0} flags=0x0}
03-01 10:05:00.943  3799  5939 D FlexibleTaskTransitionController: ]
03-01 10:05:00.943  3799  5939 D FlexibleTaskTransitionController: }
03-01 10:05:00.945  3799  5939 D TransitionControllerExtImpl: NFW_send RECOMPUTE_FOCUS in finishTransition
03-01 10:05:00.946  5371  5405 D ShellTaskOrganizer: onTransitionFinish, isRecent:false
03-01 10:05:00.946  5371  5405 V WindowManagerShell: Track 0 became idle
03-01 10:05:00.946  5371  5405 V WindowManagerShell: All active transition animations finished
03-01 10:05:00.947  3799  5939 D Transition: finishTransaction-onCommitted syncId=3422
03-01 10:05:00.949  3799  3871 D WindowManager: NFW_findFocusedWindowIfNeeded:Window{6ae89ed u0 com.whatsapp/com.whatsapp.conversation.conversationslist.ArchivedConversationsActivity} mCurrentFocus:Window{6ae89ed u0 com.whatsapp/com.whatsapp.conversation.conversationslist.ArchivedConversationsActivity}
03-01 10:05:00.954  3799  5772 V WindowManager: Relayout Window{2524a88 u0 com.whatsapp/com.whatsapp.home.ui.HomeActivity}: viewVisibility=8, oldvis=0, req=1264x2780 , apr = 0, vsysui=LAYOUT_FULLSCREEN
03-01 10:05:00.954  3799  3956 D VRR [OPlusRefreshRateService]:  setDirectorStates [flag: 1, state: 0, directorStateOff: 0]
03-01 10:05:00.955  3799  5772 D WindowManager: NFW_findFocusedWindowIfNeeded:Window{6ae89ed u0 com.whatsapp/com.whatsapp.conversation.conversationslist.ArchivedConversationsActivity} mCurrentFocus:Window{6ae89ed u0 com.whatsapp/com.whatsapp.conversation.conversationslist.ArchivedConversationsActivity}
03-01 10:05:00.956 23885 23885 D VRI[HomeActivity]: relayoutWindow result, sizeChanged:false, surfaceControlChanged:true, transformHintChanged:false, mSurfaceSize:Point(1264, 2780), mLastSurfaceSize:Point(1264, 2780), mWidth:1264, mHeight:2780, requestedWidth:1264, requestedHeight:2780, transformHint:0, installOrientation:0, displayRotation:0, isSurfaceValid:false, attr.flag:-2122252032, tmpFrames:ClientWindowFrames{frame=[0,0][1264,2780] display=[0,0][1264,2780] parentFrame=[0,0][0,0]}, relayoutAsync:false, mSyncSeqId:0
03-01 10:05:00.966  3799  5772 V WindowManager: Relayout Window{2524a88 u0 com.whatsapp/com.whatsapp.home.ui.HomeActivity}: viewVisibility=8, oldvis=8, req=1264x2780 , apr = 0, vsysui=LAYOUT_FULLSCREEN, x=0, y=0
03-01 10:05:00.968 23885 23885 D VRI[HomeActivity]: relayoutWindow result, sizeChanged:false, surfaceControlChanged:true, transformHintChanged:false, mSurfaceSize:Point(1264, 2780), mLastSurfaceSize:Point(1264, 2780), mWidth:1264, mHeight:2780, requestedWidth:1264, requestedHeight:2780, transformHint:0, installOrientation:0, displayRotation:0, isSurfaceValid:false, attr.flag:-2122252032, tmpFrames:ClientWindowFrames{frame=[0,0][1264,2780] display=[0,0][1264,2780] parentFrame=[0,0][0,0]}, relayoutAsync:false, mSyncSeqId:0
03-01 10:05:00.969  3799  5772 I WindowManager: Window{2524a88 u0 com.whatsapp/com.whatsapp.home.ui.HomeActivity} state from DRAW_PENDING to NO_SURFACE; reason: destroySurface
03-01 10:05:00.970  3799  4922 D BackgroundInstallControlService: Package event received: 0
03-01 10:05:00.970  3799  5772 D OplusStartingWindowManager: skip remove starting window for activity = ActivityRecord{88827467 u0 com.whatsapp/.home.ui.HomeActivity t336} ,ar != topActivityContainsStartingWindow on activityStopped
03-01 10:05:01.008  3799  3947 D PowerManagerService: userActivityNoUpdateLocked: groupId=0, eventTime=149878433, event=touch, flags=0x0, uid=1000
03-01 10:05:01.009  3799  3947 D PowerManagerService: userActivityNoUpdateLocked: groupId=0, eventTime=149878433, event=touch, flags=0x0, uid=1000
03-01 10:05:01.010  3799  5772 D QuickBackInputPolicy: isInMultiWindowMode and isInSplitScreen is: false isZoomMode is: false isMultiWindowModeInPocketStudio is: false isEmbeddedInLauncherActivity is: false
03-01 10:05:01.011  3799  5772 D QuickBackInputPolicy: hasMultiChildrenInTask: true
03-01 10:05:01.011  3799  5772 D QuickBackInputPolicy: canInterceptKeyEventToHome Window:Window{6ae89ed u0 com.whatsapp/com.whatsapp.conversation.conversationslist.ArchivedConversationsActivity}, do nothing!
03-01 10:05:01.018  3799  5772 D QuickBackInputPolicy: isInMultiWindowMode and isInSplitScreen is: false isZoomMode is: false isMultiWindowModeInPocketStudio is: false isEmbeddedInLauncherActivity is: false
03-01 10:05:01.018  3799  5772 D QuickBackInputPolicy: hasMultiChildrenInTask: true
03-01 10:05:01.018  3799  5772 D CoreBackPreview: startBackNavigation currentTask=Task{7118ee6 #336 type=standard A=10344:com.whatsapp}, topRunningActivity=ActivityRecord{20310081 u0 com.whatsapp/.conversation.conversationslist.ArchivedConversationsActivity t336}, callbackInfo=OnBackInvokedCallbackInfo{mCallback=android.window.IOnBackInvokedCallback$Stub$Proxy@2653ab3, mPriority=0, mIsAnimationCallback=false, mOverrideBehavior=0}, currentFocus=Window{6ae89ed u0 com.whatsapp/com.whatsapp.conversation.conversationslist.ArchivedConversationsActivity}
03-01 10:05:01.018  5371  5405 D ShellBackPreview: Received backNavigationInfo:BackNavigationInfo{mType=TYPE_CALLBACK (4), mOnBackNavigationDone=android.os.RemoteCallback@5bcdbe9, mOnBackInvokedCallback=android.window.IOnBackInvokedCallback$Stub$Proxy@ba0d06e, mPrepareRemoteAnimation=false, mAnimationCallback=false, mCustomizeAnimationInfo=null}
03-01 10:05:01.024  3799  5772 V WindowManager: Relayout Window{d24701a u0 ColorSideGestureRight_displayId_0}: viewVisibility=0, oldvis=8, req=192x3145 , apr = 0, vsysui=
03-01 10:05:01.025  3799  5772 I WindowManager: Window{d24701a u0 ColorSideGestureRight_displayId_0} state from NO_SURFACE to DRAW_PENDING; reason: resetDrawState
03-01 10:05:01.027  3799  5772 D WindowManager: NFW_findFocusedWindowIfNeeded:Window{6ae89ed u0 com.whatsapp/com.whatsapp.conversation.conversationslist.ArchivedConversationsActivity} mCurrentFocus:Window{6ae89ed u0 com.whatsapp/com.whatsapp.conversation.conversationslist.ArchivedConversationsActivity}
03-01 10:05:01.037  3799  5772 I WindowManager: Window{d24701a u0 ColorSideGestureRight_displayId_0} state from DRAW_PENDING to COMMIT_DRAW_PENDING; reason: finishDrawingLocked
03-01 10:05:01.038  5371  5692 D LinearmotorVibrator: vibrate: effect=WaveformEffect { 3798c5d, effectType=1, effectStrength=-1, effectLoop=false, ringtoneVibrateType=-1, isRingtoneCustomized=false, ringtoneFilePath=, strengthSettingEnabled=true, asynchronous=false, usageHint=0 }
03-01 10:05:01.038  3799  5939 I VibratorManagerServiceExtImpl: vibrate is uid=10234, pid=5371, opPkg=com.android.systemui, effect=Mono{mEffect=Composed{segments=[OplusVibrationEffectSegment{mEffectId=1, mEffectStrength=-1, mRingtonePath=''}], repeat=-1}}, attributes=VibrationAttributes{mUsage=UNKNOWN, mAudioUsage= USAGE_UNKNOWN, mFlags=0}, reason=null, token=28164210
03-01 10:05:01.044  3799  4673 W VibrationScaler: Got unexpected vibration intensity: 2000
03-01 10:05:01.044  3799  3872 I WindowManager: Window{d24701a u0 ColorSideGestureRight_displayId_0} state from COMMIT_DRAW_PENDING to READY_TO_SHOW; reason: commitFinishDrawingLocked
03-01 10:05:01.044  3799  4673 D VibrationThread: Perform OplusPrebakedSegment{mWaveformId=2, mDuration=45, mEffectStrength=2000, mDefaultUsage=TOUCH} on vibrator 0
03-01 10:05:01.045  3799  3872 I WindowManager: Window{d24701a u0 ColorSideGestureRight_displayId_0} state from READY_TO_SHOW to HAS_DRAWN; reason: performShowLocked
03-01 10:05:01.058  3799  3885 I UserAwareMgr: fg app status not changed, beforeVisible: true, currentVisible: true
03-01 10:05:01.072  5371  5405 D ShellBackPreview: Finishing gesture with event action: 1
03-01 10:05:01.072  5371  5405 D ShellBackPreview: onGestureFinished() mTriggerBack == true
03-01 10:05:01.073  5371  5405 D ShellBackPreview: Trigger back without dispatching to animator.
03-01 10:05:01.073  5371  5405 D ShellBackPreview: BackAnimationController: finishBackNavigation()
03-01 10:05:01.075  3799  5939 D CoreBackPreview: onBackNavigationDone backType=4, triggerBack=true
03-01 10:05:01.075 23885 23885 D OplusPredictiveBackController: should not HookOnBackInvokedCallbackEnabled for application com.whatsapp.conversation.conversationslist.ArchivedConversationsActivity@94379ed hasOnBackInvokedCallBackEnabled
03-01 10:05:01.076 23885 23885 D OplusPredictiveBackController: should not HookOnBackInvokedCallbackEnabled for application com.whatsapp.conversation.conversationslist.ArchivedConversationsActivity@94379ed hasOnBackInvokedCallBackEnabled
03-01 10:05:01.076  3799  3885 I UserAwareMgr: fg app status not changed, beforeVisible: true, currentVisible: true
03-01 10:05:01.083  5371  5405 V WindowManagerShell: Transition requested (#3423): android.os.BinderProxy@941edf7 TransitionRequestInfo { type = CLOSE, triggerTask = null, pipChange = null, remoteTransition = null, displayChange = null, flags = 0, debugId = 3423 }
03-01 10:05:01.083  3799  5939 D ActivityTaskManager: setAppVisibility(Token{6e19d4 ActivityRecord{20310081 u0 com.whatsapp/.conversation.conversationslist.ArchivedConversationsActivity t336 f}}}, visible=false):  visible=true mVisibleRequested=true
03-01 10:05:01.083  3799  5939 D ActivityTaskManager: setVisibility(Token{6e19d4 ActivityRecord{20310081 u0 com.whatsapp/.conversation.conversationslist.ArchivedConversationsActivity t336 f}}}, visible=false) defer commitVisibility for transition collecting
03-01 10:05:01.089  3799  5772 I OplusAccessController: enter isIgnoreAppSwitchActivity
03-01 10:05:01.089  3799  5772 I OplusAccessController: enter isIgnoreAppSwitchActivity and intent != null
03-01 10:05:01.089  3799  5772 I OplusAccessController: enter isIgnoreAppSwitchActivity and componentName != null
03-01 10:05:01.089  3799  5772 I OplusAccessController: enter isIgnoreAppSwitchActivity and packageName&activity is not Empty
03-01 10:05:01.089  3799  5772 D RefreshRate: Trigger app switch boost, ar=ActivityRecord{88827467 u0 com.whatsapp/.home.ui.HomeActivity t336},currDisplayRate=120.00001,boostId=3
03-01 10:05:01.089  3799  5772 D RefreshRate: setDisplayConfigSpecs complete: targetMode={id=1, width=1264, height=2780, fps=120.00001, vsync=120.00001, synthetic=false, alternativeRefreshRates=[60.000004, 90.0], supportedHdrTypes=[1, 2, 3, 4]},srcMode={id=1, width=1264, height=2780, fps=120.00001, vsync=120.00001, synthetic=false, alternativeRefreshRates=[60.000004, 90.0], supportedHdrTypes=[1, 2, 3, 4]},sfModId=0,rate=120.00001
03-01 10:05:01.089  3799  3956 D RefreshRate: do setDisplayConfigSpecs  
03-01 10:05:01.089  3799  5772 D RefreshRate: startAppSwitchBoost targetMode={id=1, width=1264, height=2780, fps=120.00001, vsync=120.00001, synthetic=false, alternativeRefreshRates=[60.000004, 90.0], supportedHdrTypes=[1, 2, 3, 4]} record=ActivityRecord{88827467 u0 com.whatsapp/.home.ui.HomeActivity t336}: votes=PRIORITY_START_ANIMATION_BOOST -> Vote{mRefreshRate=120.0, mMinRefreshRate=120.0, mRequestSource=null};PRIORITY_WINDOW_REQUEST -> Vote{mRefreshRate=120.0, mMinRefreshRate=120.0, mRequestSource=null};
03-01 10:05:01.090  3799  5772 D ActivityTaskManager: setAppVisibility(Token{7e81c27 ActivityRecord{88827467 u0 com.whatsapp/.home.ui.HomeActivity t336}}, visible=true):  visible=false mVisibleRequested=false
03-01 10:05:01.090  3799  5772 D WindowManager: NFW_setClientVisible:ActivityRecord{88827467 u0 com.whatsapp/.home.ui.HomeActivity t336} clientVisible:true
03-01 10:05:01.090  3799  3956 D DisplayModeDirector: setAppRequest displayId : 0  modeId: 1  requestedRefreshRate: 120.00001  requestedMinRefreshRateRange: 120.00001  requestedMaxRefreshRateRange: 120.00001
03-01 10:05:01.090  3799  5772 D ActivityTaskManager: setVisibility(Token{7e81c27 ActivityRecord{88827467 u0 com.whatsapp/.home.ui.HomeActivity t336}}, visible=true) defer commitVisibility for transition collecting
03-01 10:05:01.090  3799  5772 D ActivityTaskManager: NFW_setLastResumedActivityUncheckLocked:true r:ActivityRecord{88827467 u0 com.whatsapp/.home.ui.HomeActivity t336} currentFocus:Window{6ae89ed u0 com.whatsapp/com.whatsapp.conversation.conversationslist.ArchivedConversationsActivity}
03-01 10:05:01.091  3799  5772 D WindowManager: NFW_findFocusedWindowIfNeeded:null mCurrentFocus:Window{6ae89ed u0 com.whatsapp/com.whatsapp.conversation.conversationslist.ArchivedConversationsActivity}
03-01 10:05:01.091  3799  5772 V WindowManager: Changing focus from Window{6ae89ed u0 com.whatsapp/com.whatsapp.conversation.conversationslist.ArchivedConversationsActivity} to null,diplayid=0
03-01 10:05:01.091  3799  3885 W QosScheduler: executeSceneQosStrategy failed! qos feature no enable
03-01 10:05:01.092  3799  5772 D FlexibleTaskController: isFullToFlexibleAnimating: false
03-01 10:05:01.092  3799  5772 D WindowManager: rotation(ROTATION_0) no changed  displayId = 0, lastOrientation = -1
03-01 10:05:01.092  3799  5772 I TaskOrganizerController: onTaskInfoChanged taskid 336 config { mBounds=Rect(0, 0 - 1264, 2780) mAppBounds=Rect(0, 0 - 1264, 2780) mMaxBounds=Rect(0, 0 - 1264, 2780) mDisplayRotation=ROTATION_0 mWindowingMode=fullscreen mActivityType=standard mAlwaysOnTop=undefined mRotation=ROTATION_0}
03-01 10:05:01.092  3799  5634 D OplusAppSwitchRuleInfo: generateActivityEnterInfo - launch_source_type =  , launch_source_traceid = 
03-01 10:05:01.092  3799  5772 D OplusFlexibleDragToSplitAnimController: visibleFlexibleTaskInfos delete:336
03-01 10:05:01.093  3799  5772 E FlexibleWindowManagerService: notifyTaskObserverToAttachController not need to notify!
03-01 10:05:01.093  3799  5772 I FlexibleWindowManagerService: onFlexibleWindowTaskInfoChanged, return for cur task not embedded
03-01 10:05:01.093  3799  5772 D OplusFeatureColorMode: ColorMode getColorMode =0
03-01 10:05:01.093  3799  5772 D ColorDisplayServiceExtImpl: getWCGVersion1App, packageName=com.whatsapp, sSupportWCG1 = true, sSupportWCG3 = false, nRet = 0
03-01 10:05:01.093  3799  4922 D BackgroundInstallControlService: Package event received: 0
03-01 10:05:01.094  3799  5772 D DisplayModeDirector: setAppRequest displayId : 0  modeId: 1  requestedRefreshRate: 0.0  requestedMinRefreshRateRange: 0.0  requestedMaxRefreshRateRange: 120.00001
03-01 10:05:01.094  3799  3956 D VRR [OPlusRefreshRateService]:  setDirectorStates [flag: 1, state: 1, directorStateOff: 1]
03-01 10:05:01.097 23885 23885 D ActivityThread: ComponentInfo{com.whatsapp/com.whatsapp.home.ui.HomeActivity} checkFinished=false 2
03-01 10:05:01.097 23885 23885 D ResourcesManagerExtImpl: applyConfigurationToAppResourcesLocked app.getDisplayId() return callback.displayId:0
03-01 10:05:01.098  3799  4922 D BackgroundInstallControlService: Package event received: 0
03-01 10:05:01.098  3799  3871 D FlexibleTaskController: check task which not have enough child, isInSingleWhiteList:false isCloneTask:false
03-01 10:05:01.102  3799  5772 V WindowManager: Relayout Window{2524a88 u0 com.whatsapp/com.whatsapp.home.ui.HomeActivity}: viewVisibility=0, oldvis=8, req=1264x2780 , apr = 0, vsysui=LAYOUT_FULLSCREEN, x=0, y=0
03-01 10:05:01.102  3799  5772 I WindowManager: Window{2524a88 u0 com.whatsapp/com.whatsapp.home.ui.HomeActivity} state from NO_SURFACE to DRAW_PENDING; reason: resetDrawState
03-01 10:05:01.103  3799  5772 D WindowManager: NFW_findFocusedWindowIfNeeded:Window{2524a88 u0 com.whatsapp/com.whatsapp.home.ui.HomeActivity} mCurrentFocus:null
03-01 10:05:01.104  3799  5772 V WindowManager: Changing focus from null to Window{2524a88 u0 com.whatsapp/com.whatsapp.home.ui.HomeActivity},diplayid=0
03-01 10:05:01.104  3799  4545 D osense.compress: org.telegram.messenger do shrink, target ratio = 65, final ratio = 90, cur ratio = 41
03-01 10:05:01.105 23885 23885 D VRI[HomeActivity]: relayoutWindow result, sizeChanged:false, surfaceControlChanged:true, transformHintChanged:false, mSurfaceSize:Point(1264, 2780), mLastSurfaceSize:Point(1264, 2780), mWidth:1264, mHeight:2780, requestedWidth:1264, requestedHeight:2780, transformHint:0, installOrientation:0, displayRotation:0, isSurfaceValid:true, attr.flag:-2122252032, tmpFrames:ClientWindowFrames{frame=[0,0][1264,2780] display=[0,0][1264,2780] parentFrame=[0,0][0,0]}, relayoutAsync:false, mSyncSeqId:0
03-01 10:05:01.105 23885 23885 W VRI[HomeActivity]: updateBlastSurfaceIfNeeded, surfaceSize:Point(1264, 2780), lastSurfaceSize:Point(1264, 2780), format:-2, blastBufferQueue:null
03-01 10:05:01.114  3799  5939 D WindowManager: onSyncFinishedDrawing: Window{2524a88 u0 com.whatsapp/com.whatsapp.home.ui.HomeActivity}
03-01 10:05:01.114  3799  5939 I WindowManager: finishDrawing skipLayout:false,syncSeqId=0,mPrepareSyncSeqId=0 Window{2524a88 u0 com.whatsapp/com.whatsapp.home.ui.HomeActivity} com.android.server.wm.WindowManagerService.finishDrawingWindow:3192 com.android.server.wm.Session.finishDrawing:369 android.view.IWindowSession$Stub.onTransact:793 
03-01 10:05:01.114  3799  5939 I WindowManager: Window{2524a88 u0 com.whatsapp/com.whatsapp.home.ui.HomeActivity} state from DRAW_PENDING to COMMIT_DRAW_PENDING; reason: finishDrawingLocked
03-01 10:05:01.115  3799  3872 I WindowManager: Window{2524a88 u0 com.whatsapp/com.whatsapp.home.ui.HomeActivity} state from COMMIT_DRAW_PENDING to READY_TO_SHOW; reason: commitFinishDrawingLocked
03-01 10:05:01.115  3799  3872 D CoreBackPreview:  return markWindowHasDrawn mComposed: false  mWaitTransition: false
03-01 10:05:01.115  3799  3872 D ActivityTaskManager: Clearing startingData for activity=ActivityRecord{88827467 u0 com.whatsapp/.home.ui.HomeActivity t336} mStartingData=null mStartingSurface=null
03-01 10:05:01.116  3799  3872 D QuickBackInputPolicy: setAppLaunchEndTime update timePair=Pair{ActivityRecord{88827467 u0 com.whatsapp/.home.ui.HomeActivity t336} 149878543}
03-01 10:05:01.116  3799  3872 D ActivityTaskManager: commitVisibility: ActivityRecord{88827467 u0 com.whatsapp/.home.ui.HomeActivity t336}: visible=true visibleRequested=true, isInTransition=true 
03-01 10:05:01.116  3799  3872 D CoreBackPreview:  return markWindowHasDrawn mComposed: false  mWaitTransition: false
03-01 10:05:01.116  3799  3872 D ActivityTaskManager: Clearing startingData for activity=ActivityRecord{88827467 u0 com.whatsapp/.home.ui.HomeActivity t336} mStartingData=null mStartingSurface=null
03-01 10:05:01.117  3799  3872 I WindowManager: Window{2524a88 u0 com.whatsapp/com.whatsapp.home.ui.HomeActivity} state from READY_TO_SHOW to HAS_DRAWN; reason: performShowLocked
03-01 10:05:01.117  3799  3872 D CoreBackPreview:  return markWindowHasDrawn mComposed: false  mWaitTransition: false
03-01 10:05:01.117  3799  3872 E OplusAppQuickStart_AppQuickStartController: not start from launcher transition:3423
03-01 10:05:01.117  3799  3872 D Transition: collectOrderChanges onTopTasksEnd: [Task{7118ee6 #336 type=standard A=10344:com.whatsapp}], reportedOnTop:null, mOnTopTasksStart: [Task{7118ee6 #336 type=standard A=10344:com.whatsapp}], TDA child: [Task{d378858 #2 type=undefined}, Task{9857966 #1 type=home}, Task{8f5840 #331 type=standard A=10564:com.instagram.android}, Task{7118ee6 #336 type=standard A=10344:com.whatsapp}]
03-01 10:05:01.117  3799  3872 D OplusFlexibleActivityTransitionManager: fixTransitType type result:2, targets: [ChangeInfo{2f7e72e container=ActivityRecord{20310081 u0 com.whatsapp/.conversation.conversationslist.ArchivedConversationsActivity t336 f}} flags=0x0}, ChangeInfo{791a2cf container=ActivityRecord{88827467 u0 com.whatsapp/.home.ui.HomeActivity t336} flags=0x0}]
03-01 10:05:01.118  3799  3872 D OplusTransitionAnimationManager: activityRecordCount1fullScreenArBeHindStartingWindow null
03-01 10:05:01.119  3799  3872 D OplusTransitionAnimationManager: activityRecordCount1fullScreenArBeHindStartingWindow null
03-01 10:05:01.119  3799  3872 D QuickBackInputPolicy: resetInputInterceptState for remoteTransition: false
03-01 10:05:01.119  3799  3872 D OplusTransitionController: onTransactionReady, transition: 3423, info: {id=3423 t=CLOSE f=0x0 trk=0 r=[0@Point(0, 0)] c=[{m=CLOSE f=FILLS_TASK leash=Surface(name=ActivityRecord{20310081 u0 com.whatsapp/.conversation.conversationslist.ArchivedConversationsActivity t336})/@0xbd2c85d sb=Rect(0, 0 - 1264, 2780) eb=Rect(0, 0 - 1264, 2780) epz=Point(1264, 2780) d=0 bc=ff303030 component=com.whatsapp/.conversation.conversationslist.ArchivedConversationsActivity opt={t=FROM_STYLE mUserId=0}},{m=TO_FRONT f=FILLS_TASK leash=Surface(name=ActivityRecord{88827467 u0 com.whatsapp/.home.ui.HomeActivity t336})/@0x25b156b sb=Rect(0, 0 - 1264, 2780) eb=Rect(0, 0 - 1264, 2780) epz=Point(1264, 2780) d=0 bc=ff303030 component=com.whatsapp/.home.ui.HomeActivity opt={t=FROM_STYLE mUserId=0}}] 
03-01 10:05:01.119  3799  3872 D OplusTransitionController: extendInfo=[
03-01 10:05:01.119  3799  3872 D OplusTransitionController:  OplusTransitionExtendedInfo{mTmpFinishT=null, mInOplusCompatMode=false, mIsProcessRunning=false, mHasMismatchBoundsTarget=false, mRecentsController=null, mRemoteTransition=null, mIsTranslucentActivityToHome=false, mAvoidInterceptKeyEventToHome=false, mIsFromHome=false, mParentLeash=null, mBackAnimClosingLeash=null, mIsOplusAnimRes=false, mKeepBgForContinuous=false, mIsBalAllow=false, mTaskNotInRecent=false, mIsPredictiveBackAnim=false, mIsMergedWithPredictive=false, mIsLaunchFromSpruce=false, mIsLaunchFromDrive=false, mGlobalSearchPageSwitch=false, mNeedNoAlphaGlobalSearchScene=false, mAssistScreenShowing=false, mSwipeUpBrowserScreenShowing=false, mUserIdTransition=-1
03-01 10:05:01.119  3799  3872 D OplusTransitionController: , mInRemoteScene=false, mInPreReady=false, mPreStart=false, mToken=null, mAbortByRemoteFromHome=false, mShellApplyToken=null, mRequestTransitionTaskId=-1, mAbortTransitionOnShell=0, mStartFromShortcut=false, mRemovedTaskId=-1, mTransitionInterruptType=0, mMergeSecondTaskId=-1, mTaskIdStartFromRecents=0, mTransitionId=3423, mCanUseSpringSlideAnim=false, mTransitionLaunchFrom=0, mFoldChangeType=-1, mAnimStartingPosition=[0, 0, 0, 0], mIsOpeningStkDialogActivity=false, mSecondaryHomeToFrontWhenUnFolding=false, mIsNeedApplyStartTForEmbedded=false
03-01 10:05:01.119  3799  3872 D OplusTransitionController: , mNeedCanvasExitAnim=false, mMergeSecondTaskAnimation=false, mIsLaunchUnityStart=false, mIsLaunchFromAssistantByDefault=false, mSkipRemoteTransitionfalse, mIsStartFromKeyguard=false flags=0x0, mWCT=null, mIsOpenMergeToInValidPredictive=false}]}, targets : [ChangeInfo{2f7e72e container=ActivityRecord{20310081 u0 com.whatsapp/.conversation.conversationslist.ArchivedConversationsActivity t336 f}} flags=0x0}, ChangeInfo{791a2cf container=ActivityRecord{88827467 u0 com.whatsapp/.home.ui.HomeActivity t336} flags=0x0}], participants: {ActivityRecord{20310081 u0 com.whatsapp/.conversation.conversationslist.ArchivedConversationsActivity t336 f}}, ActivityRecord{88827467 u0 com.whatsapp/.home.ui.HomeActivity t336}}
03-01 10:05:01.120  5371 22265 V WindowManagerShell: onTransitionReady(transaction=16316581070701)
03-01 10:05:01.120  3799  3868 V WindowManager: Sent Transition (#3423) createdAt=03-01 10:05:01.082 via request=TransitionRequestInfo { type = CLOSE, triggerTask = null, pipChange = null, remoteTransition = null, displayChange = null, flags = 0, debugId = 3423 }
03-01 10:05:01.120  3799  3868 V WindowManager:     startWCT=WindowContainerTransaction { changes= {} hops= [] errorCallbackToken=null taskFragmentOrganizer=null }
03-01 10:05:01.120  5371  5405 V WindowManagerShell: onTransitionReady (#3423) android.os.BinderProxy@941edf7: {id=3423 t=CLOSE f=0x0 trk=0 r=[0@Point(0, 0)] c=[
03-01 10:05:01.120  5371  5405 V WindowManagerShell:         {m=CLOSE f=FILLS_TASK leash=Surface(name=ActivityRecord{20310081 u0 com.whatsapp/.conversation.conversationslist.ArchivedConversationsActivity t336})/@0xb9dc464 sb=Rect(0, 0 - 1264, 2780) eb=Rect(0, 0 - 1264, 2780) epz=Point(1264, 2780) d=0 bc=ff303030 component=com.whatsapp/.conversation.conversationslist.ArchivedConversationsActivity opt={t=FROM_STYLE mUserId=0}},
03-01 10:05:01.120  5371  5405 V WindowManagerShell:         {m=TO_FRONT f=FILLS_TASK leash=Surface(name=ActivityRecord{88827467 u0 com.whatsapp/.home.ui.HomeActivity t336})/@0xd5b46cd sb=Rect(0, 0 - 1264, 2780) eb=Rect(0, 0 - 1264, 2780) epz=Point(1264, 2780) d=0 bc=ff303030 component=com.whatsapp/.home.ui.HomeActivity opt={t=FROM_STYLE mUserId=0}}
03-01 10:05:01.120  5371  5405 V WindowManagerShell:     ] 
03-01 10:05:01.120  5371  5405 V WindowManagerShell: extendInfo=[
03-01 10:05:01.120  5371  5405 V WindowManagerShell:  OplusTransitionExtendedInfo{mTmpFinishT=null, mInOplusCompatMode=false, mIsProcessRunning=false, mHasMismatchBoundsTarget=false, mRecentsController=null, mRemoteTransition=null, mIsTranslucentActivityToHome=false, mAvoidInterceptKeyEventToHome=false, mIsFromHome=false, mParentLeash=null, mBackAnimClosingLeash=null, mIsOplusAnimRes=false, mKeepBgForContinuous=false, mIsBalAllow=false, mTaskNotInRecent=false, mIsPredictiveBackAnim=false, mIsMergedWithPredictive=false, mIsLaunchFromSpruce=false, mIsLaunchFromDrive=false, mGlobalSearchPageSwitch=false, mNeedNoAlphaGlobalSearchScene=false, mAssistScreenShowing=false, mSwipeUpBrowserScreenShowing=false, mUserIdTransition=-1
03-01 10:05:01.120  5371  5405 V WindowManagerShell: , mInRemoteScene=false, mInPreReady=false, mPreStart=false, mToken=null, mAbortByRemoteFromHome=false, mShellApplyToken=null, mRequestTransitionTaskId=-1, mAbortTransitionOnShell=0, mStartFromShortcut=false, mRemovedTaskId=-1, mTransitionInterruptType=0, mMergeSecondTaskId=-1, mTaskIdStartFromRecents=0, mTransitionId=3423, mCanUseSpringSlideAnim=false, mTransitionLaunchFrom=0, mFoldChangeType=-1, mAnimStartingPosition=[0, 0, 0, 0], mIsOpeningStkDialogActivity=false, mSecondaryHomeToFrontWhenUnFolding=false, mIsNeedApplyStartTForEmbedded=false
03-01 10:05:01.120  5371  5405 V WindowManagerShell: , mNeedCanvasExitAnim=false, mMergeSecondTaskAnimation=false, mIsLaunchUnityStart=false, mIsLaunchFromAssistantByDefault=false, mSkipRemoteTransitionfalse, mIsStartFromKeyguard=false flags=0x0, mWCT=null, mIsOpenMergeToInValidPredictive=false}]}
03-01 10:05:01.120  5371  5405 V WindowManagerShell: Playing animation for (#3423) android.os.BinderProxy@941edf7@0
03-01 10:05:01.120  5371  5405 V ShellRecents: RecentsTransitionHandler.startAnimation: no controller found
03-01 10:05:01.121  5371  5405 V WindowManagerShell: start OnePuttTransition animation, info = {id=3423 t=CLOSE f=0x0 trk=0 r=[0@Point(0, 0)] c=[{m=CLOSE f=FILLS_TASK leash=Surface(name=ActivityRecord{20310081 u0 com.whatsapp/.conversation.conversationslist.ArchivedConversationsActivity t336})/@0xb9dc464 sb=Rect(0, 0 - 1264, 2780) eb=Rect(0, 0 - 1264, 2780) epz=Point(1264, 2780) d=0 bc=ff303030 component=com.whatsapp/.conversation.conversationslist.ArchivedConversationsActivity opt={t=FROM_STYLE mUserId=0}},{m=TO_FRONT f=FILLS_TASK leash=Surface(name=ActivityRecord{88827467 u0 com.whatsapp/.home.ui.HomeActivity t336})/@0xd5b46cd sb=Rect(0, 0 - 1264, 2780) eb=Rect(0, 0 - 1264, 2780) epz=Point(1264, 2780) d=0 bc=ff303030 component=com.whatsapp/.home.ui.HomeActivity opt={t=FROM_STYLE mUserId=0}}] 
03-01 10:05:01.121  5371  5405 V WindowManagerShell: extendInfo=[
03-01 10:05:01.121  5371  5405 V WindowManagerShell:  OplusTransitionExtendedInfo{mTmpFinishT=null, mInOplusCompatMode=false, mIsProcessRunning=false, mHasMismatchBoundsTarget=false, mRecentsController=null, mRemoteTransition=null, mIsTranslucentActivityToHome=false, mAvoidInterceptKeyEventToHome=false, mIsFromHome=false, mParentLeash=null, mBackAnimClosingLeash=null, mIsOplusAnimRes=false, mKeepBgForContinuous=false, mIsBalAllow=false, mTaskNotInRecent=false, mIsPredictiveBackAnim=false, mIsMergedWithPredictive=false, mIsLaunchFromSpruce=false, mIsLaunchFromDrive=false, mGlobalSearchPageSwitch=false, mNeedNoAlphaGlobalSearchScene=false, mAssistScreenShowing=false, mSwipeUpBrowserScreenShowing=false, mUserIdTransition=-1
03-01 10:05:01.121  5371  5405 V WindowManagerShell: , mInRemoteScene=false, mInPreReady=false, mPreStart=false, mToken=null, mAbortByRemoteFromHome=false, mShellApplyToken=null, mRequestTransitionTaskId=-1, mAbortTransitionOnShell=0, mStartFromShortcut=false, mRemovedTaskId=-1, mTransitionInterruptType=0, mMergeSecondTaskId=-1, mTaskIdStartFromRecents=0, mTransitionId=3423, mCanUseSpringSlideAnim=false, mTransitionLaunchFrom=0, mFoldChangeType=-1, mAnimStartingPosition=[0, 0, 0, 0], mIsOpeningStkDialogActivity=false, mSecondaryHomeToFrontWhenUnFolding=false, mIsNeedApplyStartTForEmbedded=false
03-01 10:05:01.121  5371  5405 V WindowManagerShell: , mNeedCanvasExitAnim=false, mMergeSecondTaskAnimation=false, mIsLaunchUnityStart=false, mIsLaunchFromAssistantByDefault=false, mSkipRemoteTransitionfalse, mIsStartFromKeyguard=false flags=0x0, mWCT=null, mIsOpenMergeToInValidPredictive=false}]}
03-01 10:05:01.121  5371  5405 V WindowManagerShell: Transition doesn't have explicit remote, search filters for match for {id=3423 t=CLOSE f=0x0 trk=0 r=[0@Point(0, 0)] c=[{m=CLOSE f=FILLS_TASK leash=Surface(name=ActivityRecord{20310081 u0 com.whatsapp/.conversation.conversationslist.ArchivedConversationsActivity t336})/@0xb9dc464 sb=Rect(0, 0 - 1264, 2780) eb=Rect(0, 0 - 1264, 2780) epz=Point(1264, 2780) d=0 bc=ff303030 component=com.whatsapp/.conversation.conversationslist.ArchivedConversationsActivity opt={t=FROM_STYLE mUserId=0}},{m=TO_FRONT f=FILLS_TASK leash=Surface(name=ActivityRecord{88827467 u0 com.whatsapp/.home.ui.HomeActivity t336})/@0xd5b46cd sb=Rect(0, 0 - 1264, 2780) eb=Rect(0, 0 - 1264, 2780) epz=Point(1264, 2780) d=0 bc=ff303030 component=com.whatsapp/.home.ui.HomeActivity opt={t=FROM_STYLE mUserId=0}}] 
03-01 10:05:01.121  5371  5405 V WindowManagerShell: extendInfo=[
03-01 10:05:01.121  5371  5405 V WindowManagerShell:  OplusTransitionExtendedInfo{mTmpFinishT=null, mInOplusCompatMode=false, mIsProcessRunning=false, mHasMismatchBoundsTarget=false, mRecentsController=null, mRemoteTransition=null, mIsTranslucentActivityToHome=false, mAvoidInterceptKeyEventToHome=false, mIsFromHome=false, mParentLeash=null, mBackAnimClosingLeash=null, mIsOplusAnimRes=false, mKeepBgForContinuous=false, mIsBalAllow=false, mTaskNotInRecent=false, mIsPredictiveBackAnim=false, mIsMergedWithPredictive=false, mIsLaunchFromSpruce=false, mIsLaunchFromDrive=false, mGlobalSearchPageSwitch=false, mNeedNoAlphaGlobalSearchScene=false, mAssistScreenShowing=false, mSwipeUpBrowserScreenShowing=false, mUserIdTransition=-1
03-01 10:05:01.121  5371  5405 V WindowManagerShell: , mInRemoteScene=false, mInPreReady=false, mPreStart=false, mToken=null, mAbortByRemoteFromHome=false, mShellApplyToken=null, mRequestTransitionTaskId=-1, mAbortTransitionOnShell=0, mStartFromShortcut=false, mRemovedTaskId=-1, mTransitionInterruptType=0, mMergeSecondTaskId=-1, mTaskIdStartFromRecents=0, mTransitionId=3423, mCanUseSpringSlideAnim=false, mTransitionLaunchFrom=0, mFoldChangeType=-1, mAnimStartingPosition=[0, 0, 0, 0], mIsOpeningStkDialogActivity=false, mSecondaryHomeToFrontWhenUnFolding=false, mIsNeedApplyStartTForEmbedded=false
03-01 10:05:01.121  5371  5405 V WindowManagerShell: , mNeedCanvasExitAnim=false, mMergeSecondTaskAnimation=false, mIsLaunchUnityStart=false, mIsLaunchFromAssistantByDefault=false, mSkipRemoteTransitionfalse, mIsStartFromKeyguard=false flags=0x0, mWCT=null, mIsOpenMergeToInValidPredictive=false}]}
03-01 10:05:01.121  5371  5405 V WindowManagerShell:  Checking filter Pair{{types=[] flags=0x0] notFlags=0x100 checks=[{atype=home independent=true modes=[OPEN,TO_FRONT] flags=NONE mustBeTask=false order=TOP topActivity=ComponentInfo{com.android.launcher/com.android.launcher.Launcher} launchCookie=null windowingMode=undefined},{atype=standard independent=true modes=[CLOSE,TO_BACK] flags=NONE mustBeTask=false order=ANY topActivity=null launchCookie=null windowingMode=undefined}]} RemoteTransition { remoteTransition = android.window.IRemoteTransition$Stub$Proxy@aa9224d, appThread = android.app.IApplicationThread$Stub$Proxy@7054102, debugName = QuickstepLaunchHome }}
03-01 10:05:01.121  5371  5405 V WindowManagerShell:  Delegate animation for (#3423) to null
03-01 10:05:01.121  5371  5405 V WindowManagerShell: start default transition animation, info = {id=3423 t=CLOSE f=0x0 trk=0 r=[0@Point(0, 0)] c=[{m=CLOSE f=FILLS_TASK leash=Surface(name=ActivityRecord{20310081 u0 com.whatsapp/.conversation.conversationslist.ArchivedConversationsActivity t336})/@0xb9dc464 sb=Rect(0, 0 - 1264, 2780) eb=Rect(0, 0 - 1264, 2780) epz=Point(1264, 2780) d=0 bc=ff303030 component=com.whatsapp/.conversation.conversationslist.ArchivedConversationsActivity opt={t=FROM_STYLE mUserId=0}},{m=TO_FRONT f=FILLS_TASK leash=Surface(name=ActivityRecord{88827467 u0 com.whatsapp/.home.ui.HomeActivity t336})/@0xd5b46cd sb=Rect(0, 0 - 1264, 2780) eb=Rect(0, 0 - 1264, 2780) epz=Point(1264, 2780) d=0 bc=ff303030 component=com.whatsapp/.home.ui.HomeActivity opt={t=FROM_STYLE mUserId=0}}] 
03-01 10:05:01.121  5371  5405 V WindowManagerShell: extendInfo=[
03-01 10:05:01.121  5371  5405 V WindowManagerShell:  OplusTransitionExtendedInfo{mTmpFinishT=null, mInOplusCompatMode=false, mIsProcessRunning=false, mHasMismatchBoundsTarget=false, mRecentsController=null, mRemoteTransition=null, mIsTranslucentActivityToHome=false, mAvoidInterceptKeyEventToHome=false, mIsFromHome=false, mParentLeash=null, mBackAnimClosingLeash=null, mIsOplusAnimRes=false, mKeepBgForContinuous=false, mIsBalAllow=false, mTaskNotInRecent=false, mIsPredictiveBackAnim=false, mIsMergedWithPredictive=false, mIsLaunchFromSpruce=false, mIsLaunchFromDrive=false, mGlobalSearchPageSwitch=false, mNeedNoAlphaGlobalSearchScene=false, mAssistScreenShowing=false, mSwipeUpBrowserScreenShowing=false, mUserIdTransition=-1
03-01 10:05:01.121  5371  5405 V WindowManagerShell: , mInRemoteScene=false, mInPreReady=false, mPreStart=false, mToken=null, mAbortByRemoteFromHome=false, mShellApplyToken=null, mRequestTransitionTaskId=-1, mAbortTransitionOnShell=0, mStartFromShortcut=false, mRemovedTaskId=-1, mTransitionInterruptType=0, mMergeSecondTaskId=-1, mTaskIdStartFromRecents=0, mTransitionId=3423, mCanUseSpringSlideAnim=false, mTransitionLaunchFrom=0, mFoldChangeType=-1, mAnimStartingPosition=[0, 0, 0, 0], mIsOpeningStkDialogActivity=false, mSecondaryHomeToFrontWhenUnFolding=false, mIsNeedApplyStartTForEmbedded=false
03-01 10:05:01.121  5371  5405 V WindowManagerShell: , mNeedCanvasExitAnim=false, mMergeSecondTaskAnimation=false, mIsLaunchUnityStart=false, mIsLaunchFromAssistantByDefault=false, mSkipRemoteTransitionfalse, mIsStartFromKeyguard=false flags=0x0, mWCT=null, mIsOpenMergeToInValidPredictive=false}]}
03-01 10:05:01.122  5371  5405 V WindowManagerShell: loadAnimation: anim=android.view.animation.AnimationSet@2a4c2d0 animAttr=0x6 type=CLOSE isEntrance=true
03-01 10:05:01.122  5371  5405 V WindowManagerShell: loadAnimation: anim=android.view.animation.AnimationSet@422a4ef animAttr=0x7 type=CLOSE isEntrance=false
03-01 10:05:01.122  5371  5405 V WindowManagerShell:  animated by com.android.wm.shell.transition.DefaultTransitionHandler@2e2ef32
03-01 10:05:01.125  3799  3868 V WindowManager:     info={id=3423 t=CLOSE f=0x0 trk=0 r=[0@Point(0, 0)] c=[
03-01 10:05:01.125  3799  3868 V WindowManager:         {m=CLOSE f=FILLS_TASK leash=Surface(name=ActivityRecord{20310081 u0 com.whatsapp/.conversation.conversationslist.ArchivedConversationsActivity t336})/@0xbd2c85d sb=Rect(0, 0 - 1264, 2780) eb=Rect(0, 0 - 1264, 2780) epz=Point(1264, 2780) d=0 bc=ff303030 component=com.whatsapp/.conversation.conversationslist.ArchivedConversationsActivity opt={t=FROM_STYLE mUserId=0}},
03-01 10:05:01.125  3799  3868 V WindowManager:         {m=TO_FRONT f=FILLS_TASK leash=Surface(name=ActivityRecord{88827467 u0 com.whatsapp/.home.ui.HomeActivity t336})/@0x25b156b sb=Rect(0, 0 - 1264, 2780) eb=Rect(0, 0 - 1264, 2780) epz=Point(1264, 2780) d=0 bc=ff303030 component=com.whatsapp/.home.ui.HomeActivity opt={t=FROM_STYLE mUserId=0}}
03-01 10:05:01.125  3799  3868 V WindowManager:     ] 
03-01 10:05:01.125  3799  3868 V WindowManager: extendInfo=[
03-01 10:05:01.125  3799  3868 V WindowManager:  OplusTransitionExtendedInfo{mTmpFinishT=null, mInOplusCompatMode=false, mIsProcessRunning=false, mHasMismatchBoundsTarget=false, mRecentsController=null, mRemoteTransition=null, mIsTranslucentActivityToHome=false, mAvoidInterceptKeyEventToHome=false, mIsFromHome=false, mParentLeash=null, mBackAnimClosingLeash=null, mIsOplusAnimRes=false, mKeepBgForContinuous=false, mIsBalAllow=false, mTaskNotInRecent=false, mIsPredictiveBackAnim=false, mIsMergedWithPredictive=false, mIsLaunchFromSpruce=false, mIsLaunchFromDrive=false, mGlobalSearchPageSwitch=false, mNeedNoAlphaGlobalSearchScene=false, mAssistScreenShowing=false, mSwipeUpBrowserScreenShowing=false, mUserIdTransition=-1
03-01 10:05:01.125  3799  3868 V WindowManager: , mInRemoteScene=false, mInPreReady=false, mPreStart=false, mToken=null, mAbortByRemoteFromHome=false, mShellApplyToken=null, mRequestTransitionTaskId=-1, mAbortTransitionOnShell=0, mStartFromShortcut=false, mRemovedTaskId=-1, mTransitionInterruptType=0, mMergeSecondTaskId=-1, mTaskIdStartFromRecents=0, mTransitionId=3423, mCanUseSpringSlideAnim=false, mTransitionLaunchFrom=0, mFoldChangeType=-1, mAnimStartingPosition=[0, 0, 0, 0], mIsOpeningStkDialogActivity=false, mSecondaryHomeToFrontWhenUnFolding=false, mIsNeedApplyStartTForEmbedded=false
03-01 10:05:01.125  3799  3868 V WindowManager: , mNeedCanvasExitAnim=false, mMergeSecondTaskAnimation=false, mIsLaunchUnityStart=false, mIsLaunchFromAssistantByDefault=false, mSkipRemoteTransitionfalse, mIsStartFromKeyguard=false flags=0x0, mWCT=null, mIsOpenMergeToInValidPredictive=false}]}
03-01 10:05:01.130  3799  5772 I BLASTSyncEngine: onCommitted syncId: 3423, timeout: false ran: false
03-01 10:05:01.144  3799  4710 D InputMethodManagerService: isSecurity: attribute.packageName = com.whatsapp mCurMethodId = com.google.android.inputmethod.latin/com.android.inputmethod.latin.LatinIME isSecurity = false ( enable = false needShow = false inBlackList = false isExist = true )
03-01 10:05:01.146  3799  3885 I UserAwareMgr: fg app status not changed, beforeVisible: true, currentVisible: true
03-01 10:05:01.149  3799  5922 W PackageConfigPersister: App-specific configuration not found for packageName: com.whatsapp and userId: 0
03-01 10:05:01.149  3799  4836 V NetworkPolicy: updateNetworkEnabledNL() return
03-01 10:05:01.150  3799  4836 V NetworkPolicy: updateNotificationsNL not process
03-01 10:05:01.155  3799  4969 D NotificationService--OplusNotificationFixHelper: fixAppIcon: pkg=android
03-01 10:05:01.155  3799  4969 D NotificationService--OplusNotificationFixHelper: fixAppIcon: appIcon = null, pkg = android
03-01 10:05:01.155  3799  4969 I OplusStatusBarManagerServiceEnhance:  getTopIsFullscreen mTopIsFullscreen: false
03-01 10:05:01.158  3799  3799 D NotificationService--OplusNotificationManagerServiceExtImpl: isForwardToAssistants: false, case : Is in mMcsNotInterceptPkgList or is isSystemApp
03-01 10:05:01.158  3799  3799 D NotificationService: This application enqueue notifications is not need postDelayed
03-01 10:05:01.184  3799  5899 V WindowManager: Relayout Window{d24701a u0 ColorSideGestureRight_displayId_0}: viewVisibility=8, oldvis=0, req=192x3145 , apr = 0, vsysui=
03-01 10:05:01.184  3799  5899 I WindowManager: Window{d24701a u0 ColorSideGestureRight_displayId_0} state from HAS_DRAWN to NO_SURFACE; reason: destroySurface
03-01 10:05:01.186  3799  5899 D WindowManager: NFW_findFocusedWindowIfNeeded:Window{2524a88 u0 com.whatsapp/com.whatsapp.home.ui.HomeActivity} mCurrentFocus:Window{2524a88 u0 com.whatsapp/com.whatsapp.home.ui.HomeActivity}
03-01 10:05:01.379  3799  3947 D PowerManagerService: userActivityNoUpdateLocked: groupId=0, eventTime=149878803, event=touch, flags=0x0, uid=1000
03-01 10:05:01.382  3799  3947 D PowerManagerService: userActivityNoUpdateLocked: groupId=0, eventTime=149878803, event=touch, flags=0x0, uid=1000
03-01 10:05:01.522  3799  4676 V AlarmManager: sending alarm Alarm{fe82b90 type 3 origWhen 207031469 whenElapsed 207031469 android} uid 1000 whenElapsed 207031469 windowLength 0 maxWhenElapsed 207031469 repeatInterval 0 action null component null tag *job.delay* flags 0x0 procName system_server
03-01 10:05:01.528  3799  5129 D OAppNetControlService: Hans update:[10424=false][0|0] blackList:[10334, 10356, 10352, 10348, 10470, 10408, 10359, 10361, 10351, 10539, 10363, 10373, 10162, 10349, 10347, 10346, 10514]
03-01 10:05:01.537  3799  4676 V AlarmManager: sending alarm Alarm{56a948e type 3 origWhen 207028139 whenElapsed 207028139 com.google.android.gms} uid 10124 whenElapsed 207028139 windowLength 11249 maxWhenElapsed 207039388 repeatInterval 0 action com.google.android.gms.auth.authzen.cryptauth.DEVICE_STATE_CHECK_DELAY_COMPLETE component ComponentInfo{com.google.android.gms/com.google.android.gms.chimera.GmsIntentOperationService} flags 0x0 procName com.google.android.gms
03-01 10:05:01.540  3799  4676 D ActivityManager: Cancel freezing 9493 com.google.android.gms
03-01 10:05:01.541  3799  4676 D ActivityManager: Cancel freezing 17948 com.google.android.webview:sandboxed_process0:org.chromium.content.app.SandboxedProcessService0:0
03-01 10:05:01.541  3799  4676 V AlarmManager: sending alarm Alarm{7cc70bc type 3 origWhen 207028146 whenElapsed 207028146 com.google.android.gms} uid 99910124 whenElapsed 207028146 windowLength 11250 maxWhenElapsed 207039396 repeatInterval 0 action com.google.android.gms.auth.authzen.cryptauth.DEVICE_STATE_CHECK_DELAY_COMPLETE component ComponentInfo{com.google.android.gms/com.google.android.gms.chimera.GmsIntentOperationService} flags 0x0 procName com.google.android.gms
03-01 10:05:01.558  3799  5899 D LockSettingsService: [getSeparateProfileChallengeEnabled] userId = 999
03-01 10:05:01.584  5371  5405 V WindowManagerShell: Transition animation finished (aborted=false), notifying core (#3423) android.os.BinderProxy@941edf7@0
03-01 10:05:01.584  5371  5405 D SplitScreen-->AppLockManager: setStartFromSafeControl mStartFromSafeControl=false
03-01 10:05:01.588  3799  5899 D Transition: finishTransition ar ActivityRecord{20310081 u0 com.whatsapp/.conversation.conversationslist.ArchivedConversationsActivity t336 f}}, isVisibleRequested=false, state=STOPPING, visibleAtTransitionEndTokens={ActivityRecord{88827467 u0 com.whatsapp/.home.ui.HomeActivity t336}}, this=TransitionRecord{35253c1 id=3423 track=0 type=CLOSE flags=0x0 state=2 c=[
03-01 10:05:01.588  3799  5899 D Transition:    ChangeInfo{2f7e72e container=ActivityRecord{20310081 u0 com.whatsapp/.conversation.conversationslist.ArchivedConversationsActivity t336 f}} flags=0x0}
03-01 10:05:01.588  3799  5899 D Transition:    ChangeInfo{791a2cf container=ActivityRecord{88827467 u0 com.whatsapp/.home.ui.HomeActivity t336} flags=0x0}
03-01 10:05:01.588  3799  5899 D Transition:    ChangeInfo{7d8a766 container=Task{7118ee6 #336 type=standard A=10344:com.whatsapp} flags=0x0}
03-01 10:05:01.588  3799  5899 D Transition:    ChangeInfo{9248aa7 container=DefaultTaskDisplayArea@165361358 flags=0x0}
03-01 10:05:01.588  3799  5899 D Transition:    ChangeInfo{af81b54 container=Display{#0 state=ON size=1264x2780 ROTATION_0} flags=0x0}
03-01 10:05:01.588  3799  5899 D Transition: ]
03-01 10:05:01.588  3799  5899 D Transition: }
03-01 10:05:01.588  3799  5899 D ActivityTaskManager: commitVisibility: ActivityRecord{20310081 u0 com.whatsapp/.conversation.conversationslist.ArchivedConversationsActivity t336 f}}: visible=false visibleRequested=false, isInTransition=false 
03-01 10:05:01.588  3799  5899 D WindowManager: NFW_setClientVisible:ActivityRecord{20310081 u0 com.whatsapp/.conversation.conversationslist.ArchivedConversationsActivity t336 f}} clientVisible:false
03-01 10:05:01.590  3799  5899 I WindowManager: Window{6ae89ed u0 com.whatsapp/com.whatsapp.conversation.conversationslist.ArchivedConversationsActivity} state from HAS_DRAWN to DRAW_PENDING; reason: resetDrawState
03-01 10:05:01.590  3799  5899 D Transition: finishTransition ar ActivityRecord{88827467 u0 com.whatsapp/.home.ui.HomeActivity t336}, isVisibleRequested=true, state=RESUMED, visibleAtTransitionEndTokens={ActivityRecord{88827467 u0 com.whatsapp/.home.ui.HomeActivity t336}}, this=TransitionRecord{35253c1 id=3423 track=0 type=CLOSE flags=0x0 state=2 c=[
03-01 10:05:01.590  3799  5899 D Transition:    ChangeInfo{2f7e72e container=ActivityRecord{20310081 u0 com.whatsapp/.conversation.conversationslist.ArchivedConversationsActivity t336 f}} flags=0x0}
03-01 10:05:01.590  3799  5899 D Transition:    ChangeInfo{791a2cf container=ActivityRecord{88827467 u0 com.whatsapp/.home.ui.HomeActivity t336} flags=0x0}
03-01 10:05:01.590  3799  5899 D Transition:    ChangeInfo{7d8a766 container=Task{7118ee6 #336 type=standard A=10344:com.whatsapp} flags=0x0}
03-01 10:05:01.590  3799  5899 D Transition:    ChangeInfo{9248aa7 container=DefaultTaskDisplayArea@165361358 flags=0x0}
03-01 10:05:01.590  3799  5899 D Transition:    ChangeInfo{af81b54 container=Display{#0 state=ON size=1264x2780 ROTATION_0} flags=0x0}
03-01 10:05:01.590  3799  5899 D Transition: ]
03-01 10:05:01.590  3799  5899 D Transition: }
03-01 10:05:01.591  3799  5899 I OplusAppSwitchManagerService:  handleAppVisible , r = ActivityRecord{88827467 u0 com.whatsapp/.home.ui.HomeActivity t336}
03-01 10:05:01.592  3799  5899 D OplusTransitionController: finishTransition, transition: TransitionRecord{35253c1 id=3423 track=0 type=CLOSE flags=0x0 state=4 c=[
03-01 10:05:01.592  3799  5899 D OplusTransitionController:    ChangeInfo{2f7e72e container=ActivityRecord{20310081 u0 com.whatsapp/.conversation.conversationslist.ArchivedConversationsActivity t336 f}} flags=0x0}
03-01 10:05:01.592  3799  5899 D OplusTransitionController:    ChangeInfo{791a2cf container=ActivityRecord{88827467 u0 com.whatsapp/.home.ui.HomeActivity t336} flags=0x0}
03-01 10:05:01.592  3799  5899 D OplusTransitionController:    ChangeInfo{7d8a766 container=Task{7118ee6 #336 type=standard A=10344:com.whatsapp} flags=0x0}
03-01 10:05:01.592  3799  5899 D OplusTransitionController:    ChangeInfo{9248aa7 container=DefaultTaskDisplayArea@165361358 flags=0x0}
03-01 10:05:01.592  3799  5899 D OplusTransitionController:    ChangeInfo{af81b54 container=Display{#0 state=ON size=1264x2780 ROTATION_0} flags=0x0}
03-01 10:05:01.592  3799  5899 D OplusTransitionController: ]
03-01 10:05:01.592  3799  5899 D OplusTransitionController: }
03-01 10:05:01.593  3799  5899 D FlexibleTaskTransitionController:  finishTransition pendingRecentToFlexibleTask:null,isRotationTransition:false ,pendingRecentToFlexible:null ,transition:TransitionRecord{35253c1 id=3423 track=0 type=CLOSE flags=0x0 state=4 c=[
03-01 10:05:01.593  3799  5899 D FlexibleTaskTransitionController:    ChangeInfo{2f7e72e container=ActivityRecord{20310081 u0 com.whatsapp/.conversation.conversationslist.ArchivedConversationsActivity t336 f}} flags=0x0}
