03-01 10:05:01.593  3799  5899 D FlexibleTaskTransitionController:    ChangeInfo{791a2cf container=ActivityRecord{88827467 u0 com.whatsapp/.home.ui.HomeActivity t336} flags=0x0}
03-01 10:05:01.593  3799  5899 D FlexibleTaskTransitionController:    ChangeInfo{7d8a766 container=Task{7118ee6 #336 type=standard A=10344:com.whatsapp} flags=0x0}
03-01 10:05:01.593  3799  5899 D FlexibleTaskTransitionController:    ChangeInfo{9248aa7 container=DefaultTaskDisplayArea@165361358 flags=0x0}
03-01 10:05:01.593  3799  5899 D FlexibleTaskTransitionController:    ChangeInfo{af81b54 container=Display{#0 state=ON size=1264x2780 ROTATION_0} flags=0x0}
03-01 10:05:01.593  3799  5899 D FlexibleTaskTransitionController: ]
03-01 10:05:01.593  3799  5899 D FlexibleTaskTransitionController: }
03-01 10:05:01.594  3799  5899 D TransitionControllerExtImpl: NFW_send RECOMPUTE_FOCUS in finishTransition
03-01 10:05:01.594  3799  3885 W UserAwareMgr: event can not be released, id: 5005, count: 2, releasePid: 3799
03-01 10:05:01.595  5371  5405 D ShellTaskOrganizer: onTransitionFinish, isRecent:false
03-01 10:05:01.595  5371  5405 V WindowManagerShell: Track 0 became idle
03-01 10:05:01.595  5371  5405 V WindowManagerShell: All active transition animations finished
03-01 10:05:01.596  3799  3956 D VRR [OPlusRefreshRateService]:  setDirectorStates [flag: 1, state: 0, directorStateOff: 0]
03-01 10:05:01.596  3799  5899 D Transition: finishTransaction-onCommitted syncId=3423
03-01 10:05:01.601  3799  3871 D WindowManager: NFW_findFocusedWindowIfNeeded:Window{2524a88 u0 com.whatsapp/com.whatsapp.home.ui.HomeActivity} mCurrentFocus:Window{2524a88 u0 com.whatsapp/com.whatsapp.home.ui.HomeActivity}
03-01 10:05:01.605  3799  5416 V WindowManager: Relayout Window{6ae89ed u0 com.whatsapp/com.whatsapp.conversation.conversationslist.ArchivedConversationsActivity}: viewVisibility=8, oldvis=0, req=1264x2780 , apr = 0, vsysui=
03-01 10:05:01.607  3799  5416 D WindowManager: NFW_findFocusedWindowIfNeeded:Window{2524a88 u0 com.whatsapp/com.whatsapp.home.ui.HomeActivity} mCurrentFocus:Window{2524a88 u0 com.whatsapp/com.whatsapp.home.ui.HomeActivity}
03-01 10:05:01.607 23885 23885 D VRI[ArchivedConversationsActivity]: relayoutWindow result, sizeChanged:false, surfaceControlChanged:true, transformHintChanged:false, mSurfaceSize:Point(1264, 2780), mLastSurfaceSize:Point(1264, 2780), mWidth:1264, mHeight:2780, requestedWidth:1264, requestedHeight:2780, transformHint:0, installOrientation:0, displayRotation:0, isSurfaceValid:false, attr.flag:-2122252032, tmpFrames:ClientWindowFrames{frame=[0,0][1264,2780] display=[0,0][1264,2780] parentFrame=[0,0][0,0]}, relayoutAsync:false, mSyncSeqId:0
03-01 10:05:01.611  3799  5939 D CoreBackPreview: Window{6ae89ed u0 com.whatsapp/com.whatsapp.conversation.conversationslist.ArchivedConversationsActivity}: Setting back callback null
03-01 10:05:01.611  3799  5939 I WindowManager: Window{6ae89ed u0 com.whatsapp/com.whatsapp.conversation.conversationslist.ArchivedConversationsActivity} state from DRAW_PENDING to NO_SURFACE; reason: destroySurface
03-01 10:05:01.612  3799  5939 D WindowManager: NFW_findFocusedWindowIfNeeded:Window{2524a88 u0 com.whatsapp/com.whatsapp.home.ui.HomeActivity} mCurrentFocus:Window{2524a88 u0 com.whatsapp/com.whatsapp.home.ui.HomeActivity}
03-01 10:05:01.615  3799  4922 D BackgroundInstallControlService: Package event received: 0
03-01 10:05:01.615  3799  5939 D ActivityTaskManager: removeAppToken: ActivityRecord{20310081 u0 com.whatsapp/.conversation.conversationslist.ArchivedConversationsActivity t336 f}} delayed=false parent=Task{7118ee6 #336 type=standard A=10344:com.whatsapp} animating=false Callers=com.android.server.wm.DisplayContent.removeAppToken:1759 com.android.server.wm.ActivityRecord.removeFromHistory:4989 com.android.server.wm.ActivityRecord.destroyed:5079 com.android.server.wm.ActivityClientController.activityDestroyed:339 
03-01 10:05:01.650  3799  3885 I UserAwareMgr: fg app status not changed, beforeVisible: true, currentVisible: true
03-01 10:05:01.670  3799  3885 I UserAwareMgr: fg app status not changed, beforeVisible: true, currentVisible: true
03-01 10:05:01.855  3799  3947 D PowerManagerService: userActivityNoUpdateLocked: groupId=0, eventTime=149879278, event=touch, flags=0x0, uid=1000
03-01 10:05:01.857  3799  3947 D PowerManagerService: userActivityNoUpdateLocked: groupId=0, eventTime=149879278, event=touch, flags=0x0, uid=1000
03-01 10:05:01.926  3799  5899 D WindowManager: NFW_setClientVisible:ActivityRecord{174817516 u0 com.whatsapp/.status.playback.StatusPlaybackActivity clientVisible:true
03-01 10:05:01.927  3799  5899 D FlexibleTaskController: isSupportFlexibleWindow target = com.whatsapp/.status.playback.StatusPlaybackActivity callPkg = FlexibleTaskController support = true ,caller = 3799
03-01 10:05:01.928  3799  5899 D ActivityStarterExtImpl: checkOpMode: 0
03-01 10:05:01.929  3799  5899 D FlexibleWindowManagerService: isIgnoreAppearedAcrossTask:false
03-01 10:05:01.929  3799  5899 D ActivityStarterExtImpl: setForceUpdateWindow, targetTask = Task{7118ee6 #336 type=standard A=10344:com.whatsapp} r = ActivityRecord{174817516 u0 com.whatsapp/.status.playback.StatusPlaybackActivity t-1} notFinish =false
03-01 10:05:01.929  3799  5899 D FlexibleWindowManagerService: isIgnoreAppearedAcrossTask:false
03-01 10:05:01.929  3799  5899 D FlexibleTaskController: findSourceTaskForFreeForm: sourceRecord = ActivityRecord{88827467 u0 com.whatsapp/.home.ui.HomeActivity t336} ,realCallingPid:23885 ,launchFromZoomMode:false ,prevTopTask:Task{7118ee6 #336 type=standard A=10344:com.whatsapp}
03-01 10:05:01.929  3799  5899 D FlexibleTaskController: adjustOptionsForFlexibleTask not allow options follow process task's options, reason:8 ,reusedOptions:null
03-01 10:05:01.929  3799  5899 I InsensibleTaskController: adjustOptionsForInsensibleTask targetTask is resuse so not pureInsensibleOptions
03-01 10:05:01.930  3799  5899 D FlexibleTaskController: isSupportFlexibleWindow target = com.whatsapp/.status.playback.StatusPlaybackActivity callPkg = FlexibleTaskController support = true ,caller = 3799
03-01 10:05:01.930  3799  5899 D FlexibleWindowManagerService: no reused task found for ActivityRecord{174817516 u0 com.whatsapp/.status.playback.StatusPlaybackActivity t-1}
03-01 10:05:01.930  3799  5899 D ActivityStarterExtImpl: isLaunchingRootActivity = false
03-01 10:05:01.930  3799  5899 D ActivityStarterExtImpl: resume targetTask isVisibleRequested is true or in SkipCheckedList, need resume:targetTask=Task{7118ee6 #336 type=standard A=10344:com.whatsapp}
03-01 10:05:01.931  3799  5899 D SecondaryPageStartupPolicy: checkSecondaryPageStartupStatus not support sourcePackage=com.whatsapp
03-01 10:05:01.932  3799  5899 D OplusStartingWindowManager: we don't revise window flags for third app
03-01 10:05:01.932  3799  5899 D ActivityTaskManager: validateStartingWindowTheme:  Pkg=com.whatsapp, Translucent=true, Floating=false, ShowWallpaper=false, Disable=false, LaunchSource=4, Prev=null, LaunchedFromPackage=com.whatsapp
03-01 10:05:01.932  3799  5899 D ActivityTaskManager: addStartingWindow for ActivityRecord{174817516 u0 com.whatsapp/.status.playback.StatusPlaybackActivity t336}, mainWin=null, state=INITIALIZING, isKeyguardLocked=false, isKeyguardGoingAway=false
03-01 10:05:01.932  3799  5899 D ActivityTaskManager: getStartingWindowType: , newTask=false, taskSwitch=false, processRunning=true, allowTaskSnapshot=true, activityCreated=false, activityAllDrawn=false, snapshot exist: false
03-01 10:05:01.932  3799  5899 D ActivityRecordExtImpl: handleStartingWindowForCompactWindow origin type:0, adjustType : 0
03-01 10:05:01.932  3799  5899 D ActivityTaskManager: skip addStartingWindow due to resolvedTheme: 0, theme: 2132083844
03-01 10:05:01.932  3799  5899 D OplusWindowAnimationManager: applyNoAnimationForResumed resumed: ActivityRecord{88827467 u0 com.whatsapp/.home.ui.HomeActivity t336}
03-01 10:05:01.934  3799  5899 I ActivityTaskManager: START u0 {xflg=0x4 cmp=com.whatsapp/.status.playback.StatusPlaybackActivity (has extras) mCallingUid=10344} with LAUNCH_MULTIPLE from uid 10344 (sr=88827467) (BAL_ALLOW_VISIBLE_WINDOW (callingUid has visible window)) result code=0
03-01 10:05:01.934  5371  5405 V WindowManagerShell: Transition requested (#3424): android.os.BinderProxy@6a32263 TransitionRequestInfo { type = OPEN, triggerTask = TaskInfo{userId=0 taskId=336 effectiveUid=10344 displayId=0 isRunning=true baseIntent=Intent { flg=0x10000000 cmp=com.whatsapp/.home.ui.HomeActivity mCallingUid=10344 } baseActivity=ComponentInfo{com.whatsapp/com.whatsapp.home.ui.HomeActivity} topActivity=ComponentInfo{com.whatsapp/com.whatsapp.status.playback.StatusPlaybackActivity} origActivity=null realActivity=ComponentInfo{com.whatsapp/com.whatsapp.home.ui.HomeActivity}
03-01 10:05:01.934  5371  5405 V WindowManagerShell:  numActivities=2 lastActiveTime=207031879 supportsSplitScreenMultiWindow=true supportsMultiWindow=true supportsPocketStudioMultiWindow=true isInFlexibleEmbedded = false uid = 10344 pid = 0 resizeMode=1 isResizeable=true minWidth=-1 minHeight=-1 defaultMinSize=220 token=WCT{android.window.IWindowContainerToken$Stub$Proxy@381fe60} topActivityType=1 pictureInPictureParams=null shouldDockBigOverlays=false launchIntoPipHostTaskId=-1 lastParentTaskIdBeforePip=-1 displayCutoutSafeInsets=Rect(0, 0 - 0, 0)
03-01 10:05:01.934  5371  5405 V WindowManagerShell:  topActivityInfo=ActivityInfo{81abf19 com.whatsapp.status.playback.StatusPlaybackActivity} launchCookies=[] positionInParent=Point(0, 0) parentTaskId=-1 isFocused=true isVisible=true isVisibleRequested=true isTopActivityNoDisplay=false isSleeping=false locusId=null displayAreaFeatureId=1 isTopActivityTransparent=true isActivityStackTransparent=false lastNonFullscreenBounds=Rect(323, 800 - 941, 2064) capturedLink=null capturedLinkTimestamp=0 requestedVisibleTypes=-9 topActivityRequestOpenInBrowserEducationTimestamp=0
03-01 10:05:01.934  5371  5405 V WindowManagerShell:  appCompatTaskInfo=AppCompatTaskInfo { topActivityInSizeCompat=false topActivityInOplusCompatMode=false eligibleForLetterboxEducation= false isLetterboxEducationEnabled= false isLetterboxDoubleTapEnabled= false eligibleForUserAspectRatioButton= false topActivityBoundsLetterboxed= false isFromLetterboxDoubleTap= false topActivityLetterboxVerticalPosition= -1 topActivityLetterboxHorizontalPosition= -1 topActivityLetterboxWidth=-1 topActivityLetterboxHeight=-1 topActivityAppBounds=Rect(0, 0 - 1264, 2780) isUserFullscreenOverrideEnabled=false isSystemFullscreenOverrideEnabled=false hasMinAspectRatioOverride=false topActivityLetterboxBounds=null cameraCompatTaskInfo=CameraCompatTaskInfo { freeformCameraCompatMode=inactive}} topActivityMainWindowFrame=null topActivityLetterboxInsets=Rect(0, 0 - 0, 0)
03-01 10:05:01.934  5371  5405 V WindowManagerShell:  mOplusExtraBundle = Bundle[mParcelledData.dataSize=1528]}, pipChange = null, remoteTransition = null, displayChange = null, flags = 0, debugId = 3424 }
03-01 10:05:01.934  5371  5405 D ShellSplitScreen: logExit: no-op, mLoggerSessionId is null
03-01 10:05:01.937  3799  3872 I TaskOrganizerController: onTaskInfoChanged taskid 336 config { mBounds=Rect(0, 0 - 1264, 2780) mAppBounds=Rect(0, 0 - 1264, 2780) mMaxBounds=Rect(0, 0 - 1264, 2780) mDisplayRotation=ROTATION_0 mWindowingMode=fullscreen mActivityType=standard mAlwaysOnTop=undefined mRotation=ROTATION_0}
03-01 10:05:01.937  3799  3872 D OplusFlexibleDragToSplitAnimController: visibleFlexibleTaskInfos delete:336
03-01 10:05:01.937  3799  3872 E FlexibleWindowManagerService: notifyTaskObserverToAttachController not need to notify!
03-01 10:05:01.937  3799  3872 I FlexibleWindowManagerService: onFlexibleWindowTaskInfoChanged, return for cur task not embedded
03-01 10:05:01.938  3799  5899 I OplusAccessController: enter isIgnoreAppSwitchActivity
03-01 10:05:01.938  3799  5899 I OplusAccessController: enter isIgnoreAppSwitchActivity and intent != null
03-01 10:05:01.938  3799  5899 I OplusAccessController: enter isIgnoreAppSwitchActivity and componentName != null
03-01 10:05:01.938  3799  5899 I OplusAccessController: enter isIgnoreAppSwitchActivity and packageName&activity is not Empty
03-01 10:05:01.938  3799  5899 D RefreshRate: Trigger app switch boost, ar=ActivityRecord{174817516 u0 com.whatsapp/.status.playback.StatusPlaybackActivity t336},currDisplayRate=120.00001,boostId=3
03-01 10:05:01.938  3799  5899 D RefreshRate: setDisplayConfigSpecs complete: targetMode={id=1, width=1264, height=2780, fps=120.00001, vsync=120.00001, synthetic=false, alternativeRefreshRates=[60.000004, 90.0], supportedHdrTypes=[1, 2, 3, 4]},srcMode={id=1, width=1264, height=2780, fps=120.00001, vsync=120.00001, synthetic=false, alternativeRefreshRates=[60.000004, 90.0], supportedHdrTypes=[1, 2, 3, 4]},sfModId=0,rate=120.00001
03-01 10:05:01.938  3799  5899 D RefreshRate: startAppSwitchBoost targetMode={id=1, width=1264, height=2780, fps=120.00001, vsync=120.00001, synthetic=false, alternativeRefreshRates=[60.000004, 90.0], supportedHdrTypes=[1, 2, 3, 4]} record=ActivityRecord{174817516 u0 com.whatsapp/.status.playback.StatusPlaybackActivity t336}: votes=PRIORITY_START_ANIMATION_BOOST -> Vote{mRefreshRate=120.0, mMinRefreshRate=120.0, mRequestSource=null};PRIORITY_WINDOW_REQUEST -> Vote{mRefreshRate=120.0, mMinRefreshRate=120.0, mRequestSource=null};
03-01 10:05:01.938  3799  3956 D RefreshRate: do setDisplayConfigSpecs  
03-01 10:05:01.938  3799  5899 I ActivityTaskManager: The Process com.whatsapp Already Exists in BG. So sending its PID: 23885
03-01 10:05:01.939  3799  3956 D DisplayModeDirector: setAppRequest displayId : 0  modeId: 1  requestedRefreshRate: 120.00001  requestedMinRefreshRateRange: 120.00001  requestedMaxRefreshRateRange: 120.00001
03-01 10:05:01.939  3799  5899 D ActivityTaskManager: setAppVisibility(Token{aef9ebb ActivityRecord{174817516 u0 com.whatsapp/.status.playback.StatusPlaybackActivity t336}}, visible=true):  visible=false mVisibleRequested=false
03-01 10:05:01.939  3799  5899 D ActivityTaskManager: setVisibility(Token{aef9ebb ActivityRecord{174817516 u0 com.whatsapp/.status.playback.StatusPlaybackActivity t336}}, visible=true) defer commitVisibility for transition collecting
03-01 10:05:01.939  3799  5899 D FlexibleTaskController: isFullToFlexibleAnimating: false
03-01 10:05:01.939  3799  5899 D WindowManager: rotation(ROTATION_0) no changed  displayId = 0, lastOrientation = -1
03-01 10:05:01.939  3799  4922 D BackgroundInstallControlService: Package event received: 0
03-01 10:05:01.940  3799  5899 I TaskOrganizerController: onTaskInfoChanged taskid 336 config { mBounds=Rect(0, 0 - 1264, 2780) mAppBounds=Rect(0, 0 - 1264, 2780) mMaxBounds=Rect(0, 0 - 1264, 2780) mDisplayRotation=ROTATION_0 mWindowingMode=fullscreen mActivityType=standard mAlwaysOnTop=undefined mRotation=ROTATION_0}
03-01 10:05:01.940  3799  5899 D OplusVisibleTasks:  notifyTasksNumChange no need to notify.
03-01 10:05:01.940  3799  5899 D OplusFlexibleDragToSplitAnimController: visibleFlexibleTaskInfos delete:336
03-01 10:05:01.940  3799  5899 E FlexibleWindowManagerService: notifyTaskObserverToAttachController not need to notify!
03-01 10:05:01.940  3799  5899 I FlexibleWindowManagerService: onFlexibleWindowTaskInfoChanged, return for cur task not embedded
03-01 10:05:01.940  3799  5899 D ActivityTaskManager: setAppVisibility(Token{aef9ebb ActivityRecord{174817516 u0 com.whatsapp/.status.playback.StatusPlaybackActivity t336}}, visible=true):  visible=false mVisibleRequested=true
03-01 10:05:01.940  3799  5899 D ActivityTaskManager: setVisibility(Token{aef9ebb ActivityRecord{174817516 u0 com.whatsapp/.status.playback.StatusPlaybackActivity t336}}, visible=true) defer commitVisibility for transition collecting
03-01 10:05:01.940  3799  5899 D OplusDexOptimizeManager: basepath == oldPackagePath! com.whatsapp
03-01 10:05:01.940  3799  5899 D OplusFeatureColorMode: ColorMode getColorMode =0
03-01 10:05:01.940  3799  5899 D ColorDisplayServiceExtImpl: getWCGVersion1App, packageName=com.whatsapp, sSupportWCG1 = true, sSupportWCG3 = false, nRet = 0
03-01 10:05:01.941  3799  5899 D ActivityTaskManager: NFW_setLastResumedActivityUncheckLocked:true r:ActivityRecord{174817516 u0 com.whatsapp/.status.playback.StatusPlaybackActivity t336} currentFocus:Window{2524a88 u0 com.whatsapp/com.whatsapp.home.ui.HomeActivity}
03-01 10:05:01.941  3799  5899 D WindowManager: NFW_findFocusedWindowIfNeeded:null mCurrentFocus:Window{2524a88 u0 com.whatsapp/com.whatsapp.home.ui.HomeActivity}
03-01 10:05:01.941  3799  5899 V WindowManager: Changing focus from Window{2524a88 u0 com.whatsapp/com.whatsapp.home.ui.HomeActivity} to null,diplayid=0
03-01 10:05:01.943  3799  5634 D OplusAppSwitchRuleInfo: generateActivityEnterInfo - launch_source_type =  , launch_source_traceid = 
03-01 10:05:01.943  3799  5899 D DisplayModeDirector: setAppRequest displayId : 0  modeId: 1  requestedRefreshRate: 0.0  requestedMinRefreshRateRange: 0.0  requestedMaxRefreshRateRange: 120.00001
03-01 10:05:01.944  3799  3956 D VRR [OPlusRefreshRateService]:  setDirectorStates [flag: 1, state: 1, directorStateOff: 1]
03-01 10:05:01.947 23885 23885 D ResourcesManagerExtImpl: applyConfigurationToAppResourcesLocked app.getDisplayId() return callback.displayId:0
03-01 10:05:01.948  3799  3871 D FlexibleTaskController: not in list
03-01 10:05:01.950 23885 23885 D OplusPredictiveBackController: should not HookOnBackInvokedCallbackEnabled for application com.whatsapp.status.playback.StatusPlaybackActivity@dde8c7c hasOnBackInvokedCallBackEnabled
03-01 10:05:01.950 23885 23885 D OplusPredictiveBackController: should not HookOnBackInvokedCallbackEnabled for application com.whatsapp.status.playback.StatusPlaybackActivity@dde8c7c hasOnBackInvokedCallBackEnabled
03-01 10:05:01.950  3799  4922 D BackgroundInstallControlService: Package event received: 0
03-01 10:05:01.953  3799  3872 I TaskOrganizerController: onTaskInfoChanged taskid 336 config { mBounds=Rect(0, 0 - 1264, 2780) mAppBounds=Rect(0, 0 - 1264, 2780) mMaxBounds=Rect(0, 0 - 1264, 2780) mDisplayRotation=ROTATION_0 mWindowingMode=fullscreen mActivityType=standard mAlwaysOnTop=undefined mRotation=ROTATION_0}
03-01 10:05:01.954  3799  3872 D OplusFlexibleDragToSplitAnimController: visibleFlexibleTaskInfos delete:336
03-01 10:05:01.954  3799  3872 E FlexibleWindowManagerService: notifyTaskObserverToAttachController not need to notify!
03-01 10:05:01.954  3799  3872 I FlexibleWindowManagerService: onFlexibleWindowTaskInfoChanged, return for cur task not embedded
03-01 10:05:01.954 23885 23885 D ActivityThread: ComponentInfo{com.whatsapp/com.whatsapp.status.playback.StatusPlaybackActivity} checkFinished=false 2
03-01 10:05:01.954 23885 23885 D ResourcesManagerExtImpl: applyConfigurationToAppResourcesLocked app.getDisplayId() return callback.displayId:0
03-01 10:05:01.956 23885 23885 D InsetsController: Setting requestedVisibleTypes to -14 (was -9)
03-01 10:05:01.958  3799  5899 I WindowManager: addWindow: New client android.os.BinderProxy@c6fd1c : window=Window{5807d25 u0 com.whatsapp/com.whatsapp.status.playback.StatusPlaybackActivity}
03-01 10:05:01.959  3799  5922 I TaskOrganizerController: onTaskInfoChanged taskid 336 config { mBounds=Rect(0, 0 - 1264, 2780) mAppBounds=Rect(0, 0 - 1264, 2780) mMaxBounds=Rect(0, 0 - 1264, 2780) mDisplayRotation=ROTATION_0 mWindowingMode=fullscreen mActivityType=standard mAlwaysOnTop=undefined mRotation=ROTATION_0}
03-01 10:05:01.959 23885 23885 D ResourcesManagerExtImpl: applyConfigurationToAppResourcesLocked app.getDisplayId() return callback.displayId:0
03-01 10:05:01.959  3799  5922 D OplusFlexibleDragToSplitAnimController: visibleFlexibleTaskInfos delete:336
03-01 10:05:01.959  3799  5922 E FlexibleWindowManagerService: notifyTaskObserverToAttachController not need to notify!
03-01 10:05:01.959  3799  5922 I FlexibleWindowManagerService: onFlexibleWindowTaskInfoChanged, return for cur task not embedded
03-01 10:05:01.960 23885 23885 D OplusPredictiveBackController: should not HookOnBackInvokedCallbackEnabled for application com.whatsapp.status.playback.StatusPlaybackActivity@dde8c7c hasOnBackInvokedCallBackEnabled
03-01 10:05:01.960 23885 23885 D OplusPredictiveBackController: should not HookOnBackInvokedCallbackEnabled for application com.whatsapp.status.playback.StatusPlaybackActivity@dde8c7c hasOnBackInvokedCallBackEnabled
03-01 10:05:01.960  3799  5899 D CoreBackPreview: Window{5807d25 u0 com.whatsapp/com.whatsapp.status.playback.StatusPlaybackActivity}: Setting back callback OnBackInvokedCallbackInfo{mCallback=android.window.IOnBackInvokedCallback$Stub$Proxy@c41acab, mPriority=0, mIsAnimationCallback=false, mOverrideBehavior=0}
03-01 10:05:01.960  3799  5922 V WindowManager: Relayout Window{5807d25 u0 com.whatsapp/com.whatsapp.status.playback.StatusPlaybackActivity}: viewVisibility=0, oldvis=4, req=1264x2780 , apr = 0, vsysui=LAYOUT_STABLE LAYOUT_HIDE_NAVIGATION, x=0, y=0
03-01 10:05:01.961  3799  5922 I WindowManager: Window{5807d25 u0 com.whatsapp/com.whatsapp.status.playback.StatusPlaybackActivity} state from NO_SURFACE to DRAW_PENDING; reason: resetDrawState
03-01 10:05:01.962  3799  5922 D WindowManager: NFW_findFocusedWindowIfNeeded:Window{5807d25 u0 com.whatsapp/com.whatsapp.status.playback.StatusPlaybackActivity} mCurrentFocus:null
03-01 10:05:01.962  3799  5922 V WindowManager: Changing focus from null to Window{5807d25 u0 com.whatsapp/com.whatsapp.status.playback.StatusPlaybackActivity},diplayid=0
03-01 10:05:01.963  3799  5922 D WindowManager: BarWindow--setVisible: id=1, oldState=0, state=2, mFocuseWindow= Window{5807d25 u0 com.whatsapp/com.whatsapp.status.playback.StatusPlaybackActivity} call: 
03-01 10:05:01.963  3799  5922 I OplusStatusBarManagerServiceEnhance:  topIsFullscreen fullscreen: true
03-01 10:05:01.964 23885 23885 D VRI[StatusPlaybackActivity]: relayoutWindow result, sizeChanged:true, surfaceControlChanged:true, transformHintChanged:false, mSurfaceSize:Point(1264, 2780), mLastSurfaceSize:Point(0, 0), mWidth:-1, mHeight:-1, requestedWidth:1264, requestedHeight:2780, transformHint:0, installOrientation:0, displayRotation:0, isSurfaceValid:true, attr.flag:-1988033152, tmpFrames:ClientWindowFrames{frame=[0,0][1264,2780] display=[0,0][1264,2780] parentFrame=[0,0][0,0]}, relayoutAsync:false, mSyncSeqId:0
03-01 10:05:01.964 23885 23885 W VRI[StatusPlaybackActivity]: updateBlastSurfaceIfNeeded, surfaceSize:Point(1264, 2780), lastSurfaceSize:Point(0, 0), format:-2, blastBufferQueue:null
03-01 10:05:01.968  3799  5922 D WindowManager: onSyncFinishedDrawing: Window{5807d25 u0 com.whatsapp/com.whatsapp.status.playback.StatusPlaybackActivity}
03-01 10:05:01.968  3799  5922 I WindowManager: finishDrawing skipLayout:false,syncSeqId=0,mPrepareSyncSeqId=0 Window{5807d25 u0 com.whatsapp/com.whatsapp.status.playback.StatusPlaybackActivity} com.android.server.wm.WindowManagerService.finishDrawingWindow:3192 com.android.server.wm.Session.finishDrawing:369 android.view.IWindowSession$Stub.onTransact:793 
03-01 10:05:01.968  3799  5922 I WindowManager: Window{5807d25 u0 com.whatsapp/com.whatsapp.status.playback.StatusPlaybackActivity} state from DRAW_PENDING to COMMIT_DRAW_PENDING; reason: finishDrawingLocked
03-01 10:05:01.969  3799  3872 I WindowManager: Window{5807d25 u0 com.whatsapp/com.whatsapp.status.playback.StatusPlaybackActivity} state from COMMIT_DRAW_PENDING to READY_TO_SHOW; reason: commitFinishDrawingLocked
03-01 10:05:01.969  3799  3872 D CoreBackPreview:  return markWindowHasDrawn mComposed: false  mWaitTransition: false
03-01 10:05:01.969  3799  3872 D ActivityTaskManager: Clearing startingData for activity=ActivityRecord{174817516 u0 com.whatsapp/.status.playback.StatusPlaybackActivity t336} mStartingData=null mStartingSurface=null
03-01 10:05:01.969  3799  3872 D QuickBackInputPolicy: setAppLaunchEndTime update timePair=Pair{ActivityRecord{174817516 u0 com.whatsapp/.status.playback.StatusPlaybackActivity t336} 149879397}
03-01 10:05:01.970  3799  3872 D OplusAONSmartDim: onWakeLockAcquireLocked: lock=190181267, flags=0x2000000a, packageName=android, tag="WindowManager/displayId:0", ws=WorkSource{10344 com.whatsapp}, uid=1000, pid=3799
03-01 10:05:01.970  3799  3872 D ActivityTaskManager: commitVisibility: ActivityRecord{174817516 u0 com.whatsapp/.status.playback.StatusPlaybackActivity t336}: visible=true visibleRequested=true, isInTransition=true 
03-01 10:05:01.970  3799  3872 D CoreBackPreview:  return markWindowHasDrawn mComposed: false  mWaitTransition: false
03-01 10:05:01.970  3799  3872 D ActivityTaskManager: Clearing startingData for activity=ActivityRecord{174817516 u0 com.whatsapp/.status.playback.StatusPlaybackActivity t336} mStartingData=null mStartingSurface=null
03-01 10:05:01.970  3799  3872 I WindowManager: Window{5807d25 u0 com.whatsapp/com.whatsapp.status.playback.StatusPlaybackActivity} state from READY_TO_SHOW to HAS_DRAWN; reason: performShowLocked
03-01 10:05:01.971  3799  3872 D CoreBackPreview:  return markWindowHasDrawn mComposed: false  mWaitTransition: false
03-01 10:05:01.971  3799  3872 E OplusAppQuickStart_AppQuickStartController: not start from launcher transition:3424
03-01 10:05:01.971  3799  3872 D Transition: collectOrderChanges onTopTasksEnd: [Task{7118ee6 #336 type=standard A=10344:com.whatsapp}], reportedOnTop:null, mOnTopTasksStart: [Task{7118ee6 #336 type=standard A=10344:com.whatsapp}], TDA child: [Task{d378858 #2 type=undefined}, Task{9857966 #1 type=home}, Task{8f5840 #331 type=standard A=10564:com.instagram.android}, Task{7118ee6 #336 type=standard A=10344:com.whatsapp}]
03-01 10:05:01.971  3799  3872 D OplusFlexibleActivityTransitionManager: fixTransitType type result:1, targets: [ChangeInfo{bcc7720 container=ActivityRecord{174817516 u0 com.whatsapp/.status.playback.StatusPlaybackActivity t336} flags=0x0}]
03-01 10:05:01.972  3799  3872 D OplusTransitionAnimationManager: activityRecordCount0fullScreenArBeHindStartingWindow null
03-01 10:05:01.973  3799  3872 D QuickBackInputPolicy: resetInputInterceptState for remoteTransition: false
03-01 10:05:01.973  3799  3872 D OplusTransitionController: onTransactionReady, transition: 3424, info: {id=3424 t=OPEN f=0x0 trk=0 r=[0@Point(0, 0)] c=[{m=OPEN f=TRANSLUCENT|FILLS_TASK leash=Surface(name=ActivityRecord{174817516 u0 com.whatsapp/.status.playback.StatusPlaybackActivity t336})/@0xca2329e sb=Rect(0, 0 - 0, 0) eb=Rect(0, 0 - 1264, 2780) epz=Point(1264, 2780) d=-1->0 r=-1->0:-1 bc=ff303030 component=com.whatsapp/.status.playback.StatusPlaybackActivity opt={t=FROM_STYLE mUserId=0}}] 
03-01 10:05:01.973  3799  3872 D OplusTransitionController: extendInfo=[
03-01 10:05:01.973  3799  3872 D OplusTransitionController:  OplusTransitionExtendedInfo{mTmpFinishT=null, mInOplusCompatMode=false, mIsProcessRunning=false, mHasMismatchBoundsTarget=false, mRecentsController=null, mRemoteTransition=null, mIsTranslucentActivityToHome=false, mAvoidInterceptKeyEventToHome=false, mIsFromHome=false, mParentLeash=null, mBackAnimClosingLeash=null, mIsOplusAnimRes=false, mKeepBgForContinuous=false, mIsBalAllow=false, mTaskNotInRecent=false, mIsPredictiveBackAnim=false, mIsMergedWithPredictive=false, mIsLaunchFromSpruce=false, mIsLaunchFromDrive=false, mGlobalSearchPageSwitch=false, mNeedNoAlphaGlobalSearchScene=false, mAssistScreenShowing=false, mSwipeUpBrowserScreenShowing=false, mUserIdTransition=-1
03-01 10:05:01.973  3799  3872 D OplusTransitionController: , mInRemoteScene=false, mInPreReady=false, mPreStart=false, mToken=null, mAbortByRemoteFromHome=false, mShellApplyToken=null, mRequestTransitionTaskId=336, mAbortTransitionOnShell=0, mStartFromShortcut=false, mRemovedTaskId=-1, mTransitionInterruptType=0, mMergeSecondTaskId=-1, mTaskIdStartFromRecents=0, mTransitionId=3424, mCanUseSpringSlideAnim=false, mTransitionLaunchFrom=0, mFoldChangeType=-1, mAnimStartingPosition=[0, 0, 0, 0], mIsOpeningStkDialogActivity=false, mSecondaryHomeToFrontWhenUnFolding=false, mIsNeedApplyStartTForEmbedded=false
03-01 10:05:01.973  3799  3872 D OplusTransitionController: , mNeedCanvasExitAnim=false, mMergeSecondTaskAnimation=false, mIsLaunchUnityStart=false, mIsLaunchFromAssistantByDefault=false, mSkipRemoteTransitionfalse, mIsStartFromKeyguard=false flags=0x0, mWCT=null, mIsOpenMergeToInValidPredictive=false}]}, targets : [ChangeInfo{bcc7720 container=ActivityRecord{174817516 u0 com.whatsapp/.status.playback.StatusPlaybackActivity t336} flags=0x0}], participants: {ActivityRecord{174817516 u0 com.whatsapp/.status.playback.StatusPlaybackActivity t336}}
03-01 10:05:01.974  5371   999 V WindowManagerShell: onTransitionReady(transaction=16316581070729)
03-01 10:05:01.974  5371  5405 V WindowManagerShell: onTransitionReady (#3424) android.os.BinderProxy@6a32263: {id=3424 t=OPEN f=0x0 trk=0 r=[0@Point(0, 0)] c=[
03-01 10:05:01.974  5371  5405 V WindowManagerShell:         {m=OPEN f=TRANSLUCENT|FILLS_TASK leash=Surface(name=ActivityRecord{174817516 u0 com.whatsapp/.status.playback.StatusPlaybackActivity t336})/@0xff32bde sb=Rect(0, 0 - 0, 0) eb=Rect(0, 0 - 1264, 2780) epz=Point(1264, 2780) d=-1->0 r=-1->0:-1 bc=ff303030 component=com.whatsapp/.status.playback.StatusPlaybackActivity opt={t=FROM_STYLE mUserId=0}}
03-01 10:05:01.974  5371  5405 V WindowManagerShell:     ] 
03-01 10:05:01.974  5371  5405 V WindowManagerShell: extendInfo=[
03-01 10:05:01.974  5371  5405 V WindowManagerShell:  OplusTransitionExtendedInfo{mTmpFinishT=null, mInOplusCompatMode=false, mIsProcessRunning=false, mHasMismatchBoundsTarget=false, mRecentsController=null, mRemoteTransition=null, mIsTranslucentActivityToHome=false, mAvoidInterceptKeyEventToHome=false, mIsFromHome=false, mParentLeash=null, mBackAnimClosingLeash=null, mIsOplusAnimRes=false, mKeepBgForContinuous=false, mIsBalAllow=false, mTaskNotInRecent=false, mIsPredictiveBackAnim=false, mIsMergedWithPredictive=false, mIsLaunchFromSpruce=false, mIsLaunchFromDrive=false, mGlobalSearchPageSwitch=false, mNeedNoAlphaGlobalSearchScene=false, mAssistScreenShowing=false, mSwipeUpBrowserScreenShowing=false, mUserIdTransition=-1
03-01 10:05:01.974  5371  5405 V WindowManagerShell: , mInRemoteScene=false, mInPreReady=false, mPreStart=false, mToken=null, mAbortByRemoteFromHome=false, mShellApplyToken=null, mRequestTransitionTaskId=336, mAbortTransitionOnShell=0, mStartFromShortcut=false, mRemovedTaskId=-1, mTransitionInterruptType=0, mMergeSecondTaskId=-1, mTaskIdStartFromRecents=0, mTransitionId=3424, mCanUseSpringSlideAnim=false, mTransitionLaunchFrom=0, mFoldChangeType=-1, mAnimStartingPosition=[0, 0, 0, 0], mIsOpeningStkDialogActivity=false, mSecondaryHomeToFrontWhenUnFolding=false, mIsNeedApplyStartTForEmbedded=false
03-01 10:05:01.974  5371  5405 V WindowManagerShell: , mNeedCanvasExitAnim=false, mMergeSecondTaskAnimation=false, mIsLaunchUnityStart=false, mIsLaunchFromAssistantByDefault=false, mSkipRemoteTransitionfalse, mIsStartFromKeyguard=false flags=0x0, mWCT=null, mIsOpenMergeToInValidPredictive=false}]}
03-01 10:05:01.974  5371  5405 V WindowManagerShell: Playing animation for (#3424) android.os.BinderProxy@6a32263@0
03-01 10:05:01.974  5371  5405 V ShellRecents: RecentsTransitionHandler.startAnimation: no controller found
03-01 10:05:01.974  5371  5405 V WindowManagerShell: start OnePuttTransition animation, info = {id=3424 t=OPEN f=0x0 trk=0 r=[0@Point(0, 0)] c=[{m=OPEN f=TRANSLUCENT|FILLS_TASK leash=Surface(name=ActivityRecord{174817516 u0 com.whatsapp/.status.playback.StatusPlaybackActivity t336})/@0xff32bde sb=Rect(0, 0 - 0, 0) eb=Rect(0, 0 - 1264, 2780) epz=Point(1264, 2780) d=-1->0 r=-1->0:-1 bc=ff303030 component=com.whatsapp/.status.playback.StatusPlaybackActivity opt={t=FROM_STYLE mUserId=0}}] 
03-01 10:05:01.974  5371  5405 V WindowManagerShell: extendInfo=[
03-01 10:05:01.974  5371  5405 V WindowManagerShell:  OplusTransitionExtendedInfo{mTmpFinishT=null, mInOplusCompatMode=false, mIsProcessRunning=false, mHasMismatchBoundsTarget=false, mRecentsController=null, mRemoteTransition=null, mIsTranslucentActivityToHome=false, mAvoidInterceptKeyEventToHome=false, mIsFromHome=false, mParentLeash=null, mBackAnimClosingLeash=null, mIsOplusAnimRes=false, mKeepBgForContinuous=false, mIsBalAllow=false, mTaskNotInRecent=false, mIsPredictiveBackAnim=false, mIsMergedWithPredictive=false, mIsLaunchFromSpruce=false, mIsLaunchFromDrive=false, mGlobalSearchPageSwitch=false, mNeedNoAlphaGlobalSearchScene=false, mAssistScreenShowing=false, mSwipeUpBrowserScreenShowing=false, mUserIdTransition=-1
03-01 10:05:01.974  5371  5405 V WindowManagerShell: , mInRemoteScene=false, mInPreReady=false, mPreStart=false, mToken=null, mAbortByRemoteFromHome=false, mShellApplyToken=null, mRequestTransitionTaskId=336, mAbortTransitionOnShell=0, mStartFromShortcut=false, mRemovedTaskId=-1, mTransitionInterruptType=0, mMergeSecondTaskId=-1, mTaskIdStartFromRecents=0, mTransitionId=3424, mCanUseSpringSlideAnim=false, mTransitionLaunchFrom=0, mFoldChangeType=-1, mAnimStartingPosition=[0, 0, 0, 0], mIsOpeningStkDialogActivity=false, mSecondaryHomeToFrontWhenUnFolding=false, mIsNeedApplyStartTForEmbedded=false
03-01 10:05:01.974  5371  5405 V WindowManagerShell: , mNeedCanvasExitAnim=false, mMergeSecondTaskAnimation=false, mIsLaunchUnityStart=false, mIsLaunchFromAssistantByDefault=false, mSkipRemoteTransitionfalse, mIsStartFromKeyguard=false flags=0x0, mWCT=null, mIsOpenMergeToInValidPredictive=false}]}
03-01 10:05:01.975  5371  5405 V WindowManagerShell: Transition doesn't have explicit remote, search filters for match for {id=3424 t=OPEN f=0x0 trk=0 r=[0@Point(0, 0)] c=[{m=OPEN f=TRANSLUCENT|FILLS_TASK leash=Surface(name=ActivityRecord{174817516 u0 com.whatsapp/.status.playback.StatusPlaybackActivity t336})/@0xff32bde sb=Rect(0, 0 - 0, 0) eb=Rect(0, 0 - 1264, 2780) epz=Point(1264, 2780) d=-1->0 r=-1->0:-1 bc=ff303030 component=com.whatsapp/.status.playback.StatusPlaybackActivity opt={t=FROM_STYLE mUserId=0}}] 
03-01 10:05:01.975  5371  5405 V WindowManagerShell: extendInfo=[
03-01 10:05:01.975  5371  5405 V WindowManagerShell:  OplusTransitionExtendedInfo{mTmpFinishT=null, mInOplusCompatMode=false, mIsProcessRunning=false, mHasMismatchBoundsTarget=false, mRecentsController=null, mRemoteTransition=null, mIsTranslucentActivityToHome=false, mAvoidInterceptKeyEventToHome=false, mIsFromHome=false, mParentLeash=null, mBackAnimClosingLeash=null, mIsOplusAnimRes=false, mKeepBgForContinuous=false, mIsBalAllow=false, mTaskNotInRecent=false, mIsPredictiveBackAnim=false, mIsMergedWithPredictive=false, mIsLaunchFromSpruce=false, mIsLaunchFromDrive=false, mGlobalSearchPageSwitch=false, mNeedNoAlphaGlobalSearchScene=false, mAssistScreenShowing=false, mSwipeUpBrowserScreenShowing=false, mUserIdTransition=-1
03-01 10:05:01.975  5371  5405 V WindowManagerShell: , mInRemoteScene=false, mInPreReady=false, mPreStart=false, mToken=null, mAbortByRemoteFromHome=false, mShellApplyToken=null, mRequestTransitionTaskId=336, mAbortTransitionOnShell=0, mStartFromShortcut=false, mRemovedTaskId=-1, mTransitionInterruptType=0, mMergeSecondTaskId=-1, mTaskIdStartFromRecents=0, mTransitionId=3424, mCanUseSpringSlideAnim=false, mTransitionLaunchFrom=0, mFoldChangeType=-1, mAnimStartingPosition=[0, 0, 0, 0], mIsOpeningStkDialogActivity=false, mSecondaryHomeToFrontWhenUnFolding=false, mIsNeedApplyStartTForEmbedded=false
03-01 10:05:01.975  5371  5405 V WindowManagerShell: , mNeedCanvasExitAnim=false, mMergeSecondTaskAnimation=false, mIsLaunchUnityStart=false, mIsLaunchFromAssistantByDefault=false, mSkipRemoteTransitionfalse, mIsStartFromKeyguard=false flags=0x0, mWCT=null, mIsOpenMergeToInValidPredictive=false}]}
03-01 10:05:01.975  5371  5405 V WindowManagerShell:  Checking filter Pair{{types=[] flags=0x0] notFlags=0x100 checks=[{atype=home independent=true modes=[OPEN,TO_FRONT] flags=NONE mustBeTask=false order=TOP topActivity=ComponentInfo{com.android.launcher/com.android.launcher.Launcher} launchCookie=null windowingMode=undefined},{atype=standard independent=true modes=[CLOSE,TO_BACK] flags=NONE mustBeTask=false order=ANY topActivity=null launchCookie=null windowingMode=undefined}]} RemoteTransition { remoteTransition = android.window.IRemoteTransition$Stub$Proxy@aa9224d, appThread = android.app.IApplicationThread$Stub$Proxy@7054102, debugName = QuickstepLaunchHome }}
03-01 10:05:01.975  5371  5405 V WindowManagerShell:  Delegate animation for (#3424) to null
03-01 10:05:01.975  5371  5405 V WindowManagerShell: start default transition animation, info = {id=3424 t=OPEN f=0x0 trk=0 r=[0@Point(0, 0)] c=[{m=OPEN f=TRANSLUCENT|FILLS_TASK leash=Surface(name=ActivityRecord{174817516 u0 com.whatsapp/.status.playback.StatusPlaybackActivity t336})/@0xff32bde sb=Rect(0, 0 - 0, 0) eb=Rect(0, 0 - 1264, 2780) epz=Point(1264, 2780) d=-1->0 r=-1->0:-1 bc=ff303030 component=com.whatsapp/.status.playback.StatusPlaybackActivity opt={t=FROM_STYLE mUserId=0}}] 
03-01 10:05:01.975  5371  5405 V WindowManagerShell: extendInfo=[
03-01 10:05:01.975  5371  5405 V WindowManagerShell:  OplusTransitionExtendedInfo{mTmpFinishT=null, mInOplusCompatMode=false, mIsProcessRunning=false, mHasMismatchBoundsTarget=false, mRecentsController=null, mRemoteTransition=null, mIsTranslucentActivityToHome=false, mAvoidInterceptKeyEventToHome=false, mIsFromHome=false, mParentLeash=null, mBackAnimClosingLeash=null, mIsOplusAnimRes=false, mKeepBgForContinuous=false, mIsBalAllow=false, mTaskNotInRecent=false, mIsPredictiveBackAnim=false, mIsMergedWithPredictive=false, mIsLaunchFromSpruce=false, mIsLaunchFromDrive=false, mGlobalSearchPageSwitch=false, mNeedNoAlphaGlobalSearchScene=false, mAssistScreenShowing=false, mSwipeUpBrowserScreenShowing=false, mUserIdTransition=-1
03-01 10:05:01.975  5371  5405 V WindowManagerShell: , mInRemoteScene=false, mInPreReady=false, mPreStart=false, mToken=null, mAbortByRemoteFromHome=false, mShellApplyToken=null, mRequestTransitionTaskId=336, mAbortTransitionOnShell=0, mStartFromShortcut=false, mRemovedTaskId=-1, mTransitionInterruptType=0, mMergeSecondTaskId=-1, mTaskIdStartFromRecents=0, mTransitionId=3424, mCanUseSpringSlideAnim=false, mTransitionLaunchFrom=0, mFoldChangeType=-1, mAnimStartingPosition=[0, 0, 0, 0], mIsOpeningStkDialogActivity=false, mSecondaryHomeToFrontWhenUnFolding=false, mIsNeedApplyStartTForEmbedded=false
03-01 10:05:01.975  5371  5405 V WindowManagerShell: , mNeedCanvasExitAnim=false, mMergeSecondTaskAnimation=false, mIsLaunchUnityStart=false, mIsLaunchFromAssistantByDefault=false, mSkipRemoteTransitionfalse, mIsStartFromKeyguard=false flags=0x0, mWCT=null, mIsOpenMergeToInValidPredictive=false}]}
03-01 10:05:01.975  3799  3872 I TaskOrganizerController: onTaskInfoChanged taskid 336 config { mBounds=Rect(0, 0 - 1264, 2780) mAppBounds=Rect(0, 0 - 1264, 2780) mMaxBounds=Rect(0, 0 - 1264, 2780) mDisplayRotation=ROTATION_0 mWindowingMode=fullscreen mActivityType=standard mAlwaysOnTop=undefined mRotation=ROTATION_0}
03-01 10:05:01.975  3799  3872 D OplusFlexibleDragToSplitAnimController: visibleFlexibleTaskInfos delete:336
03-01 10:05:01.975  3799  3872 E FlexibleWindowManagerService: notifyTaskObserverToAttachController not need to notify!
03-01 10:05:01.975  3799  3872 I FlexibleWindowManagerService: onFlexibleWindowTaskInfoChanged, return for cur task not embedded
03-01 10:05:01.975  5371  5405 V WindowManagerShell: loadAnimation: anim=android.view.animation.AnimationSet@38227ea animAttr=0x4 type=OPEN isEntrance=true
03-01 10:05:01.976  5371  5405 V WindowManagerShell:  animated by com.android.wm.shell.transition.DefaultTransitionHandler@2e2ef32
03-01 10:05:01.977  3799  3868 V WindowManager: Sent Transition (#3424) createdAt=03-01 10:05:01.929 via request=TransitionRequestInfo { type = OPEN, triggerTask = TaskInfo{userId=0 taskId=336 effectiveUid=10344 displayId=0 isRunning=true baseIntent=Intent { flg=0x10000000 cmp=com.whatsapp/.home.ui.HomeActivity mCallingUid=10344 } baseActivity=ComponentInfo{com.whatsapp/com.whatsapp.home.ui.HomeActivity} topActivity=ComponentInfo{com.whatsapp/com.whatsapp.status.playback.StatusPlaybackActivity} origActivity=null realActivity=ComponentInfo{com.whatsapp/com.whatsapp.home.ui.HomeActivity}
03-01 10:05:01.977  3799  3868 V WindowManager:  numActivities=2 lastActiveTime=207031879 supportsSplitScreenMultiWindow=true supportsMultiWindow=true supportsPocketStudioMultiWindow=true isInFlexibleEmbedded = false uid = 10344 pid = 0 resizeMode=1 isResizeable=true minWidth=-1 minHeight=-1 defaultMinSize=220 token=WCT{RemoteToken{d82a96e Task{7118ee6 #336 type=standard A=10344:com.whatsapp}}} topActivityType=1 pictureInPictureParams=null shouldDockBigOverlays=false launchIntoPipHostTaskId=-1 lastParentTaskIdBeforePip=-1 displayCutoutSafeInsets=Rect(0, 0 - 0, 0)
03-01 10:05:01.977  3799  3868 V WindowManager:  topActivityInfo=ActivityInfo{7fadaaa com.whatsapp.status.playback.StatusPlaybackActivity} launchCookies=[] positionInParent=Point(0, 0) parentTaskId=-1 isFocused=true isVisible=true isVisibleRequested=true isTopActivityNoDisplay=false isSleeping=false locusId=null displayAreaFeatureId=1 isTopActivityTransparent=true isActivityStackTransparent=false lastNonFullscreenBounds=Rect(323, 800 - 941, 2064) capturedLink=null capturedLinkTimestamp=0 requestedVisibleTypes=-9 topActivityRequestOpenInBrowserEducationTimestamp=0
03-01 10:05:01.977  3799  3868 V WindowManager:  appCompatTaskInfo=AppCompatTaskInfo { topActivityInSizeCompat=false topActivityInOplusCompatMode=false eligibleForLetterboxEducation= false isLetterboxEducationEnabled= false isLetterboxDoubleTapEnabled= false eligibleForUserAspectRatioButton= false topActivityBoundsLetterboxed= false isFromLetterboxDoubleTap= false topActivityLetterboxVerticalPosition= -1 topActivityLetterboxHorizontalPosition= -1 topActivityLetterboxWidth=-1 topActivityLetterboxHeight=-1 topActivityAppBounds=Rect(0, 0 - 1264, 2780) isUserFullscreenOverrideEnabled=false isSystemFullscreenOverrideEnabled=false hasMinAspectRatioOverride=false topActivityLetterboxBounds=null cameraCompatTaskInfo=CameraCompatTaskInfo { freeformCameraCompatMode=inactive}} topActivityMainWindowFrame=null topActivityLetterboxInsets=Rect(0, 0 - 0, 0)
03-01 10:05:01.977  3799  3868 V WindowManager:  mOplusExtraBundle = Bundle[{androidx.flexible.taskFrame=Rect(0, 0 - 0, 0), topOpaqueSystemBarsAppearance=0, androidx.flexible.Alpha=1.0, androidx.activity.task.attach.blur=0, androidx.activity.LaunchInsensible=0, androidx.activity.LaunchCornerRadius=0, key_flexible_task_state=0, topActivitySupportAppInnerSplit=false, key_flexible_task_animating_type=-1, key_flexible_task_root_activity_processname=com.whatsapp, androidx.activity.LaunchScenario=0, is_oplus_clone_task=false, flexible_super_mini_state=false, topRunningActivityHash=174817516, androidx.activity.LaunchScale=1.0, androidx.activity.LaunchShadowRadius=0, is_transient_hide_for_task_info=false, key_flexible_task_root_activity_pid=23885, key_flexible_task_root_activity_uid=10344}]}, pipChange = null, remoteTransition = null, displayChange = null, flags = 0, debugId = 3424 }
03-01 10:05:01.977  3799  3868 V WindowManager:     startWCT=WindowContainerTransaction { changes= {} hops= [] errorCallbackToken=null taskFragmentOrganizer=null }
03-01 10:05:01.977  3799  3868 V WindowManager:     info={id=3424 t=OPEN f=0x0 trk=0 r=[0@Point(0, 0)] c=[
03-01 10:05:01.977  3799  3868 V WindowManager:         {m=OPEN f=TRANSLUCENT|FILLS_TASK leash=Surface(name=ActivityRecord{174817516 u0 com.whatsapp/.status.playback.StatusPlaybackActivity t336})/@0xca2329e sb=Rect(0, 0 - 0, 0) eb=Rect(0, 0 - 1264, 2780) epz=Point(1264, 2780) d=-1->0 r=-1->0:-1 bc=ff303030 component=com.whatsapp/.status.playback.StatusPlaybackActivity opt={t=FROM_STYLE mUserId=0}}
03-01 10:05:01.977  3799  3868 V WindowManager:     ] 
03-01 10:05:01.977  3799  3868 V WindowManager: extendInfo=[
03-01 10:05:01.977  3799  3868 V WindowManager:  OplusTransitionExtendedInfo{mTmpFinishT=null, mInOplusCompatMode=false, mIsProcessRunning=false, mHasMismatchBoundsTarget=false, mRecentsController=null, mRemoteTransition=null, mIsTranslucentActivityToHome=false, mAvoidInterceptKeyEventToHome=false, mIsFromHome=false, mParentLeash=null, mBackAnimClosingLeash=null, mIsOplusAnimRes=false, mKeepBgForContinuous=false, mIsBalAllow=false, mTaskNotInRecent=false, mIsPredictiveBackAnim=false, mIsMergedWithPredictive=false, mIsLaunchFromSpruce=false, mIsLaunchFromDrive=false, mGlobalSearchPageSwitch=false, mNeedNoAlphaGlobalSearchScene=false, mAssistScreenShowing=false, mSwipeUpBrowserScreenShowing=false, mUserIdTransition=-1
03-01 10:05:01.977  3799  3868 V WindowManager: , mInRemoteScene=false, mInPreReady=false, mPreStart=false, mToken=null, mAbortByRemoteFromHome=false, mShellApplyToken=null, mRequestTransitionTaskId=336, mAbortTransitionOnShell=0, mStartFromShortcut=false, mRemovedTaskId=-1, mTransitionInterruptType=0, mMergeSecondTaskId=-1, mTaskIdStartFromRecents=0, mTransitionId=3424, mCanUseSpringSlideAnim=false, mTransitionLaunchFrom=0, mFoldChangeType=-1, mAnimStartingPosition=[0, 0, 0, 0], mIsOpeningStkDialogActivity=false, mSecondaryHomeToFrontWhenUnFolding=false, mIsNeedApplyStartTForEmbedded=false
03-01 10:05:01.977  3799  3868 V WindowManager: , mNeedCanvasExitAnim=false, mMergeSecondTaskAnimation=false, mIsLaunchUnityStart=false, mIsLaunchFromAssistantByDefault=false, mSkipRemoteTransitionfalse, mIsStartFromKeyguard=false flags=0x0, mWCT=null, mIsOpenMergeToInValidPredictive=false}]}
03-01 10:05:01.978  3799  5939 I BLASTSyncEngine: onCommitted syncId: 3424, timeout: false ran: false
03-01 10:05:01.979 23885 23885 W VRI[StatusPlaybackActivity]: handleResized, msg:, frameChanged:false, configChanged:false, displayChanged:false, attachedFrameChanged:false, compatScaleChanged:false, pendingDragResizing=false
03-01 10:05:01.981  5371  5371 W VRI[NavigationBar_displayId_0]: handleResized abandoned!
03-01 10:05:01.981  5371  5567 W VRI[ScreenDecorOverlay]: handleResized abandoned!
03-01 10:05:01.982  5371  5567 W VRI[ScreenDecorOverlayBottom]: handleResized abandoned!
03-01 10:05:01.984 23885 23885 D VRI[StatusPlaybackActivity]: relayoutWindow result, sizeChanged:false, surfaceControlChanged:false, transformHintChanged:false, mSurfaceSize:Point(1264, 2780), mLastSurfaceSize:Point(1264, 2780), mWidth:1264, mHeight:2780, requestedWidth:1264, requestedHeight:2780, transformHint:0, installOrientation:0, displayRotation:0, isSurfaceValid:true, attr.flag:-1988033152, tmpFrames:ClientWindowFrames{frame=[0,0][1264,2780] display=[0,0][1264,2780] parentFrame=[0,0][1264,2780]}, relayoutAsync:true, mSyncSeqId:0
03-01 10:05:01.984 23885 23885 W VRI[StatusPlaybackActivity]: updateBlastSurfaceIfNeeded, surfaceSize:Point(1264, 2780), lastSurfaceSize:Point(1264, 2780), format:-2, blastBufferQueue:android.graphics.BLASTBufferQueue@6067c42
03-01 10:05:01.984  3799  5416 V WindowManager: Relayout Window{5807d25 u0 com.whatsapp/com.whatsapp.status.playback.StatusPlaybackActivity}: viewVisibility=0, oldvis=0, req=1264x2780 , apr = 0, vsysui=LAYOUT_STABLE LAYOUT_HIDE_NAVIGATION, x=0, y=0
03-01 10:05:02.003 23885 23885 W VRI[HomeActivity]: handleResized abandoned!
03-01 10:05:02.003 23885 23885 W VRI[StatusPlaybackActivity]: handleResized abandoned!
03-01 10:05:02.018  3799  4710 D InputMethodManagerService: isSecurity: attribute.packageName = com.whatsapp mCurMethodId = com.google.android.inputmethod.latin/com.android.inputmethod.latin.LatinIME isSecurity = false ( enable = false needShow = false inBlackList = false isExist = true )
03-01 10:05:02.018  3799  5939 I AS.FadeOutManager: unfadeOutUid() uid:10344
03-01 10:05:02.019  3799  3885 I UserAwareMgr: fg app status not changed, beforeVisible: true, currentVisible: true
03-01 10:05:02.020  3799  5416 W PackageConfigPersister: App-specific configuration not found for packageName: com.whatsapp and userId: 0
03-01 10:05:02.184  3799  5416 E AppOps  : attributionTag  not declared in manifest of com.whatsapp
03-01 10:05:02.184  3799  3885 W QosScheduler: executeSceneQosStrategy failed! qos feature no enable
03-01 10:05:02.184  3799  3885 W QosScheduler: executeSceneQosStrategy failed! qos feature no enable
03-01 10:05:02.185  3799  5939 E AppOps  : attributionTag  not declared in manifest of com.whatsapp
03-01 10:05:02.231  5371  5405 V WindowManagerShell: Transition animation finished (aborted=false), notifying core (#3424) android.os.BinderProxy@6a32263@0
03-01 10:05:02.231  5371  5405 D SplitScreen-->AppLockManager: setStartFromSafeControl mStartFromSafeControl=false
03-01 10:05:02.232  3799  5772 D Transition: finishTransition ar ActivityRecord{174817516 u0 com.whatsapp/.status.playback.StatusPlaybackActivity t336}, isVisibleRequested=true, state=RESUMED, visibleAtTransitionEndTokens={ActivityRecord{174817516 u0 com.whatsapp/.status.playback.StatusPlaybackActivity t336}}, this=TransitionRecord{596b386 id=3424 track=0 type=OPEN flags=0x0 state=2 c=[
03-01 10:05:02.232  3799  5772 D Transition:    ChangeInfo{b817447 container=Task{7118ee6 #336 type=standard A=10344:com.whatsapp} flags=0x0}
03-01 10:05:02.232  3799  5772 D Transition:    ChangeInfo{d765474 container=DefaultTaskDisplayArea@165361358 flags=0x0}
03-01 10:05:02.232  3799  5772 D Transition:    ChangeInfo{bcc7720 container=ActivityRecord{174817516 u0 com.whatsapp/.status.playback.StatusPlaybackActivity t336} flags=0x0}
03-01 10:05:02.232  3799  5772 D Transition:    ChangeInfo{ed57d9d container=Display{#0 state=ON size=1264x2780 ROTATION_0} flags=0x0}
03-01 10:05:02.232  3799  5772 D Transition: ]
03-01 10:05:02.232  3799  5772 D Transition: }
03-01 10:05:02.232  3799  5772 I OplusAppSwitchManagerService:  handleAppVisible , r = ActivityRecord{174817516 u0 com.whatsapp/.status.playback.StatusPlaybackActivity t336}
03-01 10:05:02.232  3799  5772 D OplusTransitionController: finishTransition, transition: TransitionRecord{596b386 id=3424 track=0 type=OPEN flags=0x0 state=4 c=[
